Component: ARM Compiler 5.06 update 3 (build 300) Tool: armlink [4d35c9]

==============================================================================

Section Cross References

    bsp.o(i.BSP_Accelerometer_Init) refers to bsp.o(i.adcinit) for adcinit
    bsp.o(i.BSP_Buzzer_Init) refers to bsp.o(.data) for ClockFrequency
    bsp.o(i.BSP_Buzzer_Set) refers to bsp.o(.data) for PWMCycles
    bsp.o(i.BSP_Clock_GetFreq) refers to bsp.o(.data) for ClockFrequency
    bsp.o(i.BSP_Clock_InitFastest) refers to bsp.o(.data) for ClockFrequency
    bsp.o(i.BSP_Delay1ms) refers to bsp.o(.emb_text) for parrotdelay
    bsp.o(i.BSP_Joystick_Init) refers to bsp.o(i.adcinit) for adcinit
    bsp.o(i.BSP_LCD_DrawBitmap) refers to bsp.o(i.setAddrWindow) for setAddrWindow
    bsp.o(i.BSP_LCD_DrawBitmap) refers to bsp.o(i.writedata) for writedata
    bsp.o(i.BSP_LCD_DrawBitmap) refers to bsp.o(.data) for _width
    bsp.o(i.BSP_LCD_DrawChar) refers to bsp.o(i.setAddrWindow) for setAddrWindow
    bsp.o(i.BSP_LCD_DrawChar) refers to bsp.o(i.pushColor) for pushColor
    bsp.o(i.BSP_LCD_DrawChar) refers to bsp.o(.data) for _width
    bsp.o(i.BSP_LCD_DrawChar) refers to bsp.o(.constdata) for Font
    bsp.o(i.BSP_LCD_DrawCharS) refers to bsp.o(i.BSP_LCD_DrawPixel) for BSP_LCD_DrawPixel
    bsp.o(i.BSP_LCD_DrawCharS) refers to bsp.o(i.BSP_LCD_FillRect) for BSP_LCD_FillRect
    bsp.o(i.BSP_LCD_DrawCharS) refers to bsp.o(.data) for _width
    bsp.o(i.BSP_LCD_DrawCharS) refers to bsp.o(.constdata) for Font
    bsp.o(i.BSP_LCD_DrawFastHLine) refers to bsp.o(i.setAddrWindow) for setAddrWindow
    bsp.o(i.BSP_LCD_DrawFastHLine) refers to bsp.o(i.writedata) for writedata
    bsp.o(i.BSP_LCD_DrawFastHLine) refers to bsp.o(.data) for _width
    bsp.o(i.BSP_LCD_DrawFastVLine) refers to bsp.o(i.setAddrWindow) for setAddrWindow
    bsp.o(i.BSP_LCD_DrawFastVLine) refers to bsp.o(i.writedata) for writedata
    bsp.o(i.BSP_LCD_DrawFastVLine) refers to bsp.o(.data) for _width
    bsp.o(i.BSP_LCD_DrawPixel) refers to bsp.o(i.setAddrWindow) for setAddrWindow
    bsp.o(i.BSP_LCD_DrawPixel) refers to bsp.o(i.pushColor) for pushColor
    bsp.o(i.BSP_LCD_DrawPixel) refers to bsp.o(.data) for _width
    bsp.o(i.BSP_LCD_DrawString) refers to bsp.o(i.BSP_LCD_DrawChar) for BSP_LCD_DrawChar
    bsp.o(i.BSP_LCD_Drawaxes) refers to bsp.o(i.BSP_LCD_FillRect) for BSP_LCD_FillRect
    bsp.o(i.BSP_LCD_Drawaxes) refers to bsp.o(i.BSP_LCD_DrawFastHLine) for BSP_LCD_DrawFastHLine
    bsp.o(i.BSP_LCD_Drawaxes) refers to bsp.o(i.BSP_LCD_DrawFastVLine) for BSP_LCD_DrawFastVLine
    bsp.o(i.BSP_LCD_Drawaxes) refers to bsp.o(i.BSP_LCD_DrawPixel) for BSP_LCD_DrawPixel
    bsp.o(i.BSP_LCD_Drawaxes) refers to bsp.o(i.BSP_LCD_DrawChar) for BSP_LCD_DrawChar
    bsp.o(i.BSP_LCD_Drawaxes) refers to bsp.o(.data) for Ymax
    bsp.o(i.BSP_LCD_FillRect) refers to bsp.o(i.setAddrWindow) for setAddrWindow
    bsp.o(i.BSP_LCD_FillRect) refers to bsp.o(i.writedata) for writedata
    bsp.o(i.BSP_LCD_FillRect) refers to bsp.o(.data) for _width
    bsp.o(i.BSP_LCD_FillScreen) refers to bsp.o(i.BSP_LCD_FillRect) for BSP_LCD_FillRect
    bsp.o(i.BSP_LCD_FillScreen) refers to bsp.o(.data) for _height
    bsp.o(i.BSP_LCD_Init) refers to bsp.o(i.ST7735_InitR) for ST7735_InitR
    bsp.o(i.BSP_LCD_OutUDec) refers to bsp.o(i.fillmessage) for fillmessage
    bsp.o(i.BSP_LCD_OutUDec) refers to bsp.o(i.BSP_LCD_DrawString) for BSP_LCD_DrawString
    bsp.o(i.BSP_LCD_OutUDec) refers to bsp.o(i.BSP_LCD_DrawChar) for BSP_LCD_DrawChar
    bsp.o(i.BSP_LCD_OutUDec) refers to bsp.o(.data) for StTextColor
    bsp.o(i.BSP_LCD_OutUDec) refers to bsp.o(.bss) for Message
    bsp.o(i.BSP_LCD_OutUDec4) refers to bsp.o(i.fillmessage4) for fillmessage4
    bsp.o(i.BSP_LCD_OutUDec4) refers to bsp.o(i.BSP_LCD_DrawString) for BSP_LCD_DrawString
    bsp.o(i.BSP_LCD_OutUDec4) refers to bsp.o(i.BSP_LCD_DrawChar) for BSP_LCD_DrawChar
    bsp.o(i.BSP_LCD_OutUDec4) refers to bsp.o(.data) for Messageindex
    bsp.o(i.BSP_LCD_OutUDec4) refers to bsp.o(.bss) for Message
    bsp.o(i.BSP_LCD_OutUDec5) refers to bsp.o(i.fillmessage5) for fillmessage5
    bsp.o(i.BSP_LCD_OutUDec5) refers to bsp.o(i.BSP_LCD_DrawString) for BSP_LCD_DrawString
    bsp.o(i.BSP_LCD_OutUDec5) refers to bsp.o(i.BSP_LCD_DrawChar) for BSP_LCD_DrawChar
    bsp.o(i.BSP_LCD_OutUDec5) refers to bsp.o(.data) for Messageindex
    bsp.o(i.BSP_LCD_OutUDec5) refers to bsp.o(.bss) for Message
    bsp.o(i.BSP_LCD_OutUFix2_1) refers to bsp.o(i.fillmessage2_1) for fillmessage2_1
    bsp.o(i.BSP_LCD_OutUFix2_1) refers to bsp.o(i.BSP_LCD_DrawString) for BSP_LCD_DrawString
    bsp.o(i.BSP_LCD_OutUFix2_1) refers to bsp.o(i.BSP_LCD_DrawChar) for BSP_LCD_DrawChar
    bsp.o(i.BSP_LCD_OutUFix2_1) refers to bsp.o(.data) for StY
    bsp.o(i.BSP_LCD_OutUFix2_1) refers to bsp.o(.bss) for Message
    bsp.o(i.BSP_LCD_OutUHex2) refers to bsp.o(i.fillmessage2_Hex) for fillmessage2_Hex
    bsp.o(i.BSP_LCD_OutUHex2) refers to bsp.o(i.BSP_LCD_DrawString) for BSP_LCD_DrawString
    bsp.o(i.BSP_LCD_OutUHex2) refers to bsp.o(i.BSP_LCD_DrawChar) for BSP_LCD_DrawChar
    bsp.o(i.BSP_LCD_OutUHex2) refers to bsp.o(.data) for StY
    bsp.o(i.BSP_LCD_OutUHex2) refers to bsp.o(.bss) for Message
    bsp.o(i.BSP_LCD_PlotIncrement) refers to bsp.o(i.BSP_LCD_DrawFastVLine) for BSP_LCD_DrawFastVLine
    bsp.o(i.BSP_LCD_PlotIncrement) refers to bsp.o(.data) for TimeIndex
    bsp.o(i.BSP_LCD_PlotPoint) refers to bsp.o(i.BSP_LCD_DrawPixel) for BSP_LCD_DrawPixel
    bsp.o(i.BSP_LCD_PlotPoint) refers to bsp.o(.data) for Ymin
    bsp.o(i.BSP_LCD_SetCursor) refers to bsp.o(.data) for StX
    bsp.o(i.BSP_LightSensor_End) refers to bsp.o(i.lightsensorstart) for lightsensorstart
    bsp.o(i.BSP_LightSensor_End) refers to bsp.o(i.lightsensorend) for lightsensorend
    bsp.o(i.BSP_LightSensor_End) refers to bsp.o(.data) for LightBusy
    bsp.o(i.BSP_LightSensor_Init) refers to bsp.o(i.i2cinit) for i2cinit
    bsp.o(i.BSP_LightSensor_Input) refers to bsp.o(i.lightsensorstart) for lightsensorstart
    bsp.o(i.BSP_LightSensor_Input) refers to bsp.o(i.lightsensorend) for lightsensorend
    bsp.o(i.BSP_LightSensor_Input) refers to bsp.o(.data) for LightBusy
    bsp.o(i.BSP_LightSensor_Start) refers to bsp.o(i.lightsensorstart) for lightsensorstart
    bsp.o(i.BSP_LightSensor_Start) refers to bsp.o(.data) for LightBusy
    bsp.o(i.BSP_Microphone_Init) refers to bsp.o(i.adcinit) for adcinit
    bsp.o(i.BSP_PeriodicTask_Init) refers to startup_tm4c123.o(.text) for StartCritical
    bsp.o(i.BSP_PeriodicTask_Init) refers to bsp.o(.data) for PeriodicTask
    bsp.o(i.BSP_PeriodicTask_InitB) refers to startup_tm4c123.o(.text) for StartCritical
    bsp.o(i.BSP_PeriodicTask_InitB) refers to bsp.o(.data) for PeriodicTaskB
    bsp.o(i.BSP_PeriodicTask_InitC) refers to startup_tm4c123.o(.text) for StartCritical
    bsp.o(i.BSP_PeriodicTask_InitC) refers to bsp.o(.data) for PeriodicTaskC
    bsp.o(i.BSP_RGB_D_Init) refers to bsp.o(i.BSP_RGB_D_Set) for BSP_RGB_D_Set
    bsp.o(i.BSP_RGB_Init) refers to bsp.o(.data) for ClockFrequency
    bsp.o(i.BSP_RGB_Set) refers to bsp.o(.data) for PWMCycles
    bsp.o(i.BSP_TempSensor_End) refers to bsp.o(i.tempsensorstart) for tempsensorstart
    bsp.o(i.BSP_TempSensor_End) refers to bsp.o(i.tempsensorend) for tempsensorend
    bsp.o(i.BSP_TempSensor_End) refers to bsp.o(.data) for TempBusy
    bsp.o(i.BSP_TempSensor_Init) refers to bsp.o(i.i2cinit) for i2cinit
    bsp.o(i.BSP_TempSensor_Input) refers to bsp.o(i.tempsensorstart) for tempsensorstart
    bsp.o(i.BSP_TempSensor_Input) refers to bsp.o(i.tempsensorend) for tempsensorend
    bsp.o(i.BSP_TempSensor_Input) refers to bsp.o(.data) for TempBusy
    bsp.o(i.BSP_TempSensor_Start) refers to bsp.o(i.tempsensorstart) for tempsensorstart
    bsp.o(i.BSP_TempSensor_Start) refers to bsp.o(.data) for TempBusy
    bsp.o(i.BSP_Time_Init) refers to startup_tm4c123.o(.text) for EndCritical
    bsp.o(i.ST7735_InitR) refers to bsp.o(i.commonInit) for commonInit
    bsp.o(i.ST7735_InitR) refers to bsp.o(i.commandList) for commandList
    bsp.o(i.ST7735_InitR) refers to bsp.o(i.writecommand) for writecommand
    bsp.o(i.ST7735_InitR) refers to bsp.o(i.writedata) for writedata
    bsp.o(i.ST7735_InitR) refers to bsp.o(i.BSP_LCD_SetCursor) for BSP_LCD_SetCursor
    bsp.o(i.ST7735_InitR) refers to bsp.o(i.BSP_LCD_FillScreen) for BSP_LCD_FillScreen
    bsp.o(i.ST7735_InitR) refers to bsp.o(.constdata) for Rcmd1
    bsp.o(i.ST7735_InitR) refers to bsp.o(.data) for ColStart
    bsp.o(i.WideTimer3A_Handler) refers to bsp.o(.data) for PeriodicTaskC
    bsp.o(i.WideTimer4A_Handler) refers to bsp.o(.data) for PeriodicTaskB
    bsp.o(i.WideTimer5A_Handler) refers to bsp.o(.data) for PeriodicTask
    bsp.o(i.commandList) refers to bsp.o(i.writecommand) for writecommand
    bsp.o(i.commandList) refers to bsp.o(i.writedata) for writedata
    bsp.o(i.commandList) refers to bsp.o(i.BSP_Delay1ms) for BSP_Delay1ms
    bsp.o(i.commonInit) refers to bsp.o(i.BSP_Delay1ms) for BSP_Delay1ms
    bsp.o(i.commonInit) refers to bsp.o(i.commandList) for commandList
    bsp.o(i.commonInit) refers to bsp.o(.data) for RowStart
    bsp.o(i.fillmessage) refers to bsp.o(.bss) for Message
    bsp.o(i.fillmessage) refers to bsp.o(.data) for Messageindex
    bsp.o(i.fillmessage2_1) refers to bsp.o(.bss) for Message
    bsp.o(i.fillmessage2_Hex) refers to bsp.o(.bss) for Message
    bsp.o(i.fillmessage4) refers to bsp.o(i.fillmessage) for fillmessage
    bsp.o(i.fillmessage4) refers to bsp.o(.data) for Messageindex
    bsp.o(i.fillmessage4) refers to bsp.o(.bss) for Message
    bsp.o(i.fillmessage5) refers to bsp.o(i.fillmessage) for fillmessage
    bsp.o(i.fillmessage5) refers to bsp.o(.data) for Messageindex
    bsp.o(i.fillmessage5) refers to bsp.o(.bss) for Message
    bsp.o(i.lightsensorend) refers to bsp.o(i.I2C_Send1) for I2C_Send1
    bsp.o(i.lightsensorend) refers to bsp.o(i.I2C_Recv2) for I2C_Recv2
    bsp.o(i.lightsensorend) refers to bsp.o(i.I2C_Send3) for I2C_Send3
    bsp.o(i.lightsensorstart) refers to bsp.o(i.I2C_Send3) for I2C_Send3
    bsp.o(i.lightsensorstart) refers to bsp.o(i.I2C_Recv2) for I2C_Recv2
    bsp.o(i.pushColor) refers to bsp.o(i.writedata) for writedata
    bsp.o(i.setAddrWindow) refers to bsp.o(i.writecommand) for writecommand
    bsp.o(i.setAddrWindow) refers to bsp.o(i.writedata) for writedata
    bsp.o(i.setAddrWindow) refers to bsp.o(.data) for ColStart
    bsp.o(i.tempsensorend) refers to bsp.o(i.I2C_Send1) for I2C_Send1
    bsp.o(i.tempsensorend) refers to bsp.o(i.I2C_Recv2) for I2C_Recv2
    bsp.o(i.tempsensorstart) refers to bsp.o(i.I2C_Send3) for I2C_Send3
    bsptestmain.o(i.checkbuttons) refers to bsp.o(i.BSP_Buzzer_Set) for BSP_Buzzer_Set
    bsptestmain.o(i.checkbuttons) refers to bsp.o(i.BSP_Joystick_Input) for BSP_Joystick_Input
    bsptestmain.o(i.checkbuttons) refers to bsp.o(i.BSP_Accelerometer_Input) for BSP_Accelerometer_Input
    bsptestmain.o(i.checkbuttons) refers to bsp.o(i.BSP_Button1_Input) for BSP_Button1_Input
    bsptestmain.o(i.checkbuttons) refers to bsp.o(i.BSP_Button2_Input) for BSP_Button2_Input
    bsptestmain.o(i.checkbuttons) refers to bsp.o(i.BSP_RGB_Set) for BSP_RGB_Set
    bsptestmain.o(i.checkbuttons) refers to bsptestmain.o(.data) for JoyY
    bsptestmain.o(i.main) refers to startup_tm4c123.o(.text) for DisableInterrupts
    bsptestmain.o(i.main) refers to bsp.o(i.BSP_Clock_InitFastest) for BSP_Clock_InitFastest
    bsptestmain.o(i.main) refers to bsp.o(i.BSP_Button1_Init) for BSP_Button1_Init
    bsptestmain.o(i.main) refers to bsp.o(i.BSP_Button2_Init) for BSP_Button2_Init
    bsptestmain.o(i.main) refers to bsp.o(i.BSP_Joystick_Init) for BSP_Joystick_Init
    bsptestmain.o(i.main) refers to bsp.o(i.BSP_RGB_Init) for BSP_RGB_Init
    bsptestmain.o(i.main) refers to bsp.o(i.BSP_Buzzer_Init) for BSP_Buzzer_Init
    bsptestmain.o(i.main) refers to bsp.o(i.BSP_Accelerometer_Init) for BSP_Accelerometer_Init
    bsptestmain.o(i.main) refers to bsp.o(i.BSP_PeriodicTask_Init) for BSP_PeriodicTask_Init
    bsptestmain.o(i.main) refers to bsp.o(i.BSP_Time_Init) for BSP_Time_Init
    bsptestmain.o(i.main) refers to bsp.o(i.BSP_LCD_Init) for BSP_LCD_Init
    bsptestmain.o(i.main) refers to bsp.o(i.BSP_LCD_Color565) for BSP_LCD_Color565
    bsptestmain.o(i.main) refers to bsp.o(i.BSP_LCD_FillScreen) for BSP_LCD_FillScreen
    bsptestmain.o(i.main) refers to bsp.o(i.BSP_LightSensor_Init) for BSP_LightSensor_Init
    bsptestmain.o(i.main) refers to bsp.o(i.BSP_LightSensor_Input) for BSP_LightSensor_Input
    bsptestmain.o(i.main) refers to bsp.o(i.BSP_LightSensor_Start) for BSP_LightSensor_Start
    bsptestmain.o(i.main) refers to bsp.o(i.BSP_TempSensor_Init) for BSP_TempSensor_Init
    bsptestmain.o(i.main) refers to bsp.o(i.BSP_TempSensor_Input) for BSP_TempSensor_Input
    bsptestmain.o(i.main) refers to bsp.o(i.BSP_TempSensor_Start) for BSP_TempSensor_Start
    bsptestmain.o(i.main) refers to bsp.o(i.BSP_LCD_DrawString) for BSP_LCD_DrawString
    bsptestmain.o(i.main) refers to bsp.o(i.BSP_LCD_SetCursor) for BSP_LCD_SetCursor
    bsptestmain.o(i.main) refers to bsp.o(i.BSP_LCD_OutUDec) for BSP_LCD_OutUDec
    bsptestmain.o(i.main) refers to bsp.o(i.BSP_LightSensor_End) for BSP_LightSensor_End
    bsptestmain.o(i.main) refers to bsptestmain.o(i.numlength) for numlength
    bsptestmain.o(i.main) refers to bsp.o(i.BSP_TempSensor_End) for BSP_TempSensor_End
    bsptestmain.o(i.main) refers to bsptestmain.o(i.checkbuttons) for checkbuttons
    bsptestmain.o(i.main) refers to bsptestmain.o(.data) for Red
    bsptestmain.o(i.main) refers to bsp.o(i.BSP_Time_Get) for BSP_Time_Get
    startup_tm4c123.o(STACK) refers (Special) to heapauxi.o(.text) for __use_two_region_memory
    startup_tm4c123.o(HEAP) refers (Special) to heapauxi.o(.text) for __use_two_region_memory
    startup_tm4c123.o(RESET) refers (Special) to heapauxi.o(.text) for __use_two_region_memory
    startup_tm4c123.o(RESET) refers to startup_tm4c123.o(STACK) for __initial_sp
    startup_tm4c123.o(RESET) refers to startup_tm4c123.o(.text) for Reset_Handler
    startup_tm4c123.o(RESET) refers to bsp.o(i.WideTimer3A_Handler) for WideTimer3A_Handler
    startup_tm4c123.o(RESET) refers to bsp.o(i.WideTimer4A_Handler) for WideTimer4A_Handler
    startup_tm4c123.o(RESET) refers to bsp.o(i.WideTimer5A_Handler) for WideTimer5A_Handler
    startup_tm4c123.o(.text) refers (Special) to heapauxi.o(.text) for __use_two_region_memory
    startup_tm4c123.o(.text) refers to __main.o(!!!main) for __main
    startup_tm4c123.o(.text) refers to startup_tm4c123.o(HEAP) for Heap_Mem
    startup_tm4c123.o(.text) refers to startup_tm4c123.o(STACK) for Stack_Mem
    system_tm4c123.o(i.SystemCoreClockUpdate) refers to system_tm4c123.o(i.getOscClk) for getOscClk
    system_tm4c123.o(i.SystemCoreClockUpdate) refers to system_tm4c123.o(.data) for SystemCoreClock
    __main.o(!!!main) refers to __rtentry.o(.ARM.Collect$$rtentry$$00000000) for __rt_entry
    __rtentry.o(.ARM.Collect$$rtentry$$00000000) refers (Special) to __rtentry2.o(.ARM.Collect$$rtentry$$0000000A) for __rt_entry_li
    __rtentry.o(.ARM.Collect$$rtentry$$00000000) refers (Special) to __rtentry2.o(.ARM.Collect$$rtentry$$0000000D) for __rt_entry_main
    __rtentry.o(.ARM.Collect$$rtentry$$00000000) refers (Special) to __rtentry2.o(.ARM.Collect$$rtentry$$0000000C) for __rt_entry_postli_1
    __rtentry.o(.ARM.Collect$$rtentry$$00000000) refers (Special) to __rtentry2.o(.ARM.Collect$$rtentry$$00000009) for __rt_entry_postsh_1
    __rtentry.o(.ARM.Collect$$rtentry$$00000000) refers (Special) to __rtentry2.o(.ARM.Collect$$rtentry$$00000002) for __rt_entry_presh_1
    __rtentry.o(.ARM.Collect$$rtentry$$00000000) refers (Special) to __rtentry4.o(.ARM.Collect$$rtentry$$00000004) for __rt_entry_sh
    __rtentry2.o(.ARM.Collect$$rtentry$$00000008) refers to boardinit2.o(.text) for _platform_post_stackheap_init
    __rtentry2.o(.ARM.Collect$$rtentry$$0000000A) refers to libinit.o(.ARM.Collect$$libinit$$00000000) for __rt_lib_init
    __rtentry2.o(.ARM.Collect$$rtentry$$0000000B) refers to boardinit3.o(.text) for _platform_post_lib_init
    __rtentry2.o(.ARM.Collect$$rtentry$$0000000D) refers to bsptestmain.o(i.main) for main
    __rtentry2.o(.ARM.Collect$$rtentry$$0000000D) refers to exit.o(.text) for exit
    __rtentry2.o(.ARM.exidx) refers to __rtentry2.o(.ARM.Collect$$rtentry$$00000001) for .ARM.Collect$$rtentry$$00000001
    __rtentry2.o(.ARM.exidx) refers to __rtentry2.o(.ARM.Collect$$rtentry$$00000008) for .ARM.Collect$$rtentry$$00000008
    __rtentry2.o(.ARM.exidx) refers to __rtentry2.o(.ARM.Collect$$rtentry$$0000000A) for .ARM.Collect$$rtentry$$0000000A
    __rtentry2.o(.ARM.exidx) refers to __rtentry2.o(.ARM.Collect$$rtentry$$0000000B) for .ARM.Collect$$rtentry$$0000000B
    __rtentry2.o(.ARM.exidx) refers to __rtentry2.o(.ARM.Collect$$rtentry$$0000000D) for .ARM.Collect$$rtentry$$0000000D
    __rtentry4.o(.ARM.Collect$$rtentry$$00000004) refers to sys_stackheap_outer.o(.text) for __user_setup_stackheap
    __rtentry4.o(.ARM.exidx) refers to __rtentry4.o(.ARM.Collect$$rtentry$$00000004) for .ARM.Collect$$rtentry$$00000004
    sys_stackheap_outer.o(.text) refers to libspace.o(.text) for __user_perproc_libspace
    sys_stackheap_outer.o(.text) refers to startup_tm4c123.o(.text) for __user_initial_stackheap
    exit.o(.text) refers to rtexit.o(.ARM.Collect$$rtexit$$00000000) for __rt_exit
    libinit.o(.ARM.Collect$$libinit$$00000000) refers (Special) to libinit2.o(.ARM.Collect$$libinit$$0000002E) for __rt_lib_init_alloca_1
    libinit.o(.ARM.Collect$$libinit$$00000000) refers (Special) to libinit2.o(.ARM.Collect$$libinit$$0000002C) for __rt_lib_init_argv_1
    libinit.o(.ARM.Collect$$libinit$$00000000) refers (Special) to libinit2.o(.ARM.Collect$$libinit$$0000001B) for __rt_lib_init_atexit_1
    libinit.o(.ARM.Collect$$libinit$$00000000) refers (Special) to libinit2.o(.ARM.Collect$$libinit$$00000021) for __rt_lib_init_clock_1
    libinit.o(.ARM.Collect$$libinit$$00000000) refers (Special) to libinit2.o(.ARM.Collect$$libinit$$00000032) for __rt_lib_init_cpp_1
    libinit.o(.ARM.Collect$$libinit$$00000000) refers (Special) to libinit2.o(.ARM.Collect$$libinit$$00000030) for __rt_lib_init_exceptions_1
    libinit.o(.ARM.Collect$$libinit$$00000000) refers (Special) to libinit2.o(.ARM.Collect$$libinit$$00000002) for __rt_lib_init_fp_1
    libinit.o(.ARM.Collect$$libinit$$00000000) refers (Special) to libinit2.o(.ARM.Collect$$libinit$$0000001F) for __rt_lib_init_fp_trap_1
    libinit.o(.ARM.Collect$$libinit$$00000000) refers (Special) to libinit2.o(.ARM.Collect$$libinit$$00000023) for __rt_lib_init_getenv_1
    libinit.o(.ARM.Collect$$libinit$$00000000) refers (Special) to libinit2.o(.ARM.Collect$$libinit$$0000000A) for __rt_lib_init_heap_1
    libinit.o(.ARM.Collect$$libinit$$00000000) refers (Special) to libinit2.o(.ARM.Collect$$libinit$$00000011) for __rt_lib_init_lc_collate_1
    libinit.o(.ARM.Collect$$libinit$$00000000) refers (Special) to libinit2.o(.ARM.Collect$$libinit$$00000013) for __rt_lib_init_lc_ctype_1
    libinit.o(.ARM.Collect$$libinit$$00000000) refers (Special) to libinit2.o(.ARM.Collect$$libinit$$00000015) for __rt_lib_init_lc_monetary_1
    libinit.o(.ARM.Collect$$libinit$$00000000) refers (Special) to libinit2.o(.ARM.Collect$$libinit$$00000017) for __rt_lib_init_lc_numeric_1
    libinit.o(.ARM.Collect$$libinit$$00000000) refers (Special) to libinit2.o(.ARM.Collect$$libinit$$00000019) for __rt_lib_init_lc_time_1
    libinit.o(.ARM.Collect$$libinit$$00000000) refers (Special) to libinit2.o(.ARM.Collect$$libinit$$00000004) for __rt_lib_init_preinit_1
    libinit.o(.ARM.Collect$$libinit$$00000000) refers (Special) to libinit2.o(.ARM.Collect$$libinit$$0000000E) for __rt_lib_init_rand_1
    libinit.o(.ARM.Collect$$libinit$$00000000) refers (Special) to libinit2.o(.ARM.Collect$$libinit$$00000033) for __rt_lib_init_return
    libinit.o(.ARM.Collect$$libinit$$00000000) refers (Special) to libinit2.o(.ARM.Collect$$libinit$$0000001D) for __rt_lib_init_signal_1
    libinit.o(.ARM.Collect$$libinit$$00000000) refers (Special) to libinit2.o(.ARM.Collect$$libinit$$00000025) for __rt_lib_init_stdio_1
    libinit.o(.ARM.Collect$$libinit$$00000000) refers (Special) to libinit2.o(.ARM.Collect$$libinit$$0000000C) for __rt_lib_init_user_alloc_1
    libspace.o(.text) refers to libspace.o(.bss) for __libspace_start
    rtexit.o(.ARM.Collect$$rtexit$$00000000) refers (Special) to rtexit2.o(.ARM.Collect$$rtexit$$00000004) for __rt_exit_exit
    rtexit.o(.ARM.Collect$$rtexit$$00000000) refers (Special) to rtexit2.o(.ARM.Collect$$rtexit$$00000003) for __rt_exit_ls
    rtexit.o(.ARM.Collect$$rtexit$$00000000) refers (Special) to rtexit2.o(.ARM.Collect$$rtexit$$00000002) for __rt_exit_prels_1
    rtexit.o(.ARM.exidx) refers (Special) to rtexit2.o(.ARM.Collect$$rtexit$$00000004) for __rt_exit_exit
    rtexit.o(.ARM.exidx) refers (Special) to rtexit2.o(.ARM.Collect$$rtexit$$00000003) for __rt_exit_ls
    rtexit.o(.ARM.exidx) refers (Special) to rtexit2.o(.ARM.Collect$$rtexit$$00000002) for __rt_exit_prels_1
    rtexit.o(.ARM.exidx) refers to rtexit.o(.ARM.Collect$$rtexit$$00000000) for .ARM.Collect$$rtexit$$00000000
    libinit2.o(.ARM.Collect$$libinit$$00000010) refers to libinit2.o(.ARM.Collect$$libinit$$0000000F) for .ARM.Collect$$libinit$$0000000F
    libinit2.o(.ARM.Collect$$libinit$$00000012) refers to libinit2.o(.ARM.Collect$$libinit$$0000000F) for .ARM.Collect$$libinit$$0000000F
    libinit2.o(.ARM.Collect$$libinit$$00000014) refers to libinit2.o(.ARM.Collect$$libinit$$0000000F) for .ARM.Collect$$libinit$$0000000F
    libinit2.o(.ARM.Collect$$libinit$$00000016) refers to libinit2.o(.ARM.Collect$$libinit$$0000000F) for .ARM.Collect$$libinit$$0000000F
    libinit2.o(.ARM.Collect$$libinit$$00000018) refers to libinit2.o(.ARM.Collect$$libinit$$0000000F) for .ARM.Collect$$libinit$$0000000F
    libinit2.o(.ARM.Collect$$libinit$$00000026) refers to argv_veneer.o(.emb_text) for __ARM_argv_veneer
    libinit2.o(.ARM.Collect$$libinit$$00000027) refers to argv_veneer.o(.emb_text) for __ARM_argv_veneer
    rtexit2.o(.ARM.Collect$$rtexit$$00000003) refers to libshutdown.o(.ARM.Collect$$libshutdown$$00000000) for __rt_lib_shutdown
    rtexit2.o(.ARM.Collect$$rtexit$$00000004) refers to sys_exit.o(.text) for _sys_exit
    rtexit2.o(.ARM.exidx) refers to rtexit2.o(.ARM.Collect$$rtexit$$00000001) for .ARM.Collect$$rtexit$$00000001
    rtexit2.o(.ARM.exidx) refers to rtexit2.o(.ARM.Collect$$rtexit$$00000003) for .ARM.Collect$$rtexit$$00000003
    rtexit2.o(.ARM.exidx) refers to rtexit2.o(.ARM.Collect$$rtexit$$00000004) for .ARM.Collect$$rtexit$$00000004
    argv_veneer.o(.emb_text) refers to no_argv.o(.text) for __ARM_get_argv
    sys_exit.o(.text) refers (Special) to use_no_semi.o(.text) for __I$use$semihosting
    sys_exit.o(.text) refers (Special) to indicate_semi.o(.text) for __semihosting_library_function
    _get_argv_nomalloc.o(.text) refers (Special) to hrguard.o(.text) for __heap_region$guard
    _get_argv_nomalloc.o(.text) refers to defsig_rtmem_outer.o(.text) for __rt_SIGRTMEM
    _get_argv_nomalloc.o(.text) refers to sys_command.o(.text) for _sys_command_string
    libshutdown.o(.ARM.Collect$$libshutdown$$00000000) refers (Special) to libshutdown2.o(.ARM.Collect$$libshutdown$$00000002) for __rt_lib_shutdown_cpp_1
    libshutdown.o(.ARM.Collect$$libshutdown$$00000000) refers (Special) to libshutdown2.o(.ARM.Collect$$libshutdown$$00000007) for __rt_lib_shutdown_fp_trap_1
    libshutdown.o(.ARM.Collect$$libshutdown$$00000000) refers (Special) to libshutdown2.o(.ARM.Collect$$libshutdown$$0000000F) for __rt_lib_shutdown_heap_1
    libshutdown.o(.ARM.Collect$$libshutdown$$00000000) refers (Special) to libshutdown2.o(.ARM.Collect$$libshutdown$$00000010) for __rt_lib_shutdown_return
    libshutdown.o(.ARM.Collect$$libshutdown$$00000000) refers (Special) to libshutdown2.o(.ARM.Collect$$libshutdown$$0000000A) for __rt_lib_shutdown_signal_1
    libshutdown.o(.ARM.Collect$$libshutdown$$00000000) refers (Special) to libshutdown2.o(.ARM.Collect$$libshutdown$$00000004) for __rt_lib_shutdown_stdio_1
    libshutdown.o(.ARM.Collect$$libshutdown$$00000000) refers (Special) to libshutdown2.o(.ARM.Collect$$libshutdown$$0000000C) for __rt_lib_shutdown_user_alloc_1
    sys_command.o(.text) refers (Special) to use_no_semi.o(.text) for __I$use$semihosting
    sys_command.o(.text) refers (Special) to indicate_semi.o(.text) for __semihosting_library_function
    defsig_rtmem_outer.o(.text) refers to defsig_rtmem_inner.o(.text) for __rt_SIGRTMEM_inner
    defsig_rtmem_outer.o(.text) refers to defsig_exit.o(.text) for __sig_exit
    defsig_rtmem_formal.o(.text) refers to rt_raise.o(.text) for __rt_raise
    rt_raise.o(.text) refers to __raise.o(.text) for __raise
    rt_raise.o(.text) refers to sys_exit.o(.text) for _sys_exit
    defsig_exit.o(.text) refers to sys_exit.o(.text) for _sys_exit
    defsig_rtmem_inner.o(.text) refers to defsig_general.o(.text) for __default_signal_display
    __raise.o(.text) refers to defsig.o(CL$$defsig) for __default_signal_handler
    defsig_general.o(.text) refers to sys_wrch.o(.text) for _ttywrch
    sys_wrch.o(.text) refers (Special) to use_no_semi.o(.text) for __I$use$semihosting
    sys_wrch.o(.text) refers (Special) to indicate_semi.o(.text) for __semihosting_library_function
    defsig.o(CL$$defsig) refers to defsig_rtmem_inner.o(.text) for __rt_SIGRTMEM_inner
    defsig_abrt_inner.o(.text) refers to defsig_general.o(.text) for __default_signal_display
    defsig_fpe_inner.o(.text) refers to defsig_general.o(.text) for __default_signal_display
    defsig_rtred_inner.o(.text) refers to defsig_general.o(.text) for __default_signal_display
    defsig_stak_inner.o(.text) refers to defsig_general.o(.text) for __default_signal_display
    defsig_pvfn_inner.o(.text) refers to defsig_general.o(.text) for __default_signal_display
    defsig_cppl_inner.o(.text) refers to defsig_general.o(.text) for __default_signal_display
    defsig_segv_inner.o(.text) refers to defsig_general.o(.text) for __default_signal_display
    defsig_other.o(.text) refers to defsig_general.o(.text) for __default_signal_display


==============================================================================

Removing Unused input sections from the image.

    Removing bsp.o(i.BSP_Clock_GetFreq), (12 bytes).
    Removing bsp.o(i.BSP_LCD_DrawBitmap), (288 bytes).
    Removing bsp.o(i.BSP_LCD_DrawCharS), (248 bytes).
    Removing bsp.o(i.BSP_LCD_DrawFastHLine), (124 bytes).
    Removing bsp.o(i.BSP_LCD_DrawFastVLine), (124 bytes).
    Removing bsp.o(i.BSP_LCD_DrawPixel), (72 bytes).
    Removing bsp.o(i.BSP_LCD_Drawaxes), (292 bytes).
    Removing bsp.o(i.BSP_LCD_OutUDec4), (136 bytes).
    Removing bsp.o(i.BSP_LCD_OutUDec5), (136 bytes).
    Removing bsp.o(i.BSP_LCD_OutUFix2_1), (112 bytes).
    Removing bsp.o(i.BSP_LCD_OutUHex2), (112 bytes).
    Removing bsp.o(i.BSP_LCD_PlotIncrement), (56 bytes).
    Removing bsp.o(i.BSP_LCD_PlotPoint), (100 bytes).
    Removing bsp.o(i.BSP_LCD_SwapColor), (18 bytes).
    Removing bsp.o(i.BSP_Microphone_Init), (172 bytes).
    Removing bsp.o(i.BSP_Microphone_Input), (44 bytes).
    Removing bsp.o(i.BSP_PeriodicTask_InitB), (188 bytes).
    Removing bsp.o(i.BSP_PeriodicTask_InitC), (188 bytes).
    Removing bsp.o(i.BSP_PeriodicTask_Restart), (24 bytes).
    Removing bsp.o(i.BSP_PeriodicTask_Stop), (24 bytes).
    Removing bsp.o(i.BSP_PeriodicTask_StopB), (24 bytes).
    Removing bsp.o(i.BSP_PeriodicTask_StopC), (24 bytes).
    Removing bsp.o(i.BSP_RGB_D_Init), (344 bytes).
    Removing bsp.o(i.BSP_RGB_D_Set), (64 bytes).
    Removing bsp.o(i.BSP_RGB_D_Toggle), (60 bytes).
    Removing bsp.o(i.fillmessage2_1), (96 bytes).
    Removing bsp.o(i.fillmessage2_Hex), (84 bytes).
    Removing bsp.o(i.fillmessage4), (100 bytes).
    Removing bsp.o(i.fillmessage5), (128 bytes).
    Removing system_tm4c123.o(.rev16_text), (4 bytes).
    Removing system_tm4c123.o(.revsh_text), (4 bytes).
    Removing system_tm4c123.o(.rrx_text), (6 bytes).
    Removing system_tm4c123.o(i.SystemCoreClockUpdate), (196 bytes).
    Removing system_tm4c123.o(i.SystemInit), (136 bytes).
    Removing system_tm4c123.o(i.getOscClk), (248 bytes).
    Removing system_tm4c123.o(.data), (4 bytes).

36 unused section(s) (total 3992 bytes) removed from the image.

==============================================================================

Image Symbol Table

    Local Symbols

    Symbol Name                              Value     Ov Type        Size  Object(Section)

    RESET                                    0x00000000   Section      620  startup_tm4c123.o(RESET)
    ../clib/angel/boardlib.s                 0x00000000   Number         0  boardinit2.o ABSOLUTE
    ../clib/angel/boardlib.s                 0x00000000   Number         0  boardinit3.o ABSOLUTE
    ../clib/angel/boardlib.s                 0x00000000   Number         0  boardinit1.o ABSOLUTE
    ../clib/angel/boardlib.s                 0x00000000   Number         0  boardshut.o ABSOLUTE
    ../clib/angel/handlers.s                 0x00000000   Number         0  __scatter_zi.o ABSOLUTE
    ../clib/angel/handlers.s                 0x00000000   Number         0  __scatter_copy.o ABSOLUTE
    ../clib/angel/kernel.s                   0x00000000   Number         0  __rtentry4.o ABSOLUTE
    ../clib/angel/kernel.s                   0x00000000   Number         0  __rtentry2.o ABSOLUTE
    ../clib/angel/kernel.s                   0x00000000   Number         0  __rtentry.o ABSOLUTE
    ../clib/angel/kernel.s                   0x00000000   Number         0  rtexit.o ABSOLUTE
    ../clib/angel/kernel.s                   0x00000000   Number         0  rtexit2.o ABSOLUTE
    ../clib/angel/rt.s                       0x00000000   Number         0  rt_raise.o ABSOLUTE
    ../clib/angel/scatter.s                  0x00000000   Number         0  __scatter.o ABSOLUTE
    ../clib/angel/startup.s                  0x00000000   Number         0  __main.o ABSOLUTE
    ../clib/angel/sys.s                      0x00000000   Number         0  sys_stackheap_outer.o ABSOLUTE
    ../clib/angel/sys.s                      0x00000000   Number         0  libspace.o ABSOLUTE
    ../clib/angel/sys.s                      0x00000000   Number         0  use_no_semi.o ABSOLUTE
    ../clib/angel/sys.s                      0x00000000   Number         0  indicate_semi.o ABSOLUTE
    ../clib/angel/sysapp.c                   0x00000000   Number         0  sys_command.o ABSOLUTE
    ../clib/angel/sysapp.c                   0x00000000   Number         0  sys_wrch.o ABSOLUTE
    ../clib/angel/sysapp.c                   0x00000000   Number         0  sys_exit.o ABSOLUTE
    ../clib/armsys.c                         0x00000000   Number         0  no_argv.o ABSOLUTE
    ../clib/armsys.c                         0x00000000   Number         0  _get_argv_nomalloc.o ABSOLUTE
    ../clib/armsys.c                         0x00000000   Number         0  argv_veneer.o ABSOLUTE
    ../clib/armsys.c                         0x00000000   Number         0  argv_veneer.o ABSOLUTE
    ../clib/heapalloc.c                      0x00000000   Number         0  hrguard.o ABSOLUTE
    ../clib/heapaux.c                        0x00000000   Number         0  heapauxi.o ABSOLUTE
    ../clib/libinit.s                        0x00000000   Number         0  libshutdown.o ABSOLUTE
    ../clib/libinit.s                        0x00000000   Number         0  libshutdown2.o ABSOLUTE
    ../clib/libinit.s                        0x00000000   Number         0  libinit.o ABSOLUTE
    ../clib/libinit.s                        0x00000000   Number         0  libinit2.o ABSOLUTE
    ../clib/signal.c                         0x00000000   Number         0  defsig_rtmem_outer.o ABSOLUTE
    ../clib/signal.c                         0x00000000   Number         0  defsig_rtmem_formal.o ABSOLUTE
    ../clib/signal.c                         0x00000000   Number         0  __raise.o ABSOLUTE
    ../clib/signal.c                         0x00000000   Number         0  defsig_general.o ABSOLUTE
    ../clib/signal.c                         0x00000000   Number         0  defsig_rtmem_inner.o ABSOLUTE
    ../clib/signal.c                         0x00000000   Number         0  defsig_exit.o ABSOLUTE
    ../clib/signal.c                         0x00000000   Number         0  defsig_other.o ABSOLUTE
    ../clib/signal.c                         0x00000000   Number         0  defsig_segv_inner.o ABSOLUTE
    ../clib/signal.c                         0x00000000   Number         0  defsig_cppl_inner.o ABSOLUTE
    ../clib/signal.c                         0x00000000   Number         0  defsig_pvfn_inner.o ABSOLUTE
    ../clib/signal.c                         0x00000000   Number         0  defsig_rtred_inner.o ABSOLUTE
    ../clib/signal.c                         0x00000000   Number         0  defsig_fpe_inner.o ABSOLUTE
    ../clib/signal.c                         0x00000000   Number         0  defsig_abrt_inner.o ABSOLUTE
    ../clib/signal.c                         0x00000000   Number         0  defsig_stak_inner.o ABSOLUTE
    ../clib/signal.s                         0x00000000   Number         0  defsig.o ABSOLUTE
    ../clib/stdlib.c                         0x00000000   Number         0  exit.o ABSOLUTE
    ../fplib/fpinit.s                        0x00000000   Number         0  fpinit.o ABSOLUTE
    ..\\inc\\BSP.c                           0x00000000   Number         0  bsp.o ABSOLUTE
    ..\inc\BSP.c                             0x00000000   Number         0  bsp.o ABSOLUTE
    BSPTestMain.c                            0x00000000   Number         0  bsptestmain.o ABSOLUTE
    RTE\Device\TM4C123GH6PM\startup_TM4C123.s 0x00000000   Number         0  startup_tm4c123.o ABSOLUTE
    RTE\Device\TM4C123GH6PM\system_TM4C123.c 0x00000000   Number         0  system_tm4c123.o ABSOLUTE
    RTE\\Device\\TM4C123GH6PM\\system_TM4C123.c 0x00000000   Number         0  system_tm4c123.o ABSOLUTE
    dc.s                                     0x00000000   Number         0  dc.o ABSOLUTE
    !!!main                                  0x0000026c   Section        8  __main.o(!!!main)
    !!!scatter                               0x00000274   Section       52  __scatter.o(!!!scatter)
    !!handler_copy                           0x000002a8   Section       26  __scatter_copy.o(!!handler_copy)
    !!handler_zi                             0x000002c4   Section       28  __scatter_zi.o(!!handler_zi)
    .ARM.Collect$$libinit$$00000000          0x000002e0   Section        2  libinit.o(.ARM.Collect$$libinit$$00000000)
    .ARM.Collect$$libinit$$00000002          0x000002e2   Section        0  libinit2.o(.ARM.Collect$$libinit$$00000002)
    .ARM.Collect$$libinit$$00000004          0x000002e2   Section        0  libinit2.o(.ARM.Collect$$libinit$$00000004)
    .ARM.Collect$$libinit$$0000000A          0x000002e2   Section        0  libinit2.o(.ARM.Collect$$libinit$$0000000A)
    .ARM.Collect$$libinit$$0000000C          0x000002e2   Section        0  libinit2.o(.ARM.Collect$$libinit$$0000000C)
    .ARM.Collect$$libinit$$0000000E          0x000002e2   Section        0  libinit2.o(.ARM.Collect$$libinit$$0000000E)
    .ARM.Collect$$libinit$$00000011          0x000002e2   Section        0  libinit2.o(.ARM.Collect$$libinit$$00000011)
    .ARM.Collect$$libinit$$00000013          0x000002e2   Section        0  libinit2.o(.ARM.Collect$$libinit$$00000013)
    .ARM.Collect$$libinit$$00000015          0x000002e2   Section        0  libinit2.o(.ARM.Collect$$libinit$$00000015)
    .ARM.Collect$$libinit$$00000017          0x000002e2   Section        0  libinit2.o(.ARM.Collect$$libinit$$00000017)
    .ARM.Collect$$libinit$$00000019          0x000002e2   Section        0  libinit2.o(.ARM.Collect$$libinit$$00000019)
    .ARM.Collect$$libinit$$0000001B          0x000002e2   Section        0  libinit2.o(.ARM.Collect$$libinit$$0000001B)
    .ARM.Collect$$libinit$$0000001D          0x000002e2   Section        0  libinit2.o(.ARM.Collect$$libinit$$0000001D)
    .ARM.Collect$$libinit$$0000001F          0x000002e2   Section        0  libinit2.o(.ARM.Collect$$libinit$$0000001F)
    .ARM.Collect$$libinit$$00000021          0x000002e2   Section        0  libinit2.o(.ARM.Collect$$libinit$$00000021)
    .ARM.Collect$$libinit$$00000023          0x000002e2   Section        0  libinit2.o(.ARM.Collect$$libinit$$00000023)
    .ARM.Collect$$libinit$$00000025          0x000002e2   Section        0  libinit2.o(.ARM.Collect$$libinit$$00000025)
    .ARM.Collect$$libinit$$0000002C          0x000002e2   Section        0  libinit2.o(.ARM.Collect$$libinit$$0000002C)
    .ARM.Collect$$libinit$$0000002E          0x000002e2   Section        0  libinit2.o(.ARM.Collect$$libinit$$0000002E)
    .ARM.Collect$$libinit$$00000030          0x000002e2   Section        0  libinit2.o(.ARM.Collect$$libinit$$00000030)
    .ARM.Collect$$libinit$$00000032          0x000002e2   Section        0  libinit2.o(.ARM.Collect$$libinit$$00000032)
    .ARM.Collect$$libinit$$00000033          0x000002e2   Section        2  libinit2.o(.ARM.Collect$$libinit$$00000033)
    .ARM.Collect$$libshutdown$$00000000      0x000002e4   Section        2  libshutdown.o(.ARM.Collect$$libshutdown$$00000000)
    .ARM.Collect$$libshutdown$$00000002      0x000002e6   Section        0  libshutdown2.o(.ARM.Collect$$libshutdown$$00000002)
    .ARM.Collect$$libshutdown$$00000004      0x000002e6   Section        0  libshutdown2.o(.ARM.Collect$$libshutdown$$00000004)
    .ARM.Collect$$libshutdown$$00000007      0x000002e6   Section        0  libshutdown2.o(.ARM.Collect$$libshutdown$$00000007)
    .ARM.Collect$$libshutdown$$0000000A      0x000002e6   Section        0  libshutdown2.o(.ARM.Collect$$libshutdown$$0000000A)
    .ARM.Collect$$libshutdown$$0000000C      0x000002e6   Section        0  libshutdown2.o(.ARM.Collect$$libshutdown$$0000000C)
    .ARM.Collect$$libshutdown$$0000000F      0x000002e6   Section        0  libshutdown2.o(.ARM.Collect$$libshutdown$$0000000F)
    .ARM.Collect$$libshutdown$$00000010      0x000002e6   Section        2  libshutdown2.o(.ARM.Collect$$libshutdown$$00000010)
    .ARM.Collect$$rtentry$$00000000          0x000002e8   Section        0  __rtentry.o(.ARM.Collect$$rtentry$$00000000)
    .ARM.Collect$$rtentry$$00000002          0x000002e8   Section        0  __rtentry2.o(.ARM.Collect$$rtentry$$00000002)
    .ARM.Collect$$rtentry$$00000004          0x000002e8   Section        6  __rtentry4.o(.ARM.Collect$$rtentry$$00000004)
    .ARM.Collect$$rtentry$$00000009          0x000002ee   Section        0  __rtentry2.o(.ARM.Collect$$rtentry$$00000009)
    .ARM.Collect$$rtentry$$0000000A          0x000002ee   Section        4  __rtentry2.o(.ARM.Collect$$rtentry$$0000000A)
    .ARM.Collect$$rtentry$$0000000C          0x000002f2   Section        0  __rtentry2.o(.ARM.Collect$$rtentry$$0000000C)
    .ARM.Collect$$rtentry$$0000000D          0x000002f2   Section        8  __rtentry2.o(.ARM.Collect$$rtentry$$0000000D)
    .ARM.Collect$$rtexit$$00000000           0x000002fa   Section        2  rtexit.o(.ARM.Collect$$rtexit$$00000000)
    .ARM.Collect$$rtexit$$00000002           0x000002fc   Section        0  rtexit2.o(.ARM.Collect$$rtexit$$00000002)
    .ARM.Collect$$rtexit$$00000003           0x000002fc   Section        4  rtexit2.o(.ARM.Collect$$rtexit$$00000003)
    .ARM.Collect$$rtexit$$00000004           0x00000300   Section        6  rtexit2.o(.ARM.Collect$$rtexit$$00000004)
    .emb_text                                0x00000308   Section        6  bsp.o(.emb_text)
    .text                                    0x00000310   Section      292  startup_tm4c123.o(.text)
    .text                                    0x00000434   Section        0  heapauxi.o(.text)
    .text                                    0x0000043a   Section       74  sys_stackheap_outer.o(.text)
    .text                                    0x00000484   Section        0  exit.o(.text)
    .text                                    0x00000498   Section        8  libspace.o(.text)
    .text                                    0x000004a0   Section        0  sys_exit.o(.text)
    .text                                    0x000004ac   Section        2  use_no_semi.o(.text)
    .text                                    0x000004ae   Section        0  indicate_semi.o(.text)
    i.BSP_Accelerometer_Init                 0x000004b0   Section        0  bsp.o(i.BSP_Accelerometer_Init)
    i.BSP_Accelerometer_Input                0x00000560   Section        0  bsp.o(i.BSP_Accelerometer_Input)
    i.BSP_Button1_Init                       0x000005a8   Section        0  bsp.o(i.BSP_Button1_Init)
    i.BSP_Button1_Input                      0x00000628   Section        0  bsp.o(i.BSP_Button1_Input)
    i.BSP_Button2_Init                       0x00000634   Section        0  bsp.o(i.BSP_Button2_Init)
    i.BSP_Button2_Input                      0x000006c4   Section        0  bsp.o(i.BSP_Button2_Input)
    i.BSP_Buzzer_Init                        0x000006d0   Section        0  bsp.o(i.BSP_Buzzer_Init)
    i.BSP_Buzzer_Set                         0x000007a4   Section        0  bsp.o(i.BSP_Buzzer_Set)
    i.BSP_Clock_InitFastest                  0x000007c4   Section        0  bsp.o(i.BSP_Clock_InitFastest)
    i.BSP_Delay1ms                           0x00000850   Section        0  bsp.o(i.BSP_Delay1ms)
    i.BSP_Joystick_Init                      0x00000868   Section        0  bsp.o(i.BSP_Joystick_Init)
    i.BSP_Joystick_Input                     0x00000998   Section        0  bsp.o(i.BSP_Joystick_Input)
    i.BSP_LCD_Color565                       0x000009d8   Section        0  bsp.o(i.BSP_LCD_Color565)
    i.BSP_LCD_DrawChar                       0x000009f0   Section        0  bsp.o(i.BSP_LCD_DrawChar)
    i.BSP_LCD_DrawString                     0x00000b00   Section        0  bsp.o(i.BSP_LCD_DrawString)
    i.BSP_LCD_FillRect                       0x00000b58   Section        0  bsp.o(i.BSP_LCD_FillRect)
    i.BSP_LCD_FillScreen                     0x00000c04   Section        0  bsp.o(i.BSP_LCD_FillScreen)
    i.BSP_LCD_Init                           0x00000c28   Section        0  bsp.o(i.BSP_LCD_Init)
    i.BSP_LCD_OutUDec                        0x00000c34   Section        0  bsp.o(i.BSP_LCD_OutUDec)
    i.BSP_LCD_SetCursor                      0x00000cc4   Section        0  bsp.o(i.BSP_LCD_SetCursor)
    i.BSP_LightSensor_End                    0x00000ce4   Section        0  bsp.o(i.BSP_LightSensor_End)
    i.BSP_LightSensor_Init                   0x00000d28   Section        0  bsp.o(i.BSP_LightSensor_Init)
    i.BSP_LightSensor_Input                  0x00000d7c   Section        0  bsp.o(i.BSP_LightSensor_Input)
    i.BSP_LightSensor_Start                  0x00000db0   Section        0  bsp.o(i.BSP_LightSensor_Start)
    i.BSP_PeriodicTask_Init                  0x00000dcc   Section        0  bsp.o(i.BSP_PeriodicTask_Init)
    i.BSP_RGB_Init                           0x00000e8c   Section        0  bsp.o(i.BSP_RGB_Init)
    i.BSP_RGB_Set                            0x000010cc   Section        0  bsp.o(i.BSP_RGB_Set)
    i.BSP_TempSensor_End                     0x0000111c   Section        0  bsp.o(i.BSP_TempSensor_End)
    i.BSP_TempSensor_Init                    0x00001168   Section        0  bsp.o(i.BSP_TempSensor_Init)
    i.BSP_TempSensor_Input                   0x000011bc   Section        0  bsp.o(i.BSP_TempSensor_Input)
    i.BSP_TempSensor_Start                   0x000011f8   Section        0  bsp.o(i.BSP_TempSensor_Start)
    i.BSP_Time_Get                           0x00001214   Section        0  bsp.o(i.BSP_Time_Get)
    i.BSP_Time_Init                          0x00001224   Section        0  bsp.o(i.BSP_Time_Init)
    i.I2C_Recv2                              0x00001288   Section        0  bsp.o(i.I2C_Recv2)
    I2C_Recv2                                0x00001289   Thumb Code   116  bsp.o(i.I2C_Recv2)
    i.I2C_Send1                              0x00001300   Section        0  bsp.o(i.I2C_Send1)
    I2C_Send1                                0x00001301   Thumb Code    68  bsp.o(i.I2C_Send1)
    i.I2C_Send3                              0x00001348   Section        0  bsp.o(i.I2C_Send3)
    I2C_Send3                                0x00001349   Thumb Code   170  bsp.o(i.I2C_Send3)
    i.ST7735_InitR                           0x000013f8   Section        0  bsp.o(i.ST7735_InitR)
    ST7735_InitR                             0x000013f9   Thumb Code    86  bsp.o(i.ST7735_InitR)
    i.WideTimer3A_Handler                    0x0000146c   Section        0  bsp.o(i.WideTimer3A_Handler)
    i.WideTimer4A_Handler                    0x00001484   Section        0  bsp.o(i.WideTimer4A_Handler)
    i.WideTimer5A_Handler                    0x0000149c   Section        0  bsp.o(i.WideTimer5A_Handler)
    i.adcinit                                0x000014b4   Section        0  bsp.o(i.adcinit)
    adcinit                                  0x000014b5   Thumb Code    58  bsp.o(i.adcinit)
    i.checkbuttons                           0x00001500   Section        0  bsptestmain.o(i.checkbuttons)
    i.commandList                            0x00001740   Section        0  bsp.o(i.commandList)
    commandList                              0x00001741   Thumb Code    86  bsp.o(i.commandList)
    i.commonInit                             0x00001798   Section        0  bsp.o(i.commonInit)
    commonInit                               0x00001799   Thumb Code   452  bsp.o(i.commonInit)
    i.fillmessage                            0x0000199c   Section        0  bsp.o(i.fillmessage)
    fillmessage                              0x0000199d   Thumb Code    64  bsp.o(i.fillmessage)
    i.i2cinit                                0x000019e4   Section        0  bsp.o(i.i2cinit)
    i2cinit                                  0x000019e5   Thumb Code   126  bsp.o(i.i2cinit)
    i.lightsensorend                         0x00001a78   Section        0  bsp.o(i.lightsensorend)
    lightsensorend                           0x00001a79   Thumb Code    80  bsp.o(i.lightsensorend)
    i.lightsensorstart                       0x00001ac8   Section        0  bsp.o(i.lightsensorstart)
    lightsensorstart                         0x00001ac9   Thumb Code    36  bsp.o(i.lightsensorstart)
    i.main                                   0x00001aec   Section        0  bsptestmain.o(i.main)
    i.numlength                              0x00002280   Section        0  bsptestmain.o(i.numlength)
    i.pushColor                              0x000022f4   Section        0  bsp.o(i.pushColor)
    pushColor                                0x000022f5   Thumb Code    18  bsp.o(i.pushColor)
    i.setAddrWindow                          0x00002308   Section        0  bsp.o(i.setAddrWindow)
    setAddrWindow                            0x00002309   Thumb Code   106  bsp.o(i.setAddrWindow)
    i.tempsensorend                          0x0000237c   Section        0  bsp.o(i.tempsensorend)
    tempsensorend                            0x0000237d   Thumb Code    68  bsp.o(i.tempsensorend)
    i.tempsensorstart                        0x000023c0   Section        0  bsp.o(i.tempsensorstart)
    tempsensorstart                          0x000023c1   Thumb Code    18  bsp.o(i.tempsensorstart)
    i.writecommand                           0x000023d4   Section        0  bsp.o(i.writecommand)
    writecommand                             0x000023d5   Thumb Code    62  bsp.o(i.writecommand)
    i.writedata                              0x0000241c   Section        0  bsp.o(i.writedata)
    writedata                                0x0000241d   Thumb Code    64  bsp.o(i.writedata)
    .constdata                               0x00002464   Section     1403  bsp.o(.constdata)
    Font                                     0x00002464   Data        1275  bsp.o(.constdata)
    Rcmd1                                    0x0000295f   Data          59  bsp.o(.constdata)
    Rcmd2green                               0x0000299a   Data          13  bsp.o(.constdata)
    Rcmd2red                                 0x000029a7   Data          13  bsp.o(.constdata)
    Rcmd3                                    0x000029b4   Data          43  bsp.o(.constdata)
    .data                                    0x20000000   Section       68  bsp.o(.data)
    ClockFrequency                           0x20000000   Data           4  bsp.o(.data)
    PWMCycles                                0x20000004   Data           2  bsp.o(.data)
    ColStart                                 0x20000012   Data           1  bsp.o(.data)
    RowStart                                 0x20000013   Data           1  bsp.o(.data)
    _width                                   0x20000014   Data           2  bsp.o(.data)
    _height                                  0x20000016   Data           2  bsp.o(.data)
    .data                                    0x20000044   Section       20  bsptestmain.o(.data)
    prev1                                    0x20000054   Data           1  bsptestmain.o(.data)
    prev2                                    0x20000055   Data           1  bsptestmain.o(.data)
    prevS                                    0x20000056   Data           1  bsptestmain.o(.data)
    mode                                     0x20000057   Data           1  bsptestmain.o(.data)
    .bss                                     0x20000058   Section       12  bsp.o(.bss)
    .bss                                     0x20000064   Section       96  libspace.o(.bss)
    HEAP                                     0x200000c8   Section        0  startup_tm4c123.o(HEAP)
    STACK                                    0x200000c8   Section      512  startup_tm4c123.o(STACK)
    Heap_Mem                                 0x200000c8   Data           0  startup_tm4c123.o(HEAP)
    Stack_Mem                                0x200000c8   Data         512  startup_tm4c123.o(STACK)
    __initial_sp                             0x200002c8   Data           0  startup_tm4c123.o(STACK)

    Global Symbols

    Symbol Name                              Value     Ov Type        Size  Object(Section)

    BuildAttributes$$THM_ISAv4$E$P$D$K$B$S$7EM$PE$A:L22UL41UL21$X:L11$S22US41US21$IEEE1$IW$USESV6$~STKCKD$USESV7$~SHL$OSPACE$ROPI$EBA8$UX$STANDARDLIB$REQ8$PRES8$EABIv2 0x00000000   Number         0  anon$$obj.o ABSOLUTE
    __ARM_use_no_argv                        0x00000000   Number         0  bsptestmain.o ABSOLUTE
    __Vectors                                0x00000000   Data           4  startup_tm4c123.o(RESET)
    __ARM_exceptions_init                     - Undefined Weak Reference
    __alloca_initialize                       - Undefined Weak Reference
    __arm_preinit_                            - Undefined Weak Reference
    __cpp_initialize__aeabi_                  - Undefined Weak Reference
    __cxa_finalize                            - Undefined Weak Reference
    __rt_locale                               - Undefined Weak Reference
    __sigvec_lookup                           - Undefined Weak Reference
    _atexit_init                              - Undefined Weak Reference
    _call_atexit_fns                          - Undefined Weak Reference
    _clock_init                               - Undefined Weak Reference
    _fp_trap_init                             - Undefined Weak Reference
    _fp_trap_shutdown                         - Undefined Weak Reference
    _get_lc_collate                           - Undefined Weak Reference
    _get_lc_ctype                             - Undefined Weak Reference
    _get_lc_monetary                          - Undefined Weak Reference
    _get_lc_numeric                           - Undefined Weak Reference
    _get_lc_time                              - Undefined Weak Reference
    _getenv_init                              - Undefined Weak Reference
    _handle_redirection                       - Undefined Weak Reference
    _init_alloc                               - Undefined Weak Reference
    _init_user_alloc                          - Undefined Weak Reference
    _initio                                   - Undefined Weak Reference
    _rand_init                                - Undefined Weak Reference
    _signal_finish                            - Undefined Weak Reference
    _signal_init                              - Undefined Weak Reference
    _terminate_alloc                          - Undefined Weak Reference
    _terminate_user_alloc                     - Undefined Weak Reference
    _terminateio                              - Undefined Weak Reference
    __Vectors_End                            0x0000026c   Data           0  startup_tm4c123.o(RESET)
    __Vectors_Size                           0x0000026c   Number         0  startup_tm4c123.o ABSOLUTE
    __main                                   0x0000026d   Thumb Code     8  __main.o(!!!main)
    __scatterload                            0x00000275   Thumb Code     0  __scatter.o(!!!scatter)
    __scatterload_rt2                        0x00000275   Thumb Code    44  __scatter.o(!!!scatter)
    __scatterload_rt2_thumb_only             0x00000275   Thumb Code     0  __scatter.o(!!!scatter)
    __scatterload_null                       0x00000283   Thumb Code     0  __scatter.o(!!!scatter)
    __scatterload_copy                       0x000002a9   Thumb Code    26  __scatter_copy.o(!!handler_copy)
    __scatterload_zeroinit                   0x000002c5   Thumb Code    28  __scatter_zi.o(!!handler_zi)
    __rt_lib_init                            0x000002e1   Thumb Code     0  libinit.o(.ARM.Collect$$libinit$$00000000)
    __rt_lib_init_alloca_1                   0x000002e3   Thumb Code     0  libinit2.o(.ARM.Collect$$libinit$$0000002E)
    __rt_lib_init_argv_1                     0x000002e3   Thumb Code     0  libinit2.o(.ARM.Collect$$libinit$$0000002C)
    __rt_lib_init_atexit_1                   0x000002e3   Thumb Code     0  libinit2.o(.ARM.Collect$$libinit$$0000001B)
    __rt_lib_init_clock_1                    0x000002e3   Thumb Code     0  libinit2.o(.ARM.Collect$$libinit$$00000021)
    __rt_lib_init_cpp_1                      0x000002e3   Thumb Code     0  libinit2.o(.ARM.Collect$$libinit$$00000032)
    __rt_lib_init_exceptions_1               0x000002e3   Thumb Code     0  libinit2.o(.ARM.Collect$$libinit$$00000030)
    __rt_lib_init_fp_1                       0x000002e3   Thumb Code     0  libinit2.o(.ARM.Collect$$libinit$$00000002)
    __rt_lib_init_fp_trap_1                  0x000002e3   Thumb Code     0  libinit2.o(.ARM.Collect$$libinit$$0000001F)
    __rt_lib_init_getenv_1                   0x000002e3   Thumb Code     0  libinit2.o(.ARM.Collect$$libinit$$00000023)
    __rt_lib_init_heap_1                     0x000002e3   Thumb Code     0  libinit2.o(.ARM.Collect$$libinit$$0000000A)
    __rt_lib_init_lc_collate_1               0x000002e3   Thumb Code     0  libinit2.o(.ARM.Collect$$libinit$$00000011)
    __rt_lib_init_lc_ctype_1                 0x000002e3   Thumb Code     0  libinit2.o(.ARM.Collect$$libinit$$00000013)
    __rt_lib_init_lc_monetary_1              0x000002e3   Thumb Code     0  libinit2.o(.ARM.Collect$$libinit$$00000015)
    __rt_lib_init_lc_numeric_1               0x000002e3   Thumb Code     0  libinit2.o(.ARM.Collect$$libinit$$00000017)
    __rt_lib_init_lc_time_1                  0x000002e3   Thumb Code     0  libinit2.o(.ARM.Collect$$libinit$$00000019)
    __rt_lib_init_preinit_1                  0x000002e3   Thumb Code     0  libinit2.o(.ARM.Collect$$libinit$$00000004)
    __rt_lib_init_rand_1                     0x000002e3   Thumb Code     0  libinit2.o(.ARM.Collect$$libinit$$0000000E)
    __rt_lib_init_return                     0x000002e3   Thumb Code     0  libinit2.o(.ARM.Collect$$libinit$$00000033)
    __rt_lib_init_signal_1                   0x000002e3   Thumb Code     0  libinit2.o(.ARM.Collect$$libinit$$0000001D)
    __rt_lib_init_stdio_1                    0x000002e3   Thumb Code     0  libinit2.o(.ARM.Collect$$libinit$$00000025)
    __rt_lib_init_user_alloc_1               0x000002e3   Thumb Code     0  libinit2.o(.ARM.Collect$$libinit$$0000000C)
    __rt_lib_shutdown                        0x000002e5   Thumb Code     0  libshutdown.o(.ARM.Collect$$libshutdown$$00000000)
    __rt_lib_shutdown_cpp_1                  0x000002e7   Thumb Code     0  libshutdown2.o(.ARM.Collect$$libshutdown$$00000002)
    __rt_lib_shutdown_fp_trap_1              0x000002e7   Thumb Code     0  libshutdown2.o(.ARM.Collect$$libshutdown$$00000007)
    __rt_lib_shutdown_heap_1                 0x000002e7   Thumb Code     0  libshutdown2.o(.ARM.Collect$$libshutdown$$0000000F)
    __rt_lib_shutdown_return                 0x000002e7   Thumb Code     0  libshutdown2.o(.ARM.Collect$$libshutdown$$00000010)
    __rt_lib_shutdown_signal_1               0x000002e7   Thumb Code     0  libshutdown2.o(.ARM.Collect$$libshutdown$$0000000A)
    __rt_lib_shutdown_stdio_1                0x000002e7   Thumb Code     0  libshutdown2.o(.ARM.Collect$$libshutdown$$00000004)
    __rt_lib_shutdown_user_alloc_1           0x000002e7   Thumb Code     0  libshutdown2.o(.ARM.Collect$$libshutdown$$0000000C)
    __rt_entry                               0x000002e9   Thumb Code     0  __rtentry.o(.ARM.Collect$$rtentry$$00000000)
    __rt_entry_presh_1                       0x000002e9   Thumb Code     0  __rtentry2.o(.ARM.Collect$$rtentry$$00000002)
    __rt_entry_sh                            0x000002e9   Thumb Code     0  __rtentry4.o(.ARM.Collect$$rtentry$$00000004)
    __rt_entry_li                            0x000002ef   Thumb Code     0  __rtentry2.o(.ARM.Collect$$rtentry$$0000000A)
    __rt_entry_postsh_1                      0x000002ef   Thumb Code     0  __rtentry2.o(.ARM.Collect$$rtentry$$00000009)
    __rt_entry_main                          0x000002f3   Thumb Code     0  __rtentry2.o(.ARM.Collect$$rtentry$$0000000D)
    __rt_entry_postli_1                      0x000002f3   Thumb Code     0  __rtentry2.o(.ARM.Collect$$rtentry$$0000000C)
    __rt_exit                                0x000002fb   Thumb Code     0  rtexit.o(.ARM.Collect$$rtexit$$00000000)
    __rt_exit_ls                             0x000002fd   Thumb Code     0  rtexit2.o(.ARM.Collect$$rtexit$$00000003)
    __rt_exit_prels_1                        0x000002fd   Thumb Code     0  rtexit2.o(.ARM.Collect$$rtexit$$00000002)
    __rt_exit_exit                           0x00000301   Thumb Code     0  rtexit2.o(.ARM.Collect$$rtexit$$00000004)
    parrotdelay                              0x00000309   Thumb Code     6  bsp.o(.emb_text)
    Reset_Handler                            0x00000311   Thumb Code     4  startup_tm4c123.o(.text)
    NMI_Handler                              0x00000315   Thumb Code     2  startup_tm4c123.o(.text)
    HardFault_Handler                        0x00000317   Thumb Code     2  startup_tm4c123.o(.text)
    MemManage_Handler                        0x00000319   Thumb Code     2  startup_tm4c123.o(.text)
    BusFault_Handler                         0x0000031b   Thumb Code     2  startup_tm4c123.o(.text)
    UsageFault_Handler                       0x0000031d   Thumb Code     2  startup_tm4c123.o(.text)
    SVC_Handler                              0x0000031f   Thumb Code     2  startup_tm4c123.o(.text)
    DebugMon_Handler                         0x00000321   Thumb Code     2  startup_tm4c123.o(.text)
    PendSV_Handler                           0x00000323   Thumb Code     2  startup_tm4c123.o(.text)
    SysTick_Handler                          0x00000325   Thumb Code     2  startup_tm4c123.o(.text)
    GPIOPortA_Handler                        0x00000327   Thumb Code     2  startup_tm4c123.o(.text)
    GPIOPortB_Handler                        0x00000329   Thumb Code     2  startup_tm4c123.o(.text)
    GPIOPortC_Handler                        0x0000032b   Thumb Code     2  startup_tm4c123.o(.text)
    GPIOPortD_Handler                        0x0000032d   Thumb Code     2  startup_tm4c123.o(.text)
    GPIOPortE_Handler                        0x0000032f   Thumb Code     2  startup_tm4c123.o(.text)
    UART0_Handler                            0x00000331   Thumb Code     2  startup_tm4c123.o(.text)
    UART1_Handler                            0x00000333   Thumb Code     2  startup_tm4c123.o(.text)
    SSI0_Handler                             0x00000335   Thumb Code     2  startup_tm4c123.o(.text)
    I2C0_Handler                             0x00000337   Thumb Code     2  startup_tm4c123.o(.text)
    PMW0_FAULT_Handler                       0x00000339   Thumb Code     2  startup_tm4c123.o(.text)
    PWM0Generator0_Handler                   0x0000033b   Thumb Code     2  startup_tm4c123.o(.text)
    PWM0Generator1_Handler                   0x0000033d   Thumb Code     2  startup_tm4c123.o(.text)
    PWM0Generator2_Handler                   0x0000033f   Thumb Code     2  startup_tm4c123.o(.text)
    Quadrature0_Handler                      0x00000341   Thumb Code     2  startup_tm4c123.o(.text)
    ADC0Seq0_Handler                         0x00000343   Thumb Code     2  startup_tm4c123.o(.text)
    ADC0Seq1_Handler                         0x00000345   Thumb Code     2  startup_tm4c123.o(.text)
    ADC0Seq2_Handler                         0x00000347   Thumb Code     2  startup_tm4c123.o(.text)
    ADC0Seq3_Handler                         0x00000349   Thumb Code     2  startup_tm4c123.o(.text)
    WDT_Handler                              0x0000034b   Thumb Code     2  startup_tm4c123.o(.text)
    TIMER0A_Handler                          0x0000034d   Thumb Code     2  startup_tm4c123.o(.text)
    TIMER0B_Handler                          0x0000034f   Thumb Code     2  startup_tm4c123.o(.text)
    TIMER1A_Handler                          0x00000351   Thumb Code     2  startup_tm4c123.o(.text)
    TIMER1B_Handler                          0x00000353   Thumb Code     2  startup_tm4c123.o(.text)
    TIMER2A_Handler                          0x00000355   Thumb Code     2  startup_tm4c123.o(.text)
    TIMER2B_Handler                          0x00000357   Thumb Code     2  startup_tm4c123.o(.text)
    COMP0_Handler                            0x00000359   Thumb Code     2  startup_tm4c123.o(.text)
    COMP1_Handler                            0x0000035b   Thumb Code     2  startup_tm4c123.o(.text)
    COMP2_Handler                            0x0000035d   Thumb Code     2  startup_tm4c123.o(.text)
    SYSCTL_Handler                           0x0000035f   Thumb Code     2  startup_tm4c123.o(.text)
    FlashCtl_Handler                         0x00000361   Thumb Code     2  startup_tm4c123.o(.text)
    GPIOPortF_Handler                        0x00000363   Thumb Code     2  startup_tm4c123.o(.text)
    GPIOPortG_Handler                        0x00000365   Thumb Code     2  startup_tm4c123.o(.text)
    GPIOPortH_Handler                        0x00000367   Thumb Code     2  startup_tm4c123.o(.text)
    UART2_Handler                            0x00000369   Thumb Code     2  startup_tm4c123.o(.text)
    SSI1_Handler                             0x0000036b   Thumb Code     2  startup_tm4c123.o(.text)
    TIMER3A_Handler                          0x0000036d   Thumb Code     2  startup_tm4c123.o(.text)
    TIMER3B_Handler                          0x0000036f   Thumb Code     2  startup_tm4c123.o(.text)
    I2C1_Handler                             0x00000371   Thumb Code     2  startup_tm4c123.o(.text)
    Quadrature1_Handler                      0x00000373   Thumb Code     2  startup_tm4c123.o(.text)
    CAN0_Handler                             0x00000375   Thumb Code     2  startup_tm4c123.o(.text)
    CAN1_Handler                             0x00000377   Thumb Code     2  startup_tm4c123.o(.text)
    CAN2_Handler                             0x00000379   Thumb Code     2  startup_tm4c123.o(.text)
    Hibernate_Handler                        0x0000037b   Thumb Code     2  startup_tm4c123.o(.text)
    USB0_Handler                             0x0000037d   Thumb Code     2  startup_tm4c123.o(.text)
    PWM0Generator3_Handler                   0x0000037f   Thumb Code     2  startup_tm4c123.o(.text)
    UDMA_Handler                             0x00000381   Thumb Code     2  startup_tm4c123.o(.text)
    UDMAERR_Handler                          0x00000383   Thumb Code     2  startup_tm4c123.o(.text)
    ADC1Seq0_Handler                         0x00000385   Thumb Code     2  startup_tm4c123.o(.text)
    ADC1Seq1_Handler                         0x00000387   Thumb Code     2  startup_tm4c123.o(.text)
    ADC1Seq2_Handler                         0x00000389   Thumb Code     2  startup_tm4c123.o(.text)
    ADC1Seq3_Handler                         0x0000038b   Thumb Code     2  startup_tm4c123.o(.text)
    GPIOPortJ_Handler                        0x0000038d   Thumb Code     2  startup_tm4c123.o(.text)
    GPIOPortK_Handler                        0x0000038f   Thumb Code     2  startup_tm4c123.o(.text)
    GPIOPortL_Handler                        0x00000391   Thumb Code     2  startup_tm4c123.o(.text)
    SSI2_Handler                             0x00000393   Thumb Code     2  startup_tm4c123.o(.text)
    SSI3_Handler                             0x00000395   Thumb Code     2  startup_tm4c123.o(.text)
    UART3_Handler                            0x00000397   Thumb Code     2  startup_tm4c123.o(.text)
    UART4_Handler                            0x00000399   Thumb Code     2  startup_tm4c123.o(.text)
    UART5_Handler                            0x0000039b   Thumb Code     2  startup_tm4c123.o(.text)
    UART6_Handler                            0x0000039d   Thumb Code     2  startup_tm4c123.o(.text)
    UART7_Handler                            0x0000039f   Thumb Code     2  startup_tm4c123.o(.text)
    I2C2_Handler                             0x000003a1   Thumb Code     2  startup_tm4c123.o(.text)
    I2C3_Handler                             0x000003a3   Thumb Code     2  startup_tm4c123.o(.text)
    TIMER4A_Handler                          0x000003a5   Thumb Code     2  startup_tm4c123.o(.text)
    TIMER4B_Handler                          0x000003a7   Thumb Code     2  startup_tm4c123.o(.text)
    TIMER5A_Handler                          0x000003a9   Thumb Code     2  startup_tm4c123.o(.text)
    TIMER5B_Handler                          0x000003ab   Thumb Code     2  startup_tm4c123.o(.text)
    WideTimer0A_Handler                      0x000003ad   Thumb Code     2  startup_tm4c123.o(.text)
    WideTimer0B_Handler                      0x000003af   Thumb Code     2  startup_tm4c123.o(.text)
    WideTimer1A_Handler                      0x000003b1   Thumb Code     2  startup_tm4c123.o(.text)
    WideTimer1B_Handler                      0x000003b3   Thumb Code     2  startup_tm4c123.o(.text)
    WideTimer2A_Handler                      0x000003b5   Thumb Code     2  startup_tm4c123.o(.text)
    WideTimer2B_Handler                      0x000003b7   Thumb Code     2  startup_tm4c123.o(.text)
    WideTimer3B_Handler                      0x000003bb   Thumb Code     2  startup_tm4c123.o(.text)
    WideTimer4B_Handler                      0x000003bf   Thumb Code     2  startup_tm4c123.o(.text)
    WideTimer5B_Handler                      0x000003c3   Thumb Code     2  startup_tm4c123.o(.text)
    FPU_Handler                              0x000003c5   Thumb Code     2  startup_tm4c123.o(.text)
    I2C4_Handler                             0x000003c7   Thumb Code     2  startup_tm4c123.o(.text)
    I2C5_Handler                             0x000003c9   Thumb Code     2  startup_tm4c123.o(.text)
    GPIOPortM_Handler                        0x000003cb   Thumb Code     2  startup_tm4c123.o(.text)
    GPIOPortN_Handler                        0x000003cd   Thumb Code     2  startup_tm4c123.o(.text)
    QEI2_Handler                             0x000003cf   Thumb Code     2  startup_tm4c123.o(.text)
    GPIOPortP0_Handler                       0x000003d1   Thumb Code     2  startup_tm4c123.o(.text)
    GPIOPortP1_Handler                       0x000003d3   Thumb Code     2  startup_tm4c123.o(.text)
    GPIOPortP2_Handler                       0x000003d5   Thumb Code     2  startup_tm4c123.o(.text)
    GPIOPortP3_Handler                       0x000003d7   Thumb Code     2  startup_tm4c123.o(.text)
    GPIOPortP4_Handler                       0x000003d9   Thumb Code     2  startup_tm4c123.o(.text)
    GPIOPortP5_Handler                       0x000003db   Thumb Code     2  startup_tm4c123.o(.text)
    GPIOPortP6_Handler                       0x000003dd   Thumb Code     2  startup_tm4c123.o(.text)
    GPIOPortP7_Handler                       0x000003df   Thumb Code     2  startup_tm4c123.o(.text)
    GPIOPortQ0_Handler                       0x000003e1   Thumb Code     2  startup_tm4c123.o(.text)
    GPIOPortQ1_Handler                       0x000003e3   Thumb Code     2  startup_tm4c123.o(.text)
    GPIOPortQ2_Handler                       0x000003e5   Thumb Code     2  startup_tm4c123.o(.text)
    GPIOPortQ3_Handler                       0x000003e7   Thumb Code     2  startup_tm4c123.o(.text)
    GPIOPortQ4_Handler                       0x000003e9   Thumb Code     2  startup_tm4c123.o(.text)
    GPIOPortQ5_Handler                       0x000003eb   Thumb Code     2  startup_tm4c123.o(.text)
    GPIOPortQ6_Handler                       0x000003ed   Thumb Code     2  startup_tm4c123.o(.text)
    GPIOPortQ7_Handler                       0x000003ef   Thumb Code     2  startup_tm4c123.o(.text)
    GPIOPortR_Handler                        0x000003f1   Thumb Code     2  startup_tm4c123.o(.text)
    GPIOPortS_Handler                        0x000003f3   Thumb Code     2  startup_tm4c123.o(.text)
    PWM1Generator0_Handler                   0x000003f5   Thumb Code     2  startup_tm4c123.o(.text)
    PWM1Generator1_Handler                   0x000003f7   Thumb Code     2  startup_tm4c123.o(.text)
    PWM1Generator2_Handler                   0x000003f9   Thumb Code     2  startup_tm4c123.o(.text)
    PWM1Generator3_Handler                   0x000003fb   Thumb Code     2  startup_tm4c123.o(.text)
    PWM1Fault_Handler                        0x000003fd   Thumb Code     2  startup_tm4c123.o(.text)
    DisableInterrupts                        0x00000405   Thumb Code     0  startup_tm4c123.o(.text)
    EnableInterrupts                         0x00000409   Thumb Code     0  startup_tm4c123.o(.text)
    StartCritical                            0x0000040d   Thumb Code     0  startup_tm4c123.o(.text)
    EndCritical                              0x00000415   Thumb Code     0  startup_tm4c123.o(.text)
    WaitForInterrupt                         0x0000041b   Thumb Code     0  startup_tm4c123.o(.text)
    __user_initial_stackheap                 0x0000041f   Thumb Code     0  startup_tm4c123.o(.text)
    __use_two_region_memory                  0x00000435   Thumb Code     2  heapauxi.o(.text)
    __rt_heap_escrow$2region                 0x00000437   Thumb Code     2  heapauxi.o(.text)
    __rt_heap_expand$2region                 0x00000439   Thumb Code     2  heapauxi.o(.text)
    __user_setup_stackheap                   0x0000043b   Thumb Code    74  sys_stackheap_outer.o(.text)
    exit                                     0x00000485   Thumb Code    18  exit.o(.text)
    __user_libspace                          0x00000499   Thumb Code     8  libspace.o(.text)
    __user_perproc_libspace                  0x00000499   Thumb Code     0  libspace.o(.text)
    __user_perthread_libspace                0x00000499   Thumb Code     0  libspace.o(.text)
    _sys_exit                                0x000004a1   Thumb Code     8  sys_exit.o(.text)
    __I$use$semihosting                      0x000004ad   Thumb Code     0  use_no_semi.o(.text)
    __use_no_semihosting_swi                 0x000004ad   Thumb Code     2  use_no_semi.o(.text)
    __semihosting_library_function           0x000004af   Thumb Code     0  indicate_semi.o(.text)
    BSP_Accelerometer_Init                   0x000004b1   Thumb Code   156  bsp.o(i.BSP_Accelerometer_Init)
    BSP_Accelerometer_Input                  0x00000561   Thumb Code    66  bsp.o(i.BSP_Accelerometer_Input)
    BSP_Button1_Init                         0x000005a9   Thumb Code   112  bsp.o(i.BSP_Button1_Init)
    BSP_Button1_Input                        0x00000629   Thumb Code     8  bsp.o(i.BSP_Button1_Input)
    BSP_Button2_Init                         0x00000635   Thumb Code   124  bsp.o(i.BSP_Button2_Init)
    BSP_Button2_Input                        0x000006c5   Thumb Code     8  bsp.o(i.BSP_Button2_Input)
    BSP_Buzzer_Init                          0x000006d1   Thumb Code   184  bsp.o(i.BSP_Buzzer_Init)
    BSP_Buzzer_Set                           0x000007a5   Thumb Code    24  bsp.o(i.BSP_Buzzer_Set)
    BSP_Clock_InitFastest                    0x000007c5   Thumb Code   126  bsp.o(i.BSP_Clock_InitFastest)
    BSP_Delay1ms                             0x00000851   Thumb Code    22  bsp.o(i.BSP_Delay1ms)
    BSP_Joystick_Init                        0x00000869   Thumb Code   268  bsp.o(i.BSP_Joystick_Init)
    BSP_Joystick_Input                       0x00000999   Thumb Code    56  bsp.o(i.BSP_Joystick_Input)
    BSP_LCD_Color565                         0x000009d9   Thumb Code    24  bsp.o(i.BSP_LCD_Color565)
    BSP_LCD_DrawChar                         0x000009f1   Thumb Code   260  bsp.o(i.BSP_LCD_DrawChar)
    BSP_LCD_DrawString                       0x00000b01   Thumb Code    86  bsp.o(i.BSP_LCD_DrawString)
    BSP_LCD_FillRect                         0x00000b59   Thumb Code   164  bsp.o(i.BSP_LCD_FillRect)
    BSP_LCD_FillScreen                       0x00000c05   Thumb Code    28  bsp.o(i.BSP_LCD_FillScreen)
    BSP_LCD_Init                             0x00000c29   Thumb Code    10  bsp.o(i.BSP_LCD_Init)
    BSP_LCD_OutUDec                          0x00000c35   Thumb Code   120  bsp.o(i.BSP_LCD_OutUDec)
    BSP_LCD_SetCursor                        0x00000cc5   Thumb Code    22  bsp.o(i.BSP_LCD_SetCursor)
    BSP_LightSensor_End                      0x00000ce5   Thumb Code    58  bsp.o(i.BSP_LightSensor_End)
    BSP_LightSensor_Init                     0x00000d29   Thumb Code    76  bsp.o(i.BSP_LightSensor_Init)
    BSP_LightSensor_Input                    0x00000d7d   Thumb Code    42  bsp.o(i.BSP_LightSensor_Input)
    BSP_LightSensor_Start                    0x00000db1   Thumb Code    22  bsp.o(i.BSP_LightSensor_Start)
    BSP_PeriodicTask_Init                    0x00000dcd   Thumb Code   162  bsp.o(i.BSP_PeriodicTask_Init)
    BSP_RGB_Init                             0x00000e8d   Thumb Code   522  bsp.o(i.BSP_RGB_Init)
    BSP_RGB_Set                              0x000010cd   Thumb Code    62  bsp.o(i.BSP_RGB_Set)
    BSP_TempSensor_End                       0x0000111d   Thumb Code    70  bsp.o(i.BSP_TempSensor_End)
    BSP_TempSensor_Init                      0x00001169   Thumb Code    76  bsp.o(i.BSP_TempSensor_Init)
    BSP_TempSensor_Input                     0x000011bd   Thumb Code    56  bsp.o(i.BSP_TempSensor_Input)
    BSP_TempSensor_Start                     0x000011f9   Thumb Code    22  bsp.o(i.BSP_TempSensor_Start)
    BSP_Time_Get                             0x00001215   Thumb Code    10  bsp.o(i.BSP_Time_Get)
    BSP_Time_Init                            0x00001225   Thumb Code    88  bsp.o(i.BSP_Time_Init)
    WideTimer3A_Handler                      0x0000146d   Thumb Code    16  bsp.o(i.WideTimer3A_Handler)
    WideTimer4A_Handler                      0x00001485   Thumb Code    16  bsp.o(i.WideTimer4A_Handler)
    WideTimer5A_Handler                      0x0000149d   Thumb Code    16  bsp.o(i.WideTimer5A_Handler)
    checkbuttons                             0x00001501   Thumb Code   526  bsptestmain.o(i.checkbuttons)
    main                                     0x00001aed   Thumb Code  1882  bsptestmain.o(i.main)
    numlength                                0x00002281   Thumb Code    94  bsptestmain.o(i.numlength)
    Region$$Table$$Base                      0x000029e0   Number         0  anon$$obj.o(Region$$Table)
    Region$$Table$$Limit                     0x00002a00   Number         0  anon$$obj.o(Region$$Table)
    StX                                      0x20000008   Data           4  bsp.o(.data)
    StY                                      0x2000000c   Data           4  bsp.o(.data)
    StTextColor                              0x20000010   Data           2  bsp.o(.data)
    Messageindex                             0x20000018   Data           4  bsp.o(.data)
    TimeIndex                                0x2000001c   Data           4  bsp.o(.data)
    Ymax                                     0x20000020   Data           4  bsp.o(.data)
    Ymin                                     0x20000024   Data           4  bsp.o(.data)
    Yrange                                   0x20000028   Data           4  bsp.o(.data)
    PlotBGColor                              0x2000002c   Data           2  bsp.o(.data)
    PeriodicTask                             0x20000030   Data           4  bsp.o(.data)
    PeriodicTaskB                            0x20000034   Data           4  bsp.o(.data)
    PeriodicTaskC                            0x20000038   Data           4  bsp.o(.data)
    LightBusy                                0x2000003c   Data           4  bsp.o(.data)
    TempBusy                                 0x20000040   Data           4  bsp.o(.data)
    Red                                      0x20000044   Data           2  bsptestmain.o(.data)
    Green                                    0x20000046   Data           2  bsptestmain.o(.data)
    Blue                                     0x20000048   Data           2  bsptestmain.o(.data)
    JoyX                                     0x2000004a   Data           2  bsptestmain.o(.data)
    JoyY                                     0x2000004c   Data           2  bsptestmain.o(.data)
    AccX                                     0x2000004e   Data           2  bsptestmain.o(.data)
    AccY                                     0x20000050   Data           2  bsptestmain.o(.data)
    AccZ                                     0x20000052   Data           2  bsptestmain.o(.data)
    Message                                  0x20000058   Data          12  bsp.o(.bss)
    __libspace_start                         0x20000064   Data          96  libspace.o(.bss)
    __temporary_stack_top$libspace           0x200000c4   Data           0  libspace.o(.bss)



==============================================================================

Memory Map of the image

  Image Entry point : 0x00000311

  Load Region LR_1 (Base: 0x00000000, Size: 0x00002a58, Max: 0xffffffff, ABSOLUTE)

    Execution Region ER_RO (Base: 0x00000000, Size: 0x00002a00, Max: 0xffffffff, ABSOLUTE)

    Base Addr    Size         Type   Attr      Idx    E Section Name        Object

    0x00000000   0x0000026c   Data   RO          531    RESET               startup_tm4c123.o
    0x0000026c   0x00000008   Code   RO          603  * !!!main             c_w.l(__main.o)
    0x00000274   0x00000034   Code   RO          760    !!!scatter          c_w.l(__scatter.o)
    0x000002a8   0x0000001a   Code   RO          762    !!handler_copy      c_w.l(__scatter_copy.o)
    0x000002c2   0x00000002   PAD
    0x000002c4   0x0000001c   Code   RO          764    !!handler_zi        c_w.l(__scatter_zi.o)
    0x000002e0   0x00000002   Code   RO          630    .ARM.Collect$$libinit$$00000000  c_w.l(libinit.o)
    0x000002e2   0x00000000   Code   RO          637    .ARM.Collect$$libinit$$00000002  c_w.l(libinit2.o)
    0x000002e2   0x00000000   Code   RO          639    .ARM.Collect$$libinit$$00000004  c_w.l(libinit2.o)
    0x000002e2   0x00000000   Code   RO          642    .ARM.Collect$$libinit$$0000000A  c_w.l(libinit2.o)
    0x000002e2   0x00000000   Code   RO          644    .ARM.Collect$$libinit$$0000000C  c_w.l(libinit2.o)
    0x000002e2   0x00000000   Code   RO          646    .ARM.Collect$$libinit$$0000000E  c_w.l(libinit2.o)
    0x000002e2   0x00000000   Code   RO          649    .ARM.Collect$$libinit$$00000011  c_w.l(libinit2.o)
    0x000002e2   0x00000000   Code   RO          651    .ARM.Collect$$libinit$$00000013  c_w.l(libinit2.o)
    0x000002e2   0x00000000   Code   RO          653    .ARM.Collect$$libinit$$00000015  c_w.l(libinit2.o)
    0x000002e2   0x00000000   Code   RO          655    .ARM.Collect$$libinit$$00000017  c_w.l(libinit2.o)
    0x000002e2   0x00000000   Code   RO          657    .ARM.Collect$$libinit$$00000019  c_w.l(libinit2.o)
    0x000002e2   0x00000000   Code   RO          659    .ARM.Collect$$libinit$$0000001B  c_w.l(libinit2.o)
    0x000002e2   0x00000000   Code   RO          661    .ARM.Collect$$libinit$$0000001D  c_w.l(libinit2.o)
    0x000002e2   0x00000000   Code   RO          663    .ARM.Collect$$libinit$$0000001F  c_w.l(libinit2.o)
    0x000002e2   0x00000000   Code   RO          665    .ARM.Collect$$libinit$$00000021  c_w.l(libinit2.o)
    0x000002e2   0x00000000   Code   RO          667    .ARM.Collect$$libinit$$00000023  c_w.l(libinit2.o)
    0x000002e2   0x00000000   Code   RO          669    .ARM.Collect$$libinit$$00000025  c_w.l(libinit2.o)
    0x000002e2   0x00000000   Code   RO          673    .ARM.Collect$$libinit$$0000002C  c_w.l(libinit2.o)
    0x000002e2   0x00000000   Code   RO          675    .ARM.Collect$$libinit$$0000002E  c_w.l(libinit2.o)
    0x000002e2   0x00000000   Code   RO          677    .ARM.Collect$$libinit$$00000030  c_w.l(libinit2.o)
    0x000002e2   0x00000000   Code   RO          679    .ARM.Collect$$libinit$$00000032  c_w.l(libinit2.o)
    0x000002e2   0x00000002   Code   RO          680    .ARM.Collect$$libinit$$00000033  c_w.l(libinit2.o)
    0x000002e4   0x00000002   Code   RO          700    .ARM.Collect$$libshutdown$$00000000  c_w.l(libshutdown.o)
    0x000002e6   0x00000000   Code   RO          713    .ARM.Collect$$libshutdown$$00000002  c_w.l(libshutdown2.o)
    0x000002e6   0x00000000   Code   RO          715    .ARM.Collect$$libshutdown$$00000004  c_w.l(libshutdown2.o)
    0x000002e6   0x00000000   Code   RO          718    .ARM.Collect$$libshutdown$$00000007  c_w.l(libshutdown2.o)
    0x000002e6   0x00000000   Code   RO          721    .ARM.Collect$$libshutdown$$0000000A  c_w.l(libshutdown2.o)
    0x000002e6   0x00000000   Code   RO          723    .ARM.Collect$$libshutdown$$0000000C  c_w.l(libshutdown2.o)
    0x000002e6   0x00000000   Code   RO          726    .ARM.Collect$$libshutdown$$0000000F  c_w.l(libshutdown2.o)
    0x000002e6   0x00000002   Code   RO          727    .ARM.Collect$$libshutdown$$00000010  c_w.l(libshutdown2.o)
    0x000002e8   0x00000000   Code   RO          605    .ARM.Collect$$rtentry$$00000000  c_w.l(__rtentry.o)
    0x000002e8   0x00000000   Code   RO          607    .ARM.Collect$$rtentry$$00000002  c_w.l(__rtentry2.o)
    0x000002e8   0x00000006   Code   RO          619    .ARM.Collect$$rtentry$$00000004  c_w.l(__rtentry4.o)
    0x000002ee   0x00000000   Code   RO          609    .ARM.Collect$$rtentry$$00000009  c_w.l(__rtentry2.o)
    0x000002ee   0x00000004   Code   RO          610    .ARM.Collect$$rtentry$$0000000A  c_w.l(__rtentry2.o)
    0x000002f2   0x00000000   Code   RO          612    .ARM.Collect$$rtentry$$0000000C  c_w.l(__rtentry2.o)
    0x000002f2   0x00000008   Code   RO          613    .ARM.Collect$$rtentry$$0000000D  c_w.l(__rtentry2.o)
    0x000002fa   0x00000002   Code   RO          634    .ARM.Collect$$rtexit$$00000000  c_w.l(rtexit.o)
    0x000002fc   0x00000000   Code   RO          682    .ARM.Collect$$rtexit$$00000002  c_w.l(rtexit2.o)
    0x000002fc   0x00000004   Code   RO          683    .ARM.Collect$$rtexit$$00000003  c_w.l(rtexit2.o)
    0x00000300   0x00000006   Code   RO          684    .ARM.Collect$$rtexit$$00000004  c_w.l(rtexit2.o)
    0x00000306   0x00000002   PAD
    0x00000308   0x00000006   Code   RO            1    .emb_text           bsp.o
    0x0000030e   0x00000002   PAD
    0x00000310   0x00000124   Code   RO          532  * .text               startup_tm4c123.o
    0x00000434   0x00000006   Code   RO          601    .text               c_w.l(heapauxi.o)
    0x0000043a   0x0000004a   Code   RO          621    .text               c_w.l(sys_stackheap_outer.o)
    0x00000484   0x00000012   Code   RO          623    .text               c_w.l(exit.o)
    0x00000496   0x00000002   PAD
    0x00000498   0x00000008   Code   RO          631    .text               c_w.l(libspace.o)
    0x000004a0   0x0000000c   Code   RO          692    .text               c_w.l(sys_exit.o)
    0x000004ac   0x00000002   Code   RO          703    .text               c_w.l(use_no_semi.o)
    0x000004ae   0x00000000   Code   RO          705    .text               c_w.l(indicate_semi.o)
    0x000004ae   0x00000002   PAD
    0x000004b0   0x000000b0   Code   RO            2    i.BSP_Accelerometer_Init  bsp.o
    0x00000560   0x00000048   Code   RO            3    i.BSP_Accelerometer_Input  bsp.o
    0x000005a8   0x00000080   Code   RO            4    i.BSP_Button1_Init  bsp.o
    0x00000628   0x0000000c   Code   RO            5    i.BSP_Button1_Input  bsp.o
    0x00000634   0x00000090   Code   RO            6    i.BSP_Button2_Init  bsp.o
    0x000006c4   0x0000000c   Code   RO            7    i.BSP_Button2_Input  bsp.o
    0x000006d0   0x000000d4   Code   RO            8    i.BSP_Buzzer_Init   bsp.o
    0x000007a4   0x00000020   Code   RO            9    i.BSP_Buzzer_Set    bsp.o
    0x000007c4   0x0000008c   Code   RO           11    i.BSP_Clock_InitFastest  bsp.o
    0x00000850   0x00000016   Code   RO           12    i.BSP_Delay1ms      bsp.o
    0x00000866   0x00000002   PAD
    0x00000868   0x00000130   Code   RO           13    i.BSP_Joystick_Init  bsp.o
    0x00000998   0x00000040   Code   RO           14    i.BSP_Joystick_Input  bsp.o
    0x000009d8   0x00000018   Code   RO           15    i.BSP_LCD_Color565  bsp.o
    0x000009f0   0x00000110   Code   RO           17    i.BSP_LCD_DrawChar  bsp.o
    0x00000b00   0x00000056   Code   RO           22    i.BSP_LCD_DrawString  bsp.o
    0x00000b56   0x00000002   PAD
    0x00000b58   0x000000ac   Code   RO           24    i.BSP_LCD_FillRect  bsp.o
    0x00000c04   0x00000024   Code   RO           25    i.BSP_LCD_FillScreen  bsp.o
    0x00000c28   0x0000000a   Code   RO           26    i.BSP_LCD_Init      bsp.o
    0x00000c32   0x00000002   PAD
    0x00000c34   0x00000090   Code   RO           27    i.BSP_LCD_OutUDec   bsp.o
    0x00000cc4   0x00000020   Code   RO           34    i.BSP_LCD_SetCursor  bsp.o
    0x00000ce4   0x00000044   Code   RO           36    i.BSP_LightSensor_End  bsp.o
    0x00000d28   0x00000054   Code   RO           37    i.BSP_LightSensor_Init  bsp.o
    0x00000d7c   0x00000034   Code   RO           38    i.BSP_LightSensor_Input  bsp.o
    0x00000db0   0x0000001c   Code   RO           39    i.BSP_LightSensor_Start  bsp.o
    0x00000dcc   0x000000c0   Code   RO           42    i.BSP_PeriodicTask_Init  bsp.o
    0x00000e8c   0x00000240   Code   RO           52    i.BSP_RGB_Init      bsp.o
    0x000010cc   0x00000050   Code   RO           53    i.BSP_RGB_Set       bsp.o
    0x0000111c   0x0000004c   Code   RO           54    i.BSP_TempSensor_End  bsp.o
    0x00001168   0x00000054   Code   RO           55    i.BSP_TempSensor_Init  bsp.o
    0x000011bc   0x0000003c   Code   RO           56    i.BSP_TempSensor_Input  bsp.o
    0x000011f8   0x0000001c   Code   RO           57    i.BSP_TempSensor_Start  bsp.o
    0x00001214   0x00000010   Code   RO           58    i.BSP_Time_Get      bsp.o
    0x00001224   0x00000064   Code   RO           59    i.BSP_Time_Init     bsp.o
    0x00001288   0x00000078   Code   RO           60    i.I2C_Recv2         bsp.o
    0x00001300   0x00000048   Code   RO           61    i.I2C_Send1         bsp.o
    0x00001348   0x000000b0   Code   RO           62    i.I2C_Send3         bsp.o
    0x000013f8   0x00000074   Code   RO           63    i.ST7735_InitR      bsp.o
    0x0000146c   0x00000018   Code   RO           64    i.WideTimer3A_Handler  bsp.o
    0x00001484   0x00000018   Code   RO           65    i.WideTimer4A_Handler  bsp.o
    0x0000149c   0x00000018   Code   RO           66    i.WideTimer5A_Handler  bsp.o
    0x000014b4   0x0000004c   Code   RO           67    i.adcinit           bsp.o
    0x00001500   0x00000240   Code   RO          499    i.checkbuttons      bsptestmain.o
    0x00001740   0x00000056   Code   RO           68    i.commandList       bsp.o
    0x00001796   0x00000002   PAD
    0x00001798   0x00000204   Code   RO           69    i.commonInit        bsp.o
    0x0000199c   0x00000048   Code   RO           70    i.fillmessage       bsp.o
    0x000019e4   0x00000094   Code   RO           75    i.i2cinit           bsp.o
    0x00001a78   0x00000050   Code   RO           76    i.lightsensorend    bsp.o
    0x00001ac8   0x00000024   Code   RO           77    i.lightsensorstart  bsp.o
    0x00001aec   0x00000794   Code   RO          500    i.main              bsptestmain.o
    0x00002280   0x00000074   Code   RO          501    i.numlength         bsptestmain.o
    0x000022f4   0x00000012   Code   RO           78    i.pushColor         bsp.o
    0x00002306   0x00000002   PAD
    0x00002308   0x00000074   Code   RO           79    i.setAddrWindow     bsp.o
    0x0000237c   0x00000044   Code   RO           80    i.tempsensorend     bsp.o
    0x000023c0   0x00000012   Code   RO           81    i.tempsensorstart   bsp.o
    0x000023d2   0x00000002   PAD
    0x000023d4   0x00000048   Code   RO           82    i.writecommand      bsp.o
    0x0000241c   0x00000048   Code   RO           83    i.writedata         bsp.o
    0x00002464   0x0000057b   Data   RO           85    .constdata          bsp.o
    0x000029df   0x00000001   PAD
    0x000029e0   0x00000020   Data   RO          758    Region$$Table       anon$$obj.o


    Execution Region ER_RW (Base: 0x20000000, Size: 0x00000058, Max: 0xffffffff, ABSOLUTE)

    Base Addr    Size         Type   Attr      Idx    E Section Name        Object

    0x20000000   0x00000044   Data   RW           86    .data               bsp.o
    0x20000044   0x00000014   Data   RW          502    .data               bsptestmain.o


    Execution Region ER_ZI (Base: 0x20000058, Size: 0x00000270, Max: 0xffffffff, ABSOLUTE)

    Base Addr    Size         Type   Attr      Idx    E Section Name        Object

    0x20000058   0x0000000c   Zero   RW           84    .bss                bsp.o
    0x20000064   0x00000060   Zero   RW          632    .bss                c_w.l(libspace.o)
    0x200000c4   0x00000004   PAD
    0x200000c8   0x00000000   Zero   RW          530    HEAP                startup_tm4c123.o
    0x200000c8   0x00000200   Zero   RW          529    STACK               startup_tm4c123.o


==============================================================================

Image component sizes


      Code (inc. data)   RO Data    RW Data    ZI Data      Debug   Object Name

      5478        612       1403         68         12      36262   bsp.o
      2632        310          0         20          0       2968   bsptestmain.o
       292         18        620          0        512       5676   startup_tm4c123.o

    ----------------------------------------------------------------------
      8416        940       2056         88        524      44906   Object Totals
         0          0         32          0          0          0   (incl. Generated)
        14          0          1          0          0          0   (incl. Padding)

    ----------------------------------------------------------------------

      Code (inc. data)   RO Data    RW Data    ZI Data      Debug   Library Member Name

         8          0          0          0          0         68   __main.o
         0          0          0          0          0          0   __rtentry.o
        12          0          0          0          0          0   __rtentry2.o
         6          0          0          0          0          0   __rtentry4.o
        52          8          0          0          0          0   __scatter.o
        26          0          0          0          0          0   __scatter_copy.o
        28          0          0          0          0          0   __scatter_zi.o
        18          0          0          0          0         80   exit.o
         6          0          0          0          0        152   heapauxi.o
         0          0          0          0          0          0   indicate_semi.o
         2          0          0          0          0          0   libinit.o
         2          0          0          0          0          0   libinit2.o
         2          0          0          0          0          0   libshutdown.o
         2          0          0          0          0          0   libshutdown2.o
         8          4          0          0         96         68   libspace.o
         2          0          0          0          0          0   rtexit.o
        10          0          0          0          0          0   rtexit2.o
        12          4          0          0          0         68   sys_exit.o
        74          0          0          0          0         80   sys_stackheap_outer.o
         2          0          0          0          0         68   use_no_semi.o

    ----------------------------------------------------------------------
       280         16          0          0        100        584   Library Totals
         8          0          0          0          4          0   (incl. Padding)

    ----------------------------------------------------------------------

      Code (inc. data)   RO Data    RW Data    ZI Data      Debug   Library Name

       272         16          0          0         96        584   c_w.l

    ----------------------------------------------------------------------
       280         16          0          0        100        584   Library Totals

    ----------------------------------------------------------------------

==============================================================================


      Code (inc. data)   RO Data    RW Data    ZI Data      Debug   

      8696        956       2056         88        624      42574   Grand Totals
      8696        956       2056         88        624      42574   ELF Image Totals
      8696        956       2056         88          0          0   ROM Totals

==============================================================================

    Total RO  Size (Code + RO Data)                10752 (  10.50kB)
    Total RW  Size (RW Data + ZI Data)               712 (   0.70kB)
    Total ROM Size (Code + RO Data + RW Data)      10840 (  10.59kB)

==============================================================================

