


ARM Macro Assembler    Page 1 


    1 00000000         ;Random number generator;
    2 00000000         ; Linear congruential generator 
    3 00000000         ; from Numerical Recipes by Press et al.
    4 00000000         ; Jonathan Valvano
    5 00000000         
    6 00000000         ; How to use: 
    7 00000000         ; 1) call Random_Init once with a seed
    8 00000000         ;     Random_Init(1);
    9 00000000         ;     Random_Init(NVIC_CURRENT_R);
   10 00000000         ; 2) call Random over and over to get a new random numbe
                       r
   11 00000000         ;   n = Random();    // 32 bit number
   12 00000000         ;   m = (Random()>>24)%60; // a number from 0 to 59
   13 00000000         
   14 00000000                 THUMB
   15 00000000                 AREA             DATA, ALIGN=2
   16 00000000 00 00 00 
              00       M       SPACE            4
   17 00000004                 ALIGN
   18 00000004                 AREA             |.text|, CODE, READONLY, ALIGN=
2
   19 00000000                 EXPORT           Random_Init
   20 00000000                 EXPORT           Random
   21 00000000                 EXPORT           Random16
   22 00000000                 EXPORT           Random32
   23 00000000         Random_Init
   24 00000000 4A11            LDR              R2,=M       ; R4 = &M, R4 point
                                                            s to M
   25 00000002 F04F 0001       MOV              R0,#1       ; Initial seed
   26 00000006 6010            STR              R0,[R2]     ; M=1
   27 00000008 4770            BX               LR
   28 0000000A         ;------------Random32------------
   29 0000000A         ; Return R0= random number
   30 0000000A         ; Linear congruential generator 
   31 0000000A         ; from Numerical Recipes by Press et al.
   32 0000000A 4A0F    Random32
                               LDR              R2,=M       ; R2 = &M, R4 point
                                                            s to M
   33 0000000C 6810            LDR              R0,[R2]     ; R0=M
   34 0000000E 490F            LDR              R1,=1664525
   35 00000010 FB00 F001       MUL              R0,R0,R1    ; R0 = 1664525*M
   36 00000014 490E            LDR              R1,=1013904223
   37 00000016 4408            ADD              R0,R1       ; 1664525*M+1013904
                                                            223 
   38 00000018 6010            STR              R0,[R2]     ; store M
   39 0000001A 4770            BX               LR
   40 0000001C         
   41 0000001C         ;------------Random16------------
   42 0000001C         ; Return R0= random number, 0 to 65,535
   43 0000001C         ; Linear congruential generator 
   44 0000001C         ; from Numerical Recipes by Press et al.
   45 0000001C 4A0A    Random16
                               LDR              R2,=M       ; R2 = &M, R4 point
                                                            s to M
   46 0000001E 6810            LDR              R0,[R2]     ; R0=M
   47 00000020 490A            LDR              R1,=1664525
   48 00000022 FB00 F001       MUL              R0,R0,R1    ; R0 = 1664525*M
   49 00000026 490A            LDR              R1,=1013904223
   50 00000028 4408            ADD              R0,R1       ; 1664525*M+1013904



ARM Macro Assembler    Page 2 


                                                            223 
   51 0000002A 6010            STR              R0,[R2]     ; store M
   52 0000002C EA4F 4010       LSR              R0,R0,#16   ; top 16 bits of nu
                                                            mber
   53 00000030 4770            BX               LR
   54 00000032         
   55 00000032         ;------------Random------------
   56 00000032         ; Return R0= random number, 0 to 255
   57 00000032         ; Linear congruential generator 
   58 00000032         ; from Numerical Recipes by Press et al.
   59 00000032 4A05    Random  LDR              R2,=M       ; R2 = &M, R4 point
                                                            s to M
   60 00000034 6810            LDR              R0,[R2]     ; R0=M
   61 00000036 4905            LDR              R1,=1664525
   62 00000038 FB00 F001       MUL              R0,R0,R1    ; R0 = 1664525*M
   63 0000003C 4904            LDR              R1,=1013904223
   64 0000003E 4408            ADD              R0,R1       ; 1664525*M+1013904
                                                            223 
   65 00000040 6010            STR              R0,[R2]     ; store M
   66 00000042 EA4F 6010       LSR              R0,R0,#24   ; top 8 bits of num
                                                            ber
   67 00000046 4770            BX               LR
   68 00000048                 ALIGN
   69 00000048                 END
              00000000 
              0019660D 
              3C6EF35F 
Command Line: --debug --xref --diag_suppress=9931 --cpu=Cortex-M4 --apcs=interw
ork --depend=.\objects\random.d -o.\objects\random.o -IC:\Keil_v5\TM4C123Valvan
oware\WorldShapers_4C123\RTE -IC:\Keil_v5\ARM\PACK\ARM\CMSIS\4.5.0\CMSIS\Includ
e -IC:\Keil_v5\ARM\PACK\Keil\TM4C_DFP\1.1.0\Device\Include\TM4C123 --predefine=
"__EVAL SETA 1" --predefine="__UVISION_VERSION SETA 521" --predefine="_RTE_ SET
A 1" --predefine="TM4C123GH6PM SETA 1" --list=.\listings\random.lst random.s



ARM Macro Assembler    Page 1 Alphabetic symbol ordering
Relocatable symbols

DATA 00000000

Symbol: DATA
   Definitions
      At line 15 in file random.s
   Uses
      None
Comment: DATA unused
M 00000000

Symbol: M
   Definitions
      At line 16 in file random.s
   Uses
      At line 24 in file random.s
      At line 32 in file random.s
      At line 45 in file random.s
      At line 59 in file random.s

2 symbols



ARM Macro Assembler    Page 1 Alphabetic symbol ordering
Relocatable symbols

.text 00000000

Symbol: .text
   Definitions
      At line 18 in file random.s
   Uses
      None
Comment: .text unused
Random 00000032

Symbol: Random
   Definitions
      At line 59 in file random.s
   Uses
      At line 20 in file random.s
Comment: Random used once
Random16 0000001C

Symbol: Random16
   Definitions
      At line 45 in file random.s
   Uses
      At line 21 in file random.s
Comment: Random16 used once
Random32 0000000A

Symbol: Random32
   Definitions
      At line 32 in file random.s
   Uses
      At line 22 in file random.s
Comment: Random32 used once
Random_Init 00000000

Symbol: Random_Init
   Definitions
      At line 23 in file random.s
   Uses
      At line 19 in file random.s
Comment: Random_Init used once
5 symbols
343 symbols in table
