Component: ARM Compiler 5.06 update 3 (build 300) Tool: armlink [4d35c9]

==============================================================================

Section Cross References

    bsp.o(i.BSP_Accelerometer_Init) refers to bsp.o(i.adcinit) for adcinit
    bsp.o(i.BSP_Buzzer_Init) refers to bsp.o(.data) for ClockFrequency
    bsp.o(i.BSP_Buzzer_Set) refers to bsp.o(.data) for PWMCycles
    bsp.o(i.BSP_Clock_GetFreq) refers to bsp.o(.data) for ClockFrequency
    bsp.o(i.BSP_Clock_InitFastest) refers to bsp.o(.data) for ClockFrequency
    bsp.o(i.BSP_Delay1ms) refers to bsp.o(.emb_text) for parrotdelay
    bsp.o(i.BSP_Joystick_Init) refers to bsp.o(i.adcinit) for adcinit
    bsp.o(i.BSP_LCD_DrawBitmap) refers to bsp.o(i.setAddrWindow) for setAddrWindow
    bsp.o(i.BSP_LCD_DrawBitmap) refers to bsp.o(i.writedata) for writedata
    bsp.o(i.BSP_LCD_DrawBitmap) refers to bsp.o(.data) for _width
    bsp.o(i.BSP_LCD_DrawChar) refers to bsp.o(i.setAddrWindow) for setAddrWindow
    bsp.o(i.BSP_LCD_DrawChar) refers to bsp.o(i.pushColor) for pushColor
    bsp.o(i.BSP_LCD_DrawChar) refers to bsp.o(.data) for _width
    bsp.o(i.BSP_LCD_DrawChar) refers to bsp.o(.constdata) for Font
    bsp.o(i.BSP_LCD_DrawCharS) refers to bsp.o(i.BSP_LCD_DrawPixel) for BSP_LCD_DrawPixel
    bsp.o(i.BSP_LCD_DrawCharS) refers to bsp.o(i.BSP_LCD_FillRect) for BSP_LCD_FillRect
    bsp.o(i.BSP_LCD_DrawCharS) refers to bsp.o(.data) for _width
    bsp.o(i.BSP_LCD_DrawCharS) refers to bsp.o(.constdata) for Font
    bsp.o(i.BSP_LCD_DrawFastHLine) refers to bsp.o(i.setAddrWindow) for setAddrWindow
    bsp.o(i.BSP_LCD_DrawFastHLine) refers to bsp.o(i.writedata) for writedata
    bsp.o(i.BSP_LCD_DrawFastHLine) refers to bsp.o(.data) for _width
    bsp.o(i.BSP_LCD_DrawFastVLine) refers to bsp.o(i.setAddrWindow) for setAddrWindow
    bsp.o(i.BSP_LCD_DrawFastVLine) refers to bsp.o(i.writedata) for writedata
    bsp.o(i.BSP_LCD_DrawFastVLine) refers to bsp.o(.data) for _width
    bsp.o(i.BSP_LCD_DrawPixel) refers to bsp.o(i.setAddrWindow) for setAddrWindow
    bsp.o(i.BSP_LCD_DrawPixel) refers to bsp.o(i.pushColor) for pushColor
    bsp.o(i.BSP_LCD_DrawPixel) refers to bsp.o(.data) for _width
    bsp.o(i.BSP_LCD_DrawString) refers to bsp.o(i.BSP_LCD_DrawChar) for BSP_LCD_DrawChar
    bsp.o(i.BSP_LCD_Drawaxes) refers to bsp.o(i.BSP_LCD_FillRect) for BSP_LCD_FillRect
    bsp.o(i.BSP_LCD_Drawaxes) refers to bsp.o(i.BSP_LCD_DrawFastHLine) for BSP_LCD_DrawFastHLine
    bsp.o(i.BSP_LCD_Drawaxes) refers to bsp.o(i.BSP_LCD_DrawFastVLine) for BSP_LCD_DrawFastVLine
    bsp.o(i.BSP_LCD_Drawaxes) refers to bsp.o(i.BSP_LCD_DrawPixel) for BSP_LCD_DrawPixel
    bsp.o(i.BSP_LCD_Drawaxes) refers to bsp.o(i.BSP_LCD_DrawChar) for BSP_LCD_DrawChar
    bsp.o(i.BSP_LCD_Drawaxes) refers to bsp.o(.data) for Ymax
    bsp.o(i.BSP_LCD_FillRect) refers to bsp.o(i.setAddrWindow) for setAddrWindow
    bsp.o(i.BSP_LCD_FillRect) refers to bsp.o(i.writedata) for writedata
    bsp.o(i.BSP_LCD_FillRect) refers to bsp.o(.data) for _width
    bsp.o(i.BSP_LCD_FillScreen) refers to bsp.o(i.BSP_LCD_FillRect) for BSP_LCD_FillRect
    bsp.o(i.BSP_LCD_FillScreen) refers to bsp.o(.data) for _height
    bsp.o(i.BSP_LCD_Init) refers to bsp.o(i.ST7735_InitR) for ST7735_InitR
    bsp.o(i.BSP_LCD_OutUDec) refers to bsp.o(i.fillmessage) for fillmessage
    bsp.o(i.BSP_LCD_OutUDec) refers to bsp.o(i.BSP_LCD_DrawString) for BSP_LCD_DrawString
    bsp.o(i.BSP_LCD_OutUDec) refers to bsp.o(i.BSP_LCD_DrawChar) for BSP_LCD_DrawChar
    bsp.o(i.BSP_LCD_OutUDec) refers to bsp.o(.data) for StTextColor
    bsp.o(i.BSP_LCD_OutUDec) refers to bsp.o(.bss) for Message
    bsp.o(i.BSP_LCD_OutUDec4) refers to bsp.o(i.fillmessage4) for fillmessage4
    bsp.o(i.BSP_LCD_OutUDec4) refers to bsp.o(i.BSP_LCD_DrawString) for BSP_LCD_DrawString
    bsp.o(i.BSP_LCD_OutUDec4) refers to bsp.o(i.BSP_LCD_DrawChar) for BSP_LCD_DrawChar
    bsp.o(i.BSP_LCD_OutUDec4) refers to bsp.o(.data) for Messageindex
    bsp.o(i.BSP_LCD_OutUDec4) refers to bsp.o(.bss) for Message
    bsp.o(i.BSP_LCD_OutUDec5) refers to bsp.o(i.fillmessage5) for fillmessage5
    bsp.o(i.BSP_LCD_OutUDec5) refers to bsp.o(i.BSP_LCD_DrawString) for BSP_LCD_DrawString
    bsp.o(i.BSP_LCD_OutUDec5) refers to bsp.o(i.BSP_LCD_DrawChar) for BSP_LCD_DrawChar
    bsp.o(i.BSP_LCD_OutUDec5) refers to bsp.o(.data) for Messageindex
    bsp.o(i.BSP_LCD_OutUDec5) refers to bsp.o(.bss) for Message
    bsp.o(i.BSP_LCD_OutUFix2_1) refers to bsp.o(i.fillmessage2_1) for fillmessage2_1
    bsp.o(i.BSP_LCD_OutUFix2_1) refers to bsp.o(i.BSP_LCD_DrawString) for BSP_LCD_DrawString
    bsp.o(i.BSP_LCD_OutUFix2_1) refers to bsp.o(i.BSP_LCD_DrawChar) for BSP_LCD_DrawChar
    bsp.o(i.BSP_LCD_OutUFix2_1) refers to bsp.o(.data) for StY
    bsp.o(i.BSP_LCD_OutUFix2_1) refers to bsp.o(.bss) for Message
    bsp.o(i.BSP_LCD_OutUHex2) refers to bsp.o(i.fillmessage2_Hex) for fillmessage2_Hex
    bsp.o(i.BSP_LCD_OutUHex2) refers to bsp.o(i.BSP_LCD_DrawString) for BSP_LCD_DrawString
[...]
    rt_raise.o(.text) refers to __raise.o(.text) for __raise
    rt_raise.o(.text) refers to sys_exit.o(.text) for _sys_exit
    defsig_exit.o(.text) refers to sys_exit.o(.text) for _sys_exit
    defsig_rtmem_inner.o(.text) refers to defsig_general.o(.text) for __default_signal_display
    __raise.o(.text) refers to defsig.o(CL$$defsig) for __default_signal_handler
    defsig_general.o(.text) refers to sys_wrch.o(.text) for _ttywrch
    sys_wrch.o(.text) refers (Special) to use_no_semi.o(.text) for __I$use$semihosting
    sys_wrch.o(.text) refers (Special) to indicate_semi.o(.text) for __semihosting_library_function
    defsig.o(CL$$defsig) refers to defsig_rtmem_inner.o(.text) for __rt_SIGRTMEM_inner
    defsig_abrt_inner.o(.text) refers to defsig_general.o(.text) for __default_signal_display
    defsig_fpe_inner.o(.text) refers to defsig_general.o(.text) for __default_signal_display
    defsig_rtred_inner.o(.text) refers to defsig_general.o(.text) for __default_signal_display
    defsig_stak_inner.o(.text) refers to defsig_general.o(.text) for __default_signal_display
    defsig_pvfn_inner.o(.text) refers to defsig_general.o(.text) for __default_signal_display
    defsig_cppl_inner.o(.text) refers to defsig_general.o(.text) for __default_signal_display
    defsig_segv_inner.o(.text) refers to defsig_general.o(.text) for __default_signal_display
    defsig_other.o(.text) refers to defsig_general.o(.text) for __default_signal_display


==============================================================================

Removing Unused input sections from the image.

    Removing bsp.o(i.BSP_Accelerometer_Init), (176 bytes).
    Removing bsp.o(i.BSP_Accelerometer_Input), (72 bytes).
    Removing bsp.o(i.BSP_Button2_Init), (144 bytes).
    Removing bsp.o(i.BSP_Button2_Input), (12 bytes).
    Removing bsp.o(i.BSP_LCD_Color565), (24 bytes).
    Removing bsp.o(i.BSP_LCD_DrawCharS), (248 bytes).
    Removing bsp.o(i.BSP_LCD_DrawFastHLine), (124 bytes).
    Removing bsp.o(i.BSP_LCD_DrawPixel), (72 bytes).
    Removing bsp.o(i.BSP_LCD_DrawString), (86 bytes).
    Removing bsp.o(i.BSP_LCD_Drawaxes), (292 bytes).
    Removing bsp.o(i.BSP_LCD_OutUDec), (144 bytes).
    Removing bsp.o(i.BSP_LCD_OutUDec4), (136 bytes).
    Removing bsp.o(i.BSP_LCD_OutUDec5), (136 bytes).
    Removing bsp.o(i.BSP_LCD_OutUFix2_1), (112 bytes).
    Removing bsp.o(i.BSP_LCD_OutUHex2), (112 bytes).
    Removing bsp.o(i.BSP_LCD_PlotIncrement), (56 bytes).
    Removing bsp.o(i.BSP_LCD_PlotPoint), (100 bytes).
    Removing bsp.o(i.BSP_LCD_SwapColor), (18 bytes).
    Removing bsp.o(i.BSP_LightSensor_End), (68 bytes).
    Removing bsp.o(i.BSP_LightSensor_Init), (84 bytes).
    Removing bsp.o(i.BSP_LightSensor_Input), (52 bytes).
    Removing bsp.o(i.BSP_LightSensor_Start), (28 bytes).
    Removing bsp.o(i.BSP_Microphone_Init), (172 bytes).
    Removing bsp.o(i.BSP_Microphone_Input), (44 bytes).
    Removing bsp.o(i.BSP_PeriodicTask_Restart), (24 bytes).
    Removing bsp.o(i.BSP_PeriodicTask_Stop), (24 bytes).
    Removing bsp.o(i.BSP_PeriodicTask_StopB), (24 bytes).
    Removing bsp.o(i.BSP_RGB_D_Init), (344 bytes).
    Removing bsp.o(i.BSP_RGB_D_Set), (64 bytes).
    Removing bsp.o(i.BSP_RGB_D_Toggle), (60 bytes).
    Removing bsp.o(i.BSP_RGB_Init), (576 bytes).
    Removing bsp.o(i.BSP_RGB_Set), (80 bytes).
    Removing bsp.o(i.BSP_TempSensor_End), (76 bytes).
    Removing bsp.o(i.BSP_TempSensor_Init), (84 bytes).
    Removing bsp.o(i.BSP_TempSensor_Input), (60 bytes).
    Removing bsp.o(i.BSP_TempSensor_Start), (28 bytes).
    Removing bsp.o(i.BSP_Time_Get), (16 bytes).
    Removing bsp.o(i.BSP_Time_Init), (108 bytes).
    Removing bsp.o(i.I2C_Recv2), (120 bytes).
    Removing bsp.o(i.I2C_Send1), (72 bytes).
    Removing bsp.o(i.I2C_Send3), (176 bytes).
    Removing bsp.o(i.fillmessage), (72 bytes).
    Removing bsp.o(i.fillmessage2_1), (96 bytes).
    Removing bsp.o(i.fillmessage2_Hex), (84 bytes).
    Removing bsp.o(i.fillmessage4), (100 bytes).
    Removing bsp.o(i.fillmessage5), (128 bytes).
    Removing bsp.o(i.i2cinit), (148 bytes).
    Removing bsp.o(i.lightsensorend), (80 bytes).
    Removing bsp.o(i.lightsensorstart), (36 bytes).
    Removing bsp.o(i.tempsensorend), (68 bytes).
    Removing bsp.o(i.tempsensorstart), (18 bytes).
    Removing bsp.o(.bss), (12 bytes).
    Removing sound.o(i.Sound_EyesOfTexas), (28 bytes).
    Removing sound.o(i.Sound_Lowpitch), (28 bytes).
    Removing worldshapers.o(i.abs), (14 bytes).
    Removing os.o(i.OS_FIFO_Get), (56 bytes).
    Removing os.o(i.OS_FIFO_Init), (52 bytes).
    Removing os.o(i.OS_FIFO_Put), (88 bytes).
    Removing os.o(i.OS_Id), (12 bytes).
    Removing texas.o(i.PeriodicTask2_Stop), (36 bytes).
    Removing texas.o(i.TExaS_Clear0), (20 bytes).
    Removing texas.o(i.TExaS_Clear1), (20 bytes).
    Removing texas.o(i.TExaS_Clear2), (20 bytes).
    Removing texas.o(i.TExaS_Clear3), (20 bytes).
    Removing texas.o(i.TExaS_Clear4), (2 bytes).
    Removing texas.o(i.TExaS_Clear5), (20 bytes).
    Removing texas.o(i.TExaS_Clear6), (20 bytes).
    Removing texas.o(i.TExaS_Set0), (20 bytes).
    Removing texas.o(i.TExaS_Set1), (20 bytes).
    Removing texas.o(i.TExaS_Set2), (20 bytes).
    Removing texas.o(i.TExaS_Set3), (20 bytes).
    Removing texas.o(i.TExaS_Set4), (2 bytes).
    Removing texas.o(i.TExaS_Set5), (20 bytes).
    Removing texas.o(i.TExaS_Set6), (20 bytes).
    Removing texas.o(i.TExaS_Stop), (8 bytes).
    Removing texas.o(i.TExaS_Task2), (20 bytes).
    Removing texas.o(i.TExaS_Task4), (2 bytes).
    Removing texas.o(i.TExaS_Task5), (20 bytes).
    Removing texas.o(i.TExaS_Task6), (20 bytes).
    Removing texas.o(i.UART_InChar), (28 bytes).
    Removing texas.o(i.UART_OutChar), (24 bytes).
    Removing system_tm4c123.o(.rev16_text), (4 bytes).
    Removing system_tm4c123.o(.revsh_text), (4 bytes).
    Removing system_tm4c123.o(.rrx_text), (6 bytes).
    Removing system_tm4c123.o(i.SystemCoreClockUpdate), (196 bytes).
    Removing system_tm4c123.o(i.SystemInit), (136 bytes).
    Removing system_tm4c123.o(i.getOscClk), (248 bytes).
    Removing system_tm4c123.o(.data), (4 bytes).

88 unused section(s) (total 6568 bytes) removed from the image.

==============================================================================

Image Symbol Table

    Local Symbols

    Symbol Name                              Value     Ov Type        Size  Object(Section)

    RESET                                    0x00000000   Section      620  startup_tm4c123.o(RESET)
    ../clib/angel/boardlib.s                 0x00000000   Number         0  boardinit1.o ABSOLUTE
    ../clib/angel/boardlib.s                 0x00000000   Number         0  boardshut.o ABSOLUTE
    ../clib/angel/boardlib.s                 0x00000000   Number         0  boardinit2.o ABSOLUTE
    ../clib/angel/boardlib.s                 0x00000000   Number         0  boardinit3.o ABSOLUTE
    ../clib/angel/dczerorl2.s                0x00000000   Number         0  __dczerorl2.o ABSOLUTE
    ../clib/angel/handlers.s                 0x00000000   Number         0  __scatter_zi.o ABSOLUTE
    ../clib/angel/kernel.s                   0x00000000   Number         0  rtexit.o ABSOLUTE
    ../clib/angel/kernel.s                   0x00000000   Number         0  __rtentry.o ABSOLUTE
    ../clib/angel/kernel.s                   0x00000000   Number         0  rtexit2.o ABSOLUTE
    ../clib/angel/kernel.s                   0x00000000   Number         0  __rtentry4.o ABSOLUTE
    ../clib/angel/kernel.s                   0x00000000   Number         0  __rtentry2.o ABSOLUTE
    ../clib/angel/rt.s                       0x00000000   Number         0  rt_raise.o ABSOLUTE
    ../clib/angel/scatter.s                  0x00000000   Number         0  __scatter.o ABSOLUTE
    ../clib/angel/startup.s                  0x00000000   Number         0  __main.o ABSOLUTE
    ../clib/angel/sys.s                      0x00000000   Number         0  sys_stackheap_outer.o ABSOLUTE
    ../clib/angel/sys.s                      0x00000000   Number         0  libspace.o ABSOLUTE
    ../clib/angel/sys.s                      0x00000000   Number         0  indicate_semi.o ABSOLUTE
    ../clib/angel/sys.s                      0x00000000   Number         0  use_no_semi.o ABSOLUTE
    ../clib/angel/sysapp.c                   0x00000000   Number         0  sys_command.o ABSOLUTE
    ../clib/angel/sysapp.c                   0x00000000   Number         0  sys_wrch.o ABSOLUTE
    ../clib/angel/sysapp.c                   0x00000000   Number         0  sys_exit.o ABSOLUTE
    ../clib/armsys.c                         0x00000000   Number         0  argv_veneer.o ABSOLUTE
    ../clib/armsys.c                         0x00000000   Number         0  _get_argv_nomalloc.o ABSOLUTE
    ../clib/armsys.c                         0x00000000   Number         0  argv_veneer.o ABSOLUTE
    ../clib/armsys.c                         0x00000000   Number         0  no_argv.o ABSOLUTE
    ../clib/heapalloc.c                      0x00000000   Number         0  hrguard.o ABSOLUTE
    ../clib/heapaux.c                        0x00000000   Number         0  heapauxi.o ABSOLUTE
    ../clib/libinit.s                        0x00000000   Number         0  libshutdown2.o ABSOLUTE
    ../clib/libinit.s                        0x00000000   Number         0  libshutdown.o ABSOLUTE
    ../clib/libinit.s                        0x00000000   Number         0  libinit2.o ABSOLUTE
    ../clib/libinit.s                        0x00000000   Number         0  libinit.o ABSOLUTE
    ../clib/signal.c                         0x00000000   Number         0  defsig_abrt_inner.o ABSOLUTE
    ../clib/signal.c                         0x00000000   Number         0  defsig_rtred_inner.o ABSOLUTE
    ../clib/signal.c                         0x00000000   Number         0  defsig_general.o ABSOLUTE
    ../clib/signal.c                         0x00000000   Number         0  __raise.o ABSOLUTE
    ../clib/signal.c                         0x00000000   Number         0  defsig_rtmem_inner.o ABSOLUTE
    ../clib/signal.c                         0x00000000   Number         0  defsig_exit.o ABSOLUTE
    ../clib/signal.c                         0x00000000   Number         0  defsig_fpe_inner.o ABSOLUTE
    ../clib/signal.c                         0x00000000   Number         0  defsig_cppl_inner.o ABSOLUTE
    ../clib/signal.c                         0x00000000   Number         0  defsig_rtmem_formal.o ABSOLUTE
    ../clib/signal.c                         0x00000000   Number         0  defsig_rtmem_outer.o ABSOLUTE
    ../clib/signal.c                         0x00000000   Number         0  defsig_stak_inner.o ABSOLUTE
    ../clib/signal.c                         0x00000000   Number         0  defsig_pvfn_inner.o ABSOLUTE
    ../clib/signal.c                         0x00000000   Number         0  defsig_segv_inner.o ABSOLUTE
    ../clib/signal.c                         0x00000000   Number         0  defsig_other.o ABSOLUTE
    ../clib/signal.s                         0x00000000   Number         0  defsig.o ABSOLUTE
    ../clib/stdlib.c                         0x00000000   Number         0  exit.o ABSOLUTE
    ../fplib/fpinit.s                        0x00000000   Number         0  fpinit.o ABSOLUTE
    ..\\inc\\BSP.c                           0x00000000   Number         0  bsp.o ABSOLUTE
    ..\inc\BSP.c                             0x00000000   Number         0  bsp.o ABSOLUTE
    RTE\Device\TM4C123GH6PM\startup_TM4C123.s 0x00000000   Number         0  startup_tm4c123.o ABSOLUTE
    RTE\Device\TM4C123GH6PM\system_TM4C123.c 0x00000000   Number         0  system_tm4c123.o ABSOLUTE
    RTE\\Device\\TM4C123GH6PM\\system_TM4C123.c 0x00000000   Number         0  system_tm4c123.o ABSOLUTE
    Sound.c                                  0x00000000   Number         0  sound.o ABSOLUTE
    TExaS.c                                  0x00000000   Number         0  texas.o ABSOLUTE
    WorldShapers.c                           0x00000000   Number         0  worldshapers.o ABSOLUTE
    dc.s                                     0x00000000   Number         0  dc.o ABSOLUTE
    os.c                                     0x00000000   Number         0  os.o ABSOLUTE
    osasm.s                                  0x00000000   Number         0  osasm.o ABSOLUTE
    random.s                                 0x00000000   Number         0  random.o ABSOLUTE
    score.c                                  0x00000000   Number         0  score.o ABSOLUTE
    !!!main                                  0x0000026c   Section        8  __main.o(!!!main)
    !!!scatter                               0x00000274   Section       52  __scatter.o(!!!scatter)
    !!dczerorl2                              0x000002a8   Section       90  __dczerorl2.o(!!dczerorl2)
    !!handler_zi                             0x00000304   Section       28  __scatter_zi.o(!!handler_zi)
    .ARM.Collect$$libinit$$00000000          0x00000320   Section        2  libinit.o(.ARM.Collect$$libinit$$00000000)
    .ARM.Collect$$libinit$$00000002          0x00000322   Section        0  libinit2.o(.ARM.Collect$$libinit$$00000002)
    .ARM.Collect$$libinit$$00000004          0x00000322   Section        0  libinit2.o(.ARM.Collect$$libinit$$00000004)
    .ARM.Collect$$libinit$$0000000A          0x00000322   Section        0  libinit2.o(.ARM.Collect$$libinit$$0000000A)
    .ARM.Collect$$libinit$$0000000C          0x00000322   Section        0  libinit2.o(.ARM.Collect$$libinit$$0000000C)
    .ARM.Collect$$libinit$$0000000E          0x00000322   Section        0  libinit2.o(.ARM.Collect$$libinit$$0000000E)
    .ARM.Collect$$libinit$$00000011          0x00000322   Section        0  libinit2.o(.ARM.Collect$$libinit$$00000011)
    .ARM.Collect$$libinit$$00000013          0x00000322   Section        0  libinit2.o(.ARM.Collect$$libinit$$00000013)
    .ARM.Collect$$libinit$$00000015          0x00000322   Section        0  libinit2.o(.ARM.Collect$$libinit$$00000015)
    .ARM.Collect$$libinit$$00000017          0x00000322   Section        0  libinit2.o(.ARM.Collect$$libinit$$00000017)
    .ARM.Collect$$libinit$$00000019          0x00000322   Section        0  libinit2.o(.ARM.Collect$$libinit$$00000019)
    .ARM.Collect$$libinit$$0000001B          0x00000322   Section        0  libinit2.o(.ARM.Collect$$libinit$$0000001B)
    .ARM.Collect$$libinit$$0000001D          0x00000322   Section        0  libinit2.o(.ARM.Collect$$libinit$$0000001D)
    .ARM.Collect$$libinit$$0000001F          0x00000322   Section        0  libinit2.o(.ARM.Collect$$libinit$$0000001F)
    .ARM.Collect$$libinit$$00000021          0x00000322   Section        0  libinit2.o(.ARM.Collect$$libinit$$00000021)
    .ARM.Collect$$libinit$$00000023          0x00000322   Section        0  libinit2.o(.ARM.Collect$$libinit$$00000023)
    .ARM.Collect$$libinit$$00000025          0x00000322   Section        0  libinit2.o(.ARM.Collect$$libinit$$00000025)
    .ARM.Collect$$libinit$$0000002C          0x00000322   Section        0  libinit2.o(.ARM.Collect$$libinit$$0000002C)
    .ARM.Collect$$libinit$$0000002E          0x00000322   Section        0  libinit2.o(.ARM.Collect$$libinit$$0000002E)
    .ARM.Collect$$libinit$$00000030          0x00000322   Section        0  libinit2.o(.ARM.Collect$$libinit$$00000030)
    .ARM.Collect$$libinit$$00000032          0x00000322   Section        0  libinit2.o(.ARM.Collect$$libinit$$00000032)
    .ARM.Collect$$libinit$$00000033          0x00000322   Section        2  libinit2.o(.ARM.Collect$$libinit$$00000033)
    .ARM.Collect$$libshutdown$$00000000      0x00000324   Section        2  libshutdown.o(.ARM.Collect$$libshutdown$$00000000)
    .ARM.Collect$$libshutdown$$00000002      0x00000326   Section        0  libshutdown2.o(.ARM.Collect$$libshutdown$$00000002)
    .ARM.Collect$$libshutdown$$00000004      0x00000326   Section        0  libshutdown2.o(.ARM.Collect$$libshutdown$$00000004)
    .ARM.Collect$$libshutdown$$00000007      0x00000326   Section        0  libshutdown2.o(.ARM.Collect$$libshutdown$$00000007)
    .ARM.Collect$$libshutdown$$0000000A      0x00000326   Section        0  libshutdown2.o(.ARM.Collect$$libshutdown$$0000000A)
    .ARM.Collect$$libshutdown$$0000000C      0x00000326   Section        0  libshutdown2.o(.ARM.Collect$$libshutdown$$0000000C)
    .ARM.Collect$$libshutdown$$0000000F      0x00000326   Section        0  libshutdown2.o(.ARM.Collect$$libshutdown$$0000000F)
    .ARM.Collect$$libshutdown$$00000010      0x00000326   Section        2  libshutdown2.o(.ARM.Collect$$libshutdown$$00000010)
    .ARM.Collect$$rtentry$$00000000          0x00000328   Section        0  __rtentry.o(.ARM.Collect$$rtentry$$00000000)
    .ARM.Collect$$rtentry$$00000002          0x00000328   Section        0  __rtentry2.o(.ARM.Collect$$rtentry$$00000002)
    .ARM.Collect$$rtentry$$00000004          0x00000328   Section        6  __rtentry4.o(.ARM.Collect$$rtentry$$00000004)
    .ARM.Collect$$rtentry$$00000009          0x0000032e   Section        0  __rtentry2.o(.ARM.Collect$$rtentry$$00000009)
    .ARM.Collect$$rtentry$$0000000A          0x0000032e   Section        4  __rtentry2.o(.ARM.Collect$$rtentry$$0000000A)
    .ARM.Collect$$rtentry$$0000000C          0x00000332   Section        0  __rtentry2.o(.ARM.Collect$$rtentry$$0000000C)
    .ARM.Collect$$rtentry$$0000000D          0x00000332   Section        8  __rtentry2.o(.ARM.Collect$$rtentry$$0000000D)
    .ARM.Collect$$rtexit$$00000000           0x0000033a   Section        2  rtexit.o(.ARM.Collect$$rtexit$$00000000)
    .ARM.Collect$$rtexit$$00000002           0x0000033c   Section        0  rtexit2.o(.ARM.Collect$$rtexit$$00000002)
    .ARM.Collect$$rtexit$$00000003           0x0000033c   Section        4  rtexit2.o(.ARM.Collect$$rtexit$$00000003)
    .ARM.Collect$$rtexit$$00000004           0x00000340   Section        6  rtexit2.o(.ARM.Collect$$rtexit$$00000004)
    .emb_text                                0x00000348   Section        6  bsp.o(.emb_text)
    .text                                    0x00000350   Section       84  random.o(.text)
    .text                                    0x000003a4   Section       92  osasm.o(.text)
    .text                                    0x00000400   Section      292  startup_tm4c123.o(.text)
    .text                                    0x00000524   Section        0  heapauxi.o(.text)
    .text                                    0x0000052a   Section       74  sys_stackheap_outer.o(.text)
    .text                                    0x00000574   Section        0  exit.o(.text)
    .text                                    0x00000588   Section        8  libspace.o(.text)
    .text                                    0x00000590   Section        0  sys_exit.o(.text)
    .text                                    0x0000059c   Section        2  use_no_semi.o(.text)
    .text                                    0x0000059e   Section        0  indicate_semi.o(.text)
    i.ADC1_Init                              0x000005a0   Section        0  texas.o(i.ADC1_Init)
    i.BSP_Button1_Init                       0x00000668   Section        0  bsp.o(i.BSP_Button1_Init)
    i.BSP_Button1_Input                      0x000006e8   Section        0  bsp.o(i.BSP_Button1_Input)
    i.BSP_Buzzer_Init                        0x000006f4   Section        0  bsp.o(i.BSP_Buzzer_Init)
    i.BSP_Buzzer_Set                         0x000007c8   Section        0  bsp.o(i.BSP_Buzzer_Set)
    i.BSP_Clock_GetFreq                      0x000007e8   Section        0  bsp.o(i.BSP_Clock_GetFreq)
    i.BSP_Clock_InitFastest                  0x000007f4   Section        0  bsp.o(i.BSP_Clock_InitFastest)
    i.BSP_Delay1ms                           0x00000880   Section        0  bsp.o(i.BSP_Delay1ms)
    i.BSP_Joystick_Init                      0x00000898   Section        0  bsp.o(i.BSP_Joystick_Init)
    i.BSP_Joystick_Input                     0x000009c8   Section        0  bsp.o(i.BSP_Joystick_Input)
    i.BSP_LCD_DrawBitmap                     0x00000a08   Section        0  bsp.o(i.BSP_LCD_DrawBitmap)
    i.BSP_LCD_DrawChar                       0x00000b28   Section        0  bsp.o(i.BSP_LCD_DrawChar)
    i.BSP_LCD_DrawFastVLine                  0x00000c38   Section        0  bsp.o(i.BSP_LCD_DrawFastVLine)
    i.BSP_LCD_FillRect                       0x00000cb4   Section        0  bsp.o(i.BSP_LCD_FillRect)
    i.BSP_LCD_FillScreen                     0x00000d60   Section        0  bsp.o(i.BSP_LCD_FillScreen)
    i.BSP_LCD_Init                           0x00000d84   Section        0  bsp.o(i.BSP_LCD_Init)
    i.BSP_LCD_SetCursor                      0x00000d90   Section        0  bsp.o(i.BSP_LCD_SetCursor)
    i.BSP_PeriodicTask_Init                  0x00000db0   Section        0  bsp.o(i.BSP_PeriodicTask_Init)
    i.BSP_PeriodicTask_InitB                 0x00000e70   Section        0  bsp.o(i.BSP_PeriodicTask_InitB)
    i.BSP_PeriodicTask_InitC                 0x00000f2c   Section        0  bsp.o(i.BSP_PeriodicTask_InitC)
    i.BSP_PeriodicTask_StopC                 0x00000fe8   Section        0  bsp.o(i.BSP_PeriodicTask_StopC)
    i.ButtonTask                             0x00001000   Section        0  worldshapers.o(i.ButtonTask)
    i.CreateLand                             0x00001098   Section        0  worldshapers.o(i.CreateLand)
    i.CreateSprite                           0x000011a4   Section        0  worldshapers.o(i.CreateSprite)
    i.Distance                               0x000012c8   Section        0  worldshapers.o(i.Distance)
    i.DrawLand                               0x000013a8   Section        0  worldshapers.o(i.DrawLand)
    i.DrawSprites                            0x000013fc   Section        0  worldshapers.o(i.DrawSprites)
    i.EnemyCreateTask                        0x00001510   Section        0  worldshapers.o(i.EnemyCreateTask)
    i.EnemyHitsShip                          0x00001558   Section        0  worldshapers.o(i.EnemyHitsShip)
    i.EnemyTask                              0x0000164c   Section        0  worldshapers.o(i.EnemyTask)
    i.FindFreeEMissile                       0x00001b40   Section        0  worldshapers.o(i.FindFreeEMissile)
    i.FindFreeEnemy                          0x00001b6c   Section        0  worldshapers.o(i.FindFreeEnemy)
    i.FindFreeRocket                         0x00001b98   Section        0  worldshapers.o(i.FindFreeRocket)
    i.GPIOPortD_Handler                      0x00001bc4   Section        0  os.o(i.GPIOPortD_Handler)
    i.GameTask                               0x00001c00   Section        0  worldshapers.o(i.GameTask)
    i.IdleTask                               0x00001e1c   Section        0  worldshapers.o(i.IdleTask)
    i.Intermission                           0x00001e34   Section        0  worldshapers.o(i.Intermission)
    i.LogicAnalyzer                          0x00002348   Section        0  texas.o(i.LogicAnalyzer)
    i.MissileHitsShip                        0x0000235c   Section        0  worldshapers.o(i.MissileHitsShip)
    i.MoveLand                               0x0000242c   Section        0  worldshapers.o(i.MoveLand)
    i.MoveSprites                            0x00002478   Section        0  worldshapers.o(i.MoveSprites)
    i.OS_AddThread                           0x00002648   Section        0  os.o(i.OS_AddThread)
    i.OS_EdgeTrigger_Init                    0x000027a0   Section        0  os.o(i.OS_EdgeTrigger_Init)
    i.OS_EdgeTrigger_Restart                 0x00002884   Section        0  os.o(i.OS_EdgeTrigger_Restart)
    i.OS_Init                                0x000028a0   Section        0  os.o(i.OS_Init)
    i.OS_InitSemaphore                       0x000028d0   Section        0  os.o(i.OS_InitSemaphore)
    i.OS_Kill                                0x000028d4   Section        0  os.o(i.OS_Kill)
    i.OS_Launch                              0x00002970   Section        0  os.o(i.OS_Launch)
    i.OS_PeriodTrigger0_Init                 0x000029a4   Section        0  os.o(i.OS_PeriodTrigger0_Init)
    i.OS_PeriodTrigger1_Init                 0x000029cc   Section        0  os.o(i.OS_PeriodTrigger1_Init)
    i.OS_Signal                              0x000029f4   Section        0  os.o(i.OS_Signal)
    i.OS_Sleep                               0x00002a28   Section        0  os.o(i.OS_Sleep)
    i.OS_Suspend                             0x00002a3c   Section        0  os.o(i.OS_Suspend)
    i.OS_Wait                                0x00002a54   Section        0  os.o(i.OS_Wait)
    i.PeriodicTask2_Init                     0x00002a80   Section        0  texas.o(i.PeriodicTask2_Init)
    i.PlaySong                               0x00002b38   Section        0  sound.o(i.PlaySong)
    i.ReDrawLand                             0x00002bc4   Section        0  worldshapers.o(i.ReDrawLand)
    i.RealTimeEvents                         0x00002c0c   Section        0  os.o(i.RealTimeEvents)
    i.RocketHitsEnemy                        0x00002c78   Section        0  worldshapers.o(i.RocketHitsEnemy)
    i.RocketHitsMissile                      0x00002e00   Section        0  worldshapers.o(i.RocketHitsMissile)
    i.ST7735_InitR                           0x00002f30   Section        0  bsp.o(i.ST7735_InitR)
    ST7735_InitR                             0x00002f31   Thumb Code    86  bsp.o(i.ST7735_InitR)
    i.Scheduler                              0x00002fa4   Section        0  os.o(i.Scheduler)
    i.Scope                                  0x00002fd4   Section        0  texas.o(i.Scope)
    i.Score_OutHorizontal                    0x00002fe8   Section        0  score.o(i.Score_OutHorizontal)
    i.Score_OutVertical                      0x00003100   Section        0  score.o(i.Score_OutVertical)
    i.ShipHitsLand                           0x00003218   Section        0  worldshapers.o(i.ShipHitsLand)
    i.Sound_Explosion                        0x000032a8   Section        0  sound.o(i.Sound_Explosion)
    i.Sound_EyesOfTexasPieces                0x000032c4   Section        0  sound.o(i.Sound_EyesOfTexasPieces)
    i.Sound_Init                             0x0000335c   Section        0  sound.o(i.Sound_Init)
    i.Sound_Killed                           0x00003368   Section        0  sound.o(i.Sound_Killed)
    i.Sound_MissileRocket                    0x00003384   Section        0  sound.o(i.Sound_MissileRocket)
    i.Sound_PlayTone                         0x000033a0   Section        0  sound.o(i.Sound_PlayTone)
    i.Sound_Shoot                            0x000033f8   Section        0  sound.o(i.Sound_Shoot)
    i.TExaS_Init                             0x0000340c   Section        0  texas.o(i.TExaS_Init)
    i.TExaS_Task0                            0x00003460   Section        0  texas.o(i.TExaS_Task0)
    i.TExaS_Task1                            0x00003474   Section        0  texas.o(i.TExaS_Task1)
    i.TExaS_Task3                            0x00003488   Section        0  texas.o(i.TExaS_Task3)
    i.TIMER5A_Handler                        0x0000349c   Section        0  texas.o(i.TIMER5A_Handler)
    i.UART_Init                              0x000034b4   Section        0  texas.o(i.UART_Init)
    i.WideTimer3A_Handler                    0x00003550   Section        0  bsp.o(i.WideTimer3A_Handler)
    i.WideTimer4A_Handler                    0x00003568   Section        0  bsp.o(i.WideTimer4A_Handler)
    i.WideTimer5A_Handler                    0x00003580   Section        0  bsp.o(i.WideTimer5A_Handler)
    i.adcinit                                0x00003598   Section        0  bsp.o(i.adcinit)
    adcinit                                  0x00003599   Thumb Code    58  bsp.o(i.adcinit)
    i.commandList                            0x000035e4   Section        0  bsp.o(i.commandList)
    commandList                              0x000035e5   Thumb Code    86  bsp.o(i.commandList)
    i.commonInit                             0x0000363c   Section        0  bsp.o(i.commonInit)
    commonInit                               0x0000363d   Thumb Code   452  bsp.o(i.commonInit)
    i.hideallscreen                          0x00003840   Section        0  worldshapers.o(i.hideallscreen)
    i.main                                   0x00003864   Section        0  worldshapers.o(i.main)
    i.pushColor                              0x00003980   Section        0  bsp.o(i.pushColor)
    pushColor                                0x00003981   Thumb Code    18  bsp.o(i.pushColor)
    i.revealallscreen                        0x00003994   Section        0  worldshapers.o(i.revealallscreen)
    i.revealchar                             0x000039b8   Section        0  worldshapers.o(i.revealchar)
    i.revealstring                           0x00003a84   Section        0  worldshapers.o(i.revealstring)
    i.runperiodicevents                      0x00003b00   Section        0  os.o(i.runperiodicevents)
    runperiodicevents                        0x00003b01   Thumb Code    50  os.o(i.runperiodicevents)
    i.setAddrWindow                          0x00003b38   Section        0  bsp.o(i.setAddrWindow)
    setAddrWindow                            0x00003b39   Thumb Code   106  bsp.o(i.setAddrWindow)
    i.songTask                               0x00003bac   Section        0  sound.o(i.songTask)
    i.soundTask                              0x00003c68   Section        0  sound.o(i.soundTask)
    i.writecommand                           0x00003cb0   Section        0  bsp.o(i.writecommand)
    writecommand                             0x00003cb1   Thumb Code    62  bsp.o(i.writecommand)
    i.writedata                              0x00003cf8   Section        0  bsp.o(i.writedata)
    writedata                                0x00003cf9   Thumb Code    64  bsp.o(i.writedata)
    .constdata                               0x00003d40   Section     1403  bsp.o(.constdata)
    Font                                     0x00003d40   Data        1275  bsp.o(.constdata)
    Rcmd1                                    0x0000423b   Data          59  bsp.o(.constdata)
    Rcmd2green                               0x00004276   Data          13  bsp.o(.constdata)
    Rcmd2red                                 0x00004283   Data          13  bsp.o(.constdata)
    Rcmd3                                    0x00004290   Data          43  bsp.o(.constdata)
    .constdata                               0x000042bc   Section      364  sound.o(.constdata)
    .constdata                               0x00004428   Section     5754  worldshapers.o(.constdata)
    .constdata                               0x00005aa2   Section     1320  score.o(.constdata)
    .data                                    0x20000000   Section       68  bsp.o(.data)
    ClockFrequency                           0x20000000   Data           4  bsp.o(.data)
    PWMCycles                                0x20000004   Data           2  bsp.o(.data)
    ColStart                                 0x20000012   Data           1  bsp.o(.data)
    RowStart                                 0x20000013   Data           1  bsp.o(.data)
    _width                                   0x20000014   Data           2  bsp.o(.data)
    _height                                  0x20000016   Data           2  bsp.o(.data)
    .data                                    0x20000044   Section       36  sound.o(.data)
    Eyescount                                0x20000064   Data           4  sound.o(.data)
    .data                                    0x20000068   Section      188  worldshapers.o(.data)
    .data                                    0x20000124   Section       64  os.o(.data)
    ThreadId                                 0x2000012c   Data           4  os.o(.data)
    realCount                                0x20000160   Data           4  os.o(.data)
    .data                                    0x20000164   Section        8  texas.o(.data)
    DATA                                     0x2000016c   Section        4  random.o(DATA)
    M                                        0x2000016c   Data           4  random.o(DATA)
    .bss                                     0x20000170   Section     2544  worldshapers.o(.bss)
    .bss                                     0x20000b60   Section     8520  os.o(.bss)
    .bss                                     0x20002ca8   Section       96  libspace.o(.bss)
    HEAP                                     0x20002d08   Section        0  startup_tm4c123.o(HEAP)
    STACK                                    0x20002d08   Section      512  startup_tm4c123.o(STACK)
    Heap_Mem                                 0x20002d08   Data           0  startup_tm4c123.o(HEAP)
    Stack_Mem                                0x20002d08   Data         512  startup_tm4c123.o(STACK)
    __initial_sp                             0x20002f08   Data           0  startup_tm4c123.o(STACK)

    Global Symbols

    Symbol Name                              Value     Ov Type        Size  Object(Section)

    BuildAttributes$$THM_ISAv4$E$P$D$K$B$S$7EM$PE$A:L22UL41UL21$X:L11$S22US41US21$IEEE1$IW$USESV6$~STKCKD$USESV7$~SHL$OSPACE$ROPI$EBA8$UX$STANDARDLIB$REQ8$PRES8$EABIv2 0x00000000   Number         0  anon$$obj.o ABSOLUTE
    __ARM_use_no_argv                        0x00000000   Number         0  worldshapers.o ABSOLUTE
    __Vectors                                0x00000000   Data           4  startup_tm4c123.o(RESET)
    __ARM_exceptions_init                     - Undefined Weak Reference
    __alloca_initialize                       - Undefined Weak Reference
    __arm_preinit_                            - Undefined Weak Reference
    __cpp_initialize__aeabi_                  - Undefined Weak Reference
    __cxa_finalize                            - Undefined Weak Reference
    __rt_locale                               - Undefined Weak Reference
    __sigvec_lookup                           - Undefined Weak Reference
    _atexit_init                              - Undefined Weak Reference
    _call_atexit_fns                          - Undefined Weak Reference
    _clock_init                               - Undefined Weak Reference
    _fp_trap_init                             - Undefined Weak Reference
    _fp_trap_shutdown                         - Undefined Weak Reference
    _get_lc_collate                           - Undefined Weak Reference
    _get_lc_ctype                             - Undefined Weak Reference
    _get_lc_monetary                          - Undefined Weak Reference
    _get_lc_numeric                           - Undefined Weak Reference
    _get_lc_time                              - Undefined Weak Reference
    _getenv_init                              - Undefined Weak Reference
    _handle_redirection                       - Undefined Weak Reference
    _init_alloc                               - Undefined Weak Reference
    _init_user_alloc                          - Undefined Weak Reference
    _initio                                   - Undefined Weak Reference
    _rand_init                                - Undefined Weak Reference
    _signal_finish                            - Undefined Weak Reference
    _signal_init                              - Undefined Weak Reference
    _terminate_alloc                          - Undefined Weak Reference
    _terminate_user_alloc                     - Undefined Weak Reference
    _terminateio                              - Undefined Weak Reference
    __Vectors_End                            0x0000026c   Data           0  startup_tm4c123.o(RESET)
    __Vectors_Size                           0x0000026c   Number         0  startup_tm4c123.o ABSOLUTE
    __main                                   0x0000026d   Thumb Code     8  __main.o(!!!main)
    __scatterload                            0x00000275   Thumb Code     0  __scatter.o(!!!scatter)
    __scatterload_rt2                        0x00000275   Thumb Code    44  __scatter.o(!!!scatter)
    __scatterload_rt2_thumb_only             0x00000275   Thumb Code     0  __scatter.o(!!!scatter)
    __scatterload_null                       0x00000283   Thumb Code     0  __scatter.o(!!!scatter)
    __decompress                             0x000002a9   Thumb Code    90  __dczerorl2.o(!!dczerorl2)
    __decompress1                            0x000002a9   Thumb Code     0  __dczerorl2.o(!!dczerorl2)
    __scatterload_zeroinit                   0x00000305   Thumb Code    28  __scatter_zi.o(!!handler_zi)
    __rt_lib_init                            0x00000321   Thumb Code     0  libinit.o(.ARM.Collect$$libinit$$00000000)
    __rt_lib_init_alloca_1                   0x00000323   Thumb Code     0  libinit2.o(.ARM.Collect$$libinit$$0000002E)
    __rt_lib_init_argv_1                     0x00000323   Thumb Code     0  libinit2.o(.ARM.Collect$$libinit$$0000002C)
    __rt_lib_init_atexit_1                   0x00000323   Thumb Code     0  libinit2.o(.ARM.Collect$$libinit$$0000001B)
    __rt_lib_init_clock_1                    0x00000323   Thumb Code     0  libinit2.o(.ARM.Collect$$libinit$$00000021)
    __rt_lib_init_cpp_1                      0x00000323   Thumb Code     0  libinit2.o(.ARM.Collect$$libinit$$00000032)
    __rt_lib_init_exceptions_1               0x00000323   Thumb Code     0  libinit2.o(.ARM.Collect$$libinit$$00000030)
    __rt_lib_init_fp_1                       0x00000323   Thumb Code     0  libinit2.o(.ARM.Collect$$libinit$$00000002)
    __rt_lib_init_fp_trap_1                  0x00000323   Thumb Code     0  libinit2.o(.ARM.Collect$$libinit$$0000001F)
    __rt_lib_init_getenv_1                   0x00000323   Thumb Code     0  libinit2.o(.ARM.Collect$$libinit$$00000023)
    __rt_lib_init_heap_1                     0x00000323   Thumb Code     0  libinit2.o(.ARM.Collect$$libinit$$0000000A)
    __rt_lib_init_lc_collate_1               0x00000323   Thumb Code     0  libinit2.o(.ARM.Collect$$libinit$$00000011)
    __rt_lib_init_lc_ctype_1                 0x00000323   Thumb Code     0  libinit2.o(.ARM.Collect$$libinit$$00000013)
    __rt_lib_init_lc_monetary_1              0x00000323   Thumb Code     0  libinit2.o(.ARM.Collect$$libinit$$00000015)
    __rt_lib_init_lc_numeric_1               0x00000323   Thumb Code     0  libinit2.o(.ARM.Collect$$libinit$$00000017)
    __rt_lib_init_lc_time_1                  0x00000323   Thumb Code     0  libinit2.o(.ARM.Collect$$libinit$$00000019)
    __rt_lib_init_preinit_1                  0x00000323   Thumb Code     0  libinit2.o(.ARM.Collect$$libinit$$00000004)
    __rt_lib_init_rand_1                     0x00000323   Thumb Code     0  libinit2.o(.ARM.Collect$$libinit$$0000000E)
    __rt_lib_init_return                     0x00000323   Thumb Code     0  libinit2.o(.ARM.Collect$$libinit$$00000033)
    __rt_lib_init_signal_1                   0x00000323   Thumb Code     0  libinit2.o(.ARM.Collect$$libinit$$0000001D)
    __rt_lib_init_stdio_1                    0x00000323   Thumb Code     0  libinit2.o(.ARM.Collect$$libinit$$00000025)
    __rt_lib_init_user_alloc_1               0x00000323   Thumb Code     0  libinit2.o(.ARM.Collect$$libinit$$0000000C)
    __rt_lib_shutdown                        0x00000325   Thumb Code     0  libshutdown.o(.ARM.Collect$$libshutdown$$00000000)
    __rt_lib_shutdown_cpp_1                  0x00000327   Thumb Code     0  libshutdown2.o(.ARM.Collect$$libshutdown$$00000002)
    __rt_lib_shutdown_fp_trap_1              0x00000327   Thumb Code     0  libshutdown2.o(.ARM.Collect$$libshutdown$$00000007)
    __rt_lib_shutdown_heap_1                 0x00000327   Thumb Code     0  libshutdown2.o(.ARM.Collect$$libshutdown$$0000000F)
    __rt_lib_shutdown_return                 0x00000327   Thumb Code     0  libshutdown2.o(.ARM.Collect$$libshutdown$$00000010)
    __rt_lib_shutdown_signal_1               0x00000327   Thumb Code     0  libshutdown2.o(.ARM.Collect$$libshutdown$$0000000A)
    __rt_lib_shutdown_stdio_1                0x00000327   Thumb Code     0  libshutdown2.o(.ARM.Collect$$libshutdown$$00000004)
    __rt_lib_shutdown_user_alloc_1           0x00000327   Thumb Code     0  libshutdown2.o(.ARM.Collect$$libshutdown$$0000000C)
    __rt_entry                               0x00000329   Thumb Code     0  __rtentry.o(.ARM.Collect$$rtentry$$00000000)
    __rt_entry_presh_1                       0x00000329   Thumb Code     0  __rtentry2.o(.ARM.Collect$$rtentry$$00000002)
    __rt_entry_sh                            0x00000329   Thumb Code     0  __rtentry4.o(.ARM.Collect$$rtentry$$00000004)
    __rt_entry_li                            0x0000032f   Thumb Code     0  __rtentry2.o(.ARM.Collect$$rtentry$$0000000A)
    __rt_entry_postsh_1                      0x0000032f   Thumb Code     0  __rtentry2.o(.ARM.Collect$$rtentry$$00000009)
    __rt_entry_main                          0x00000333   Thumb Code     0  __rtentry2.o(.ARM.Collect$$rtentry$$0000000D)
    __rt_entry_postli_1                      0x00000333   Thumb Code     0  __rtentry2.o(.ARM.Collect$$rtentry$$0000000C)
    __rt_exit                                0x0000033b   Thumb Code     0  rtexit.o(.ARM.Collect$$rtexit$$00000000)
    __rt_exit_ls                             0x0000033d   Thumb Code     0  rtexit2.o(.ARM.Collect$$rtexit$$00000003)
    __rt_exit_prels_1                        0x0000033d   Thumb Code     0  rtexit2.o(.ARM.Collect$$rtexit$$00000002)
    __rt_exit_exit                           0x00000341   Thumb Code     0  rtexit2.o(.ARM.Collect$$rtexit$$00000004)
    parrotdelay                              0x00000349   Thumb Code     6  bsp.o(.emb_text)
    Random_Init                              0x00000351   Thumb Code     0  random.o(.text)
    Random32                                 0x0000035b   Thumb Code     2  random.o(.text)
    Random16                                 0x0000036d   Thumb Code     2  random.o(.text)
    Random                                   0x00000383   Thumb Code     2  random.o(.text)
    SysTick_Handler                          0x000003a5   Thumb Code     0  osasm.o(.text)
    StartOS                                  0x000003cb   Thumb Code     0  osasm.o(.text)
    PendSV_Handler                           0x000003e9   Thumb Code     0  osasm.o(.text)
    Reset_Handler                            0x00000401   Thumb Code     4  startup_tm4c123.o(.text)
    NMI_Handler                              0x00000405   Thumb Code     2  startup_tm4c123.o(.text)
    HardFault_Handler                        0x00000407   Thumb Code     2  startup_tm4c123.o(.text)
    MemManage_Handler                        0x00000409   Thumb Code     2  startup_tm4c123.o(.text)
    BusFault_Handler                         0x0000040b   Thumb Code     2  startup_tm4c123.o(.text)
    UsageFault_Handler                       0x0000040d   Thumb Code     2  startup_tm4c123.o(.text)
    SVC_Handler                              0x0000040f   Thumb Code     2  startup_tm4c123.o(.text)
    DebugMon_Handler                         0x00000411   Thumb Code     2  startup_tm4c123.o(.text)
    GPIOPortA_Handler                        0x00000417   Thumb Code     2  startup_tm4c123.o(.text)
    GPIOPortB_Handler                        0x00000419   Thumb Code     2  startup_tm4c123.o(.text)
    GPIOPortC_Handler                        0x0000041b   Thumb Code     2  startup_tm4c123.o(.text)
    GPIOPortE_Handler                        0x0000041f   Thumb Code     2  startup_tm4c123.o(.text)
    UART0_Handler                            0x00000421   Thumb Code     2  startup_tm4c123.o(.text)
    UART1_Handler                            0x00000423   Thumb Code     2  startup_tm4c123.o(.text)
    SSI0_Handler                             0x00000425   Thumb Code     2  startup_tm4c123.o(.text)
    I2C0_Handler                             0x00000427   Thumb Code     2  startup_tm4c123.o(.text)
    PMW0_FAULT_Handler                       0x00000429   Thumb Code     2  startup_tm4c123.o(.text)
    PWM0Generator0_Handler                   0x0000042b   Thumb Code     2  startup_tm4c123.o(.text)
    PWM0Generator1_Handler                   0x0000042d   Thumb Code     2  startup_tm4c123.o(.text)
    PWM0Generator2_Handler                   0x0000042f   Thumb Code     2  startup_tm4c123.o(.text)
    Quadrature0_Handler                      0x00000431   Thumb Code     2  startup_tm4c123.o(.text)
    ADC0Seq0_Handler                         0x00000433   Thumb Code     2  startup_tm4c123.o(.text)
    ADC0Seq1_Handler                         0x00000435   Thumb Code     2  startup_tm4c123.o(.text)
    ADC0Seq2_Handler                         0x00000437   Thumb Code     2  startup_tm4c123.o(.text)
    ADC0Seq3_Handler                         0x00000439   Thumb Code     2  startup_tm4c123.o(.text)
    WDT_Handler                              0x0000043b   Thumb Code     2  startup_tm4c123.o(.text)
    TIMER0A_Handler                          0x0000043d   Thumb Code     2  startup_tm4c123.o(.text)
    TIMER0B_Handler                          0x0000043f   Thumb Code     2  startup_tm4c123.o(.text)
    TIMER1A_Handler                          0x00000441   Thumb Code     2  startup_tm4c123.o(.text)
    TIMER1B_Handler                          0x00000443   Thumb Code     2  startup_tm4c123.o(.text)
    TIMER2A_Handler                          0x00000445   Thumb Code     2  startup_tm4c123.o(.text)
    TIMER2B_Handler                          0x00000447   Thumb Code     2  startup_tm4c123.o(.text)
    COMP0_Handler                            0x00000449   Thumb Code     2  startup_tm4c123.o(.text)
    COMP1_Handler                            0x0000044b   Thumb Code     2  startup_tm4c123.o(.text)
    COMP2_Handler                            0x0000044d   Thumb Code     2  startup_tm4c123.o(.text)
    SYSCTL_Handler                           0x0000044f   Thumb Code     2  startup_tm4c123.o(.text)
    FlashCtl_Handler                         0x00000451   Thumb Code     2  startup_tm4c123.o(.text)
    GPIOPortF_Handler                        0x00000453   Thumb Code     2  startup_tm4c123.o(.text)
    GPIOPortG_Handler                        0x00000455   Thumb Code     2  startup_tm4c123.o(.text)
    GPIOPortH_Handler                        0x00000457   Thumb Code     2  startup_tm4c123.o(.text)
    UART2_Handler                            0x00000459   Thumb Code     2  startup_tm4c123.o(.text)
    SSI1_Handler                             0x0000045b   Thumb Code     2  startup_tm4c123.o(.text)
    TIMER3A_Handler                          0x0000045d   Thumb Code     2  startup_tm4c123.o(.text)
    TIMER3B_Handler                          0x0000045f   Thumb Code     2  startup_tm4c123.o(.text)
    I2C1_Handler                             0x00000461   Thumb Code     2  startup_tm4c123.o(.text)
    Quadrature1_Handler                      0x00000463   Thumb Code     2  startup_tm4c123.o(.text)
    CAN0_Handler                             0x00000465   Thumb Code     2  startup_tm4c123.o(.text)
    CAN1_Handler                             0x00000467   Thumb Code     2  startup_tm4c123.o(.text)
    CAN2_Handler                             0x00000469   Thumb Code     2  startup_tm4c123.o(.text)
    Hibernate_Handler                        0x0000046b   Thumb Code     2  startup_tm4c123.o(.text)
    USB0_Handler                             0x0000046d   Thumb Code     2  startup_tm4c123.o(.text)
    PWM0Generator3_Handler                   0x0000046f   Thumb Code     2  startup_tm4c123.o(.text)
    UDMA_Handler                             0x00000471   Thumb Code     2  startup_tm4c123.o(.text)
    UDMAERR_Handler                          0x00000473   Thumb Code     2  startup_tm4c123.o(.text)
    ADC1Seq0_Handler                         0x00000475   Thumb Code     2  startup_tm4c123.o(.text)
    ADC1Seq1_Handler                         0x00000477   Thumb Code     2  startup_tm4c123.o(.text)
    ADC1Seq2_Handler                         0x00000479   Thumb Code     2  startup_tm4c123.o(.text)
    ADC1Seq3_Handler                         0x0000047b   Thumb Code     2  startup_tm4c123.o(.text)
    GPIOPortJ_Handler                        0x0000047d   Thumb Code     2  startup_tm4c123.o(.text)
    GPIOPortK_Handler                        0x0000047f   Thumb Code     2  startup_tm4c123.o(.text)
    GPIOPortL_Handler                        0x00000481   Thumb Code     2  startup_tm4c123.o(.text)
    SSI2_Handler                             0x00000483   Thumb Code     2  startup_tm4c123.o(.text)
    SSI3_Handler                             0x00000485   Thumb Code     2  startup_tm4c123.o(.text)
    UART3_Handler                            0x00000487   Thumb Code     2  startup_tm4c123.o(.text)
    UART4_Handler                            0x00000489   Thumb Code     2  startup_tm4c123.o(.text)
    UART5_Handler                            0x0000048b   Thumb Code     2  startup_tm4c123.o(.text)
    UART6_Handler                            0x0000048d   Thumb Code     2  startup_tm4c123.o(.text)
    UART7_Handler                            0x0000048f   Thumb Code     2  startup_tm4c123.o(.text)
    I2C2_Handler                             0x00000491   Thumb Code     2  startup_tm4c123.o(.text)
    I2C3_Handler                             0x00000493   Thumb Code     2  startup_tm4c123.o(.text)
    TIMER4A_Handler                          0x00000495   Thumb Code     2  startup_tm4c123.o(.text)
    TIMER4B_Handler                          0x00000497   Thumb Code     2  startup_tm4c123.o(.text)
    TIMER5B_Handler                          0x0000049b   Thumb Code     2  startup_tm4c123.o(.text)
    WideTimer0A_Handler                      0x0000049d   Thumb Code     2  startup_tm4c123.o(.text)
    WideTimer0B_Handler                      0x0000049f   Thumb Code     2  startup_tm4c123.o(.text)
    WideTimer1A_Handler                      0x000004a1   Thumb Code     2  startup_tm4c123.o(.text)
    WideTimer1B_Handler                      0x000004a3   Thumb Code     2  startup_tm4c123.o(.text)
    WideTimer2A_Handler                      0x000004a5   Thumb Code     2  startup_tm4c123.o(.text)
    WideTimer2B_Handler                      0x000004a7   Thumb Code     2  startup_tm4c123.o(.text)
    WideTimer3B_Handler                      0x000004ab   Thumb Code     2  startup_tm4c123.o(.text)
    WideTimer4B_Handler                      0x000004af   Thumb Code     2  startup_tm4c123.o(.text)
    WideTimer5B_Handler                      0x000004b3   Thumb Code     2  startup_tm4c123.o(.text)
    FPU_Handler                              0x000004b5   Thumb Code     2  startup_tm4c123.o(.text)
    I2C4_Handler                             0x000004b7   Thumb Code     2  startup_tm4c123.o(.text)
    I2C5_Handler                             0x000004b9   Thumb Code     2  startup_tm4c123.o(.text)
    GPIOPortM_Handler                        0x000004bb   Thumb Code     2  startup_tm4c123.o(.text)
    GPIOPortN_Handler                        0x000004bd   Thumb Code     2  startup_tm4c123.o(.text)
    QEI2_Handler                             0x000004bf   Thumb Code     2  startup_tm4c123.o(.text)
    GPIOPortP0_Handler                       0x000004c1   Thumb Code     2  startup_tm4c123.o(.text)
    GPIOPortP1_Handler                       0x000004c3   Thumb Code     2  startup_tm4c123.o(.text)
    GPIOPortP2_Handler                       0x000004c5   Thumb Code     2  startup_tm4c123.o(.text)
    GPIOPortP3_Handler                       0x000004c7   Thumb Code     2  startup_tm4c123.o(.text)
    GPIOPortP4_Handler                       0x000004c9   Thumb Code     2  startup_tm4c123.o(.text)
    GPIOPortP5_Handler                       0x000004cb   Thumb Code     2  startup_tm4c123.o(.text)
    GPIOPortP6_Handler                       0x000004cd   Thumb Code     2  startup_tm4c123.o(.text)
    GPIOPortP7_Handler                       0x000004cf   Thumb Code     2  startup_tm4c123.o(.text)
    GPIOPortQ0_Handler                       0x000004d1   Thumb Code     2  startup_tm4c123.o(.text)
    GPIOPortQ1_Handler                       0x000004d3   Thumb Code     2  startup_tm4c123.o(.text)
    GPIOPortQ2_Handler                       0x000004d5   Thumb Code     2  startup_tm4c123.o(.text)
    GPIOPortQ3_Handler                       0x000004d7   Thumb Code     2  startup_tm4c123.o(.text)
    GPIOPortQ4_Handler                       0x000004d9   Thumb Code     2  startup_tm4c123.o(.text)
    GPIOPortQ5_Handler                       0x000004db   Thumb Code     2  startup_tm4c123.o(.text)
    GPIOPortQ6_Handler                       0x000004dd   Thumb Code     2  startup_tm4c123.o(.text)
    GPIOPortQ7_Handler                       0x000004df   Thumb Code     2  startup_tm4c123.o(.text)
    GPIOPortR_Handler                        0x000004e1   Thumb Code     2  startup_tm4c123.o(.text)
    GPIOPortS_Handler                        0x000004e3   Thumb Code     2  startup_tm4c123.o(.text)
    PWM1Generator0_Handler                   0x000004e5   Thumb Code     2  startup_tm4c123.o(.text)
    PWM1Generator1_Handler                   0x000004e7   Thumb Code     2  startup_tm4c123.o(.text)
    PWM1Generator2_Handler                   0x000004e9   Thumb Code     2  startup_tm4c123.o(.text)
    PWM1Generator3_Handler                   0x000004eb   Thumb Code     2  startup_tm4c123.o(.text)
    PWM1Fault_Handler                        0x000004ed   Thumb Code     2  startup_tm4c123.o(.text)
    DisableInterrupts                        0x000004f5   Thumb Code     0  startup_tm4c123.o(.text)
    EnableInterrupts                         0x000004f9   Thumb Code     0  startup_tm4c123.o(.text)
    StartCritical                            0x000004fd   Thumb Code     0  startup_tm4c123.o(.text)
    EndCritical                              0x00000505   Thumb Code     0  startup_tm4c123.o(.text)
    WaitForInterrupt                         0x0000050b   Thumb Code     0  startup_tm4c123.o(.text)
    __user_initial_stackheap                 0x0000050f   Thumb Code     0  startup_tm4c123.o(.text)
    __use_two_region_memory                  0x00000525   Thumb Code     2  heapauxi.o(.text)
    __rt_heap_escrow$2region                 0x00000527   Thumb Code     2  heapauxi.o(.text)
    __rt_heap_expand$2region                 0x00000529   Thumb Code     2  heapauxi.o(.text)
    __user_setup_stackheap                   0x0000052b   Thumb Code    74  sys_stackheap_outer.o(.text)
    exit                                     0x00000575   Thumb Code    18  exit.o(.text)
    __user_libspace                          0x00000589   Thumb Code     8  libspace.o(.text)
    __user_perproc_libspace                  0x00000589   Thumb Code     0  libspace.o(.text)
    __user_perthread_libspace                0x00000589   Thumb Code     0  libspace.o(.text)
    _sys_exit                                0x00000591   Thumb Code     8  sys_exit.o(.text)
    __I$use$semihosting                      0x0000059d   Thumb Code     0  use_no_semi.o(.text)
    __use_no_semihosting_swi                 0x0000059d   Thumb Code     2  use_no_semi.o(.text)
    __semihosting_library_function           0x0000059f   Thumb Code     0  indicate_semi.o(.text)
    ADC1_Init                                0x000005a1   Thumb Code   176  texas.o(i.ADC1_Init)
    BSP_Button1_Init                         0x00000669   Thumb Code   112  bsp.o(i.BSP_Button1_Init)
    BSP_Button1_Input                        0x000006e9   Thumb Code     8  bsp.o(i.BSP_Button1_Input)
    BSP_Buzzer_Init                          0x000006f5   Thumb Code   184  bsp.o(i.BSP_Buzzer_Init)
    BSP_Buzzer_Set                           0x000007c9   Thumb Code    24  bsp.o(i.BSP_Buzzer_Set)
    BSP_Clock_GetFreq                        0x000007e9   Thumb Code     6  bsp.o(i.BSP_Clock_GetFreq)
    BSP_Clock_InitFastest                    0x000007f5   Thumb Code   126  bsp.o(i.BSP_Clock_InitFastest)
    BSP_Delay1ms                             0x00000881   Thumb Code    22  bsp.o(i.BSP_Delay1ms)
    BSP_Joystick_Init                        0x00000899   Thumb Code   268  bsp.o(i.BSP_Joystick_Init)
    BSP_Joystick_Input                       0x000009c9   Thumb Code    56  bsp.o(i.BSP_Joystick_Input)
    BSP_LCD_DrawBitmap                       0x00000a09   Thumb Code   280  bsp.o(i.BSP_LCD_DrawBitmap)
    BSP_LCD_DrawChar                         0x00000b29   Thumb Code   260  bsp.o(i.BSP_LCD_DrawChar)
    BSP_LCD_DrawFastVLine                    0x00000c39   Thumb Code   116  bsp.o(i.BSP_LCD_DrawFastVLine)
    BSP_LCD_FillRect                         0x00000cb5   Thumb Code   164  bsp.o(i.BSP_LCD_FillRect)
    BSP_LCD_FillScreen                       0x00000d61   Thumb Code    28  bsp.o(i.BSP_LCD_FillScreen)
    BSP_LCD_Init                             0x00000d85   Thumb Code    10  bsp.o(i.BSP_LCD_Init)
    BSP_LCD_SetCursor                        0x00000d91   Thumb Code    22  bsp.o(i.BSP_LCD_SetCursor)
    BSP_PeriodicTask_Init                    0x00000db1   Thumb Code   162  bsp.o(i.BSP_PeriodicTask_Init)
    BSP_PeriodicTask_InitB                   0x00000e71   Thumb Code   160  bsp.o(i.BSP_PeriodicTask_InitB)
    BSP_PeriodicTask_InitC                   0x00000f2d   Thumb Code   160  bsp.o(i.BSP_PeriodicTask_InitC)
    BSP_PeriodicTask_StopC                   0x00000fe9   Thumb Code    14  bsp.o(i.BSP_PeriodicTask_StopC)
    ButtonTask                               0x00001001   Thumb Code   128  worldshapers.o(i.ButtonTask)
    CreateLand                               0x00001099   Thumb Code   254  worldshapers.o(i.CreateLand)
    CreateSprite                             0x000011a5   Thumb Code   284  worldshapers.o(i.CreateSprite)
    Distance                                 0x000012c9   Thumb Code   218  worldshapers.o(i.Distance)
    DrawLand                                 0x000013a9   Thumb Code    78  worldshapers.o(i.DrawLand)
    DrawSprites                              0x000013fd   Thumb Code   266  worldshapers.o(i.DrawSprites)
    EnemyCreateTask                          0x00001511   Thumb Code    52  worldshapers.o(i.EnemyCreateTask)
    EnemyHitsShip                            0x00001559   Thumb Code   228  worldshapers.o(i.EnemyHitsShip)
    EnemyTask                                0x0000164d   Thumb Code  1250  worldshapers.o(i.EnemyTask)
    FindFreeEMissile                         0x00001b41   Thumb Code    38  worldshapers.o(i.FindFreeEMissile)
    FindFreeEnemy                            0x00001b6d   Thumb Code    38  worldshapers.o(i.FindFreeEnemy)
    FindFreeRocket                           0x00001b99   Thumb Code    38  worldshapers.o(i.FindFreeRocket)
    GPIOPortD_Handler                        0x00001bc5   Thumb Code    50  os.o(i.GPIOPortD_Handler)
    GameTask                                 0x00001c01   Thumb Code   498  worldshapers.o(i.GameTask)
    IdleTask                                 0x00001e1d   Thumb Code    20  worldshapers.o(i.IdleTask)
    Intermission                             0x00001e35   Thumb Code   654  worldshapers.o(i.Intermission)
    LogicAnalyzer                            0x00002349   Thumb Code    12  texas.o(i.LogicAnalyzer)
    MissileHitsShip                          0x0000235d   Thumb Code   200  worldshapers.o(i.MissileHitsShip)
    MoveLand                                 0x0000242d   Thumb Code    64  worldshapers.o(i.MoveLand)
    MoveSprites                              0x00002479   Thumb Code   454  worldshapers.o(i.MoveSprites)
    OS_AddThread                             0x00002649   Thumb Code   322  os.o(i.OS_AddThread)
    OS_EdgeTrigger_Init                      0x000027a1   Thumb Code   198  os.o(i.OS_EdgeTrigger_Init)
    OS_EdgeTrigger_Restart                   0x00002885   Thumb Code    22  os.o(i.OS_EdgeTrigger_Restart)
    OS_Init                                  0x000028a1   Thumb Code    34  os.o(i.OS_Init)
    OS_InitSemaphore                         0x000028d1   Thumb Code     4  os.o(i.OS_InitSemaphore)
    OS_Kill                                  0x000028d5   Thumb Code   132  os.o(i.OS_Kill)
    OS_Launch                                0x00002971   Thumb Code    46  os.o(i.OS_Launch)
    OS_PeriodTrigger0_Init                   0x000029a5   Thumb Code    28  os.o(i.OS_PeriodTrigger0_Init)
    OS_PeriodTrigger1_Init                   0x000029cd   Thumb Code    28  os.o(i.OS_PeriodTrigger1_Init)
    OS_Signal                                0x000029f5   Thumb Code    46  os.o(i.OS_Signal)
    OS_Sleep                                 0x00002a29   Thumb Code    16  os.o(i.OS_Sleep)
    OS_Suspend                               0x00002a3d   Thumb Code    18  os.o(i.OS_Suspend)
    OS_Wait                                  0x00002a55   Thumb Code    40  os.o(i.OS_Wait)
    PeriodicTask2_Init                       0x00002a81   Thumb Code   160  texas.o(i.PeriodicTask2_Init)
    PlaySong                                 0x00002b39   Thumb Code   106  sound.o(i.PlaySong)
    ReDrawLand                               0x00002bc5   Thumb Code    66  worldshapers.o(i.ReDrawLand)
    RealTimeEvents                           0x00002c0d   Thumb Code    86  os.o(i.RealTimeEvents)
    RocketHitsEnemy                          0x00002c79   Thumb Code   380  worldshapers.o(i.RocketHitsEnemy)
    RocketHitsMissile                        0x00002e01   Thumb Code   298  worldshapers.o(i.RocketHitsMissile)
    Scheduler                                0x00002fa5   Thumb Code    42  os.o(i.Scheduler)
    Scope                                    0x00002fd5   Thumb Code    12  texas.o(i.Scope)
    Score_OutHorizontal                      0x00002fe9   Thumb Code   272  score.o(i.Score_OutHorizontal)
    Score_OutVertical                        0x00003101   Thumb Code   272  score.o(i.Score_OutVertical)
    ShipHitsLand                             0x00003219   Thumb Code   132  worldshapers.o(i.ShipHitsLand)
    Sound_Explosion                          0x000032a9   Thumb Code    16  sound.o(i.Sound_Explosion)
    Sound_EyesOfTexasPieces                  0x000032c5   Thumb Code   134  sound.o(i.Sound_EyesOfTexasPieces)
    Sound_Init                               0x0000335d   Thumb Code    10  sound.o(i.Sound_Init)
    Sound_Killed                             0x00003369   Thumb Code    16  sound.o(i.Sound_Killed)
    Sound_MissileRocket                      0x00003385   Thumb Code    16  sound.o(i.Sound_MissileRocket)
    Sound_PlayTone                           0x000033a1   Thumb Code    70  sound.o(i.Sound_PlayTone)
    Sound_Shoot                              0x000033f9   Thumb Code    18  sound.o(i.Sound_Shoot)
    TExaS_Init                               0x0000340d   Thumb Code    72  texas.o(i.TExaS_Init)
    TExaS_Task0                              0x00003461   Thumb Code    16  texas.o(i.TExaS_Task0)
    TExaS_Task1                              0x00003475   Thumb Code    16  texas.o(i.TExaS_Task1)
    TExaS_Task3                              0x00003489   Thumb Code    16  texas.o(i.TExaS_Task3)
    TIMER5A_Handler                          0x0000349d   Thumb Code    16  texas.o(i.TIMER5A_Handler)
    UART_Init                                0x000034b5   Thumb Code   138  texas.o(i.UART_Init)
    WideTimer3A_Handler                      0x00003551   Thumb Code    16  bsp.o(i.WideTimer3A_Handler)
    WideTimer4A_Handler                      0x00003569   Thumb Code    16  bsp.o(i.WideTimer4A_Handler)
    WideTimer5A_Handler                      0x00003581   Thumb Code    16  bsp.o(i.WideTimer5A_Handler)
    hideallscreen                            0x00003841   Thumb Code    30  worldshapers.o(i.hideallscreen)
    main                                     0x00003865   Thumb Code   230  worldshapers.o(i.main)
    revealallscreen                          0x00003995   Thumb Code    30  worldshapers.o(i.revealallscreen)
    revealchar                               0x000039b9   Thumb Code   198  worldshapers.o(i.revealchar)
    revealstring                             0x00003a85   Thumb Code   120  worldshapers.o(i.revealstring)
    songTask                                 0x00003bad   Thumb Code   160  sound.o(i.songTask)
    soundTask                                0x00003c69   Thumb Code    58  sound.o(i.soundTask)
    EyesFreq                                 0x000042bc   Data          60  sound.o(.constdata)
    EyesDuration                             0x000042f8   Data          60  sound.o(.constdata)
    EyesVolume                               0x00004334   Data          30  sound.o(.constdata)
    KilledFreq                               0x00004354   Data          24  sound.o(.constdata)
    KilledDuration                           0x0000436c   Data          24  sound.o(.constdata)
    KilledVolume                             0x00004384   Data          12  sound.o(.constdata)
    RocketFreq                               0x00004390   Data          24  sound.o(.constdata)
    RocketDuration                           0x000043a8   Data          24  sound.o(.constdata)
    RocketVolume                             0x000043c0   Data          12  sound.o(.constdata)
    ExplosionFreq                            0x000043cc   Data          12  sound.o(.constdata)
    ExplosionDuration                        0x000043d8   Data          12  sound.o(.constdata)
    ExplosionVolume                          0x000043e4   Data           6  sound.o(.constdata)
    LowpitchFreq                             0x000043ec   Data          24  sound.o(.constdata)
    LowpitchDuration                         0x00004404   Data          24  sound.o(.constdata)
    LowpitchVolume                           0x0000441c   Data          12  sound.o(.constdata)
    ship0                                    0x00004428   Data         468  worldshapers.o(.constdata)
    ship1                                    0x000045fc   Data         468  worldshapers.o(.constdata)
    ship3                                    0x000047d0   Data         468  worldshapers.o(.constdata)
    rocket0                                  0x000049a4   Data          48  worldshapers.o(.constdata)
    rocket1                                  0x000049d4   Data          48  worldshapers.o(.constdata)
    rocket3                                  0x00004a04   Data          48  worldshapers.o(.constdata)
    bender0                                  0x00004a34   Data         220  worldshapers.o(.constdata)
    bender1                                  0x00004b10   Data         220  worldshapers.o(.constdata)
    bender3                                  0x00004bec   Data         220  worldshapers.o(.constdata)
    missile0                                 0x00004cc8   Data          50  worldshapers.o(.constdata)
    missile1                                 0x00004cfa   Data          50  worldshapers.o(.constdata)
    missile3                                 0x00004d2c   Data          50  worldshapers.o(.constdata)
    cute0                                    0x00004d5e   Data         242  worldshapers.o(.constdata)
    cute1                                    0x00004e50   Data         242  worldshapers.o(.constdata)
    cute3                                    0x00004f42   Data         242  worldshapers.o(.constdata)
    big0                                     0x00005034   Data         882  worldshapers.o(.constdata)
    big1                                     0x000053a6   Data         882  worldshapers.o(.constdata)
    big3                                     0x00005718   Data         882  worldshapers.o(.constdata)
    RandomColors                             0x00005a8a   Data          24  worldshapers.o(.constdata)
    SmallFontVertical                        0x00005aa2   Data         600  score.o(.constdata)
    dblank                                   0x00005cfa   Data          60  score.o(.constdata)
    SmallFontHorizontal                      0x00005d36   Data         600  score.o(.constdata)
    eblank                                   0x00005f8e   Data          60  score.o(.constdata)
    Region$$Table$$Base                      0x00005fcc   Number         0  anon$$obj.o(Region$$Table)
    Region$$Table$$Limit                     0x00005fec   Number         0  anon$$obj.o(Region$$Table)
    StX                                      0x20000008   Data           4  bsp.o(.data)
    StY                                      0x2000000c   Data           4  bsp.o(.data)
    StTextColor                              0x20000010   Data           2  bsp.o(.data)
    Messageindex                             0x20000018   Data           4  bsp.o(.data)
    TimeIndex                                0x2000001c   Data           4  bsp.o(.data)
    Ymax                                     0x20000020   Data           4  bsp.o(.data)
    Ymin                                     0x20000024   Data           4  bsp.o(.data)
    Yrange                                   0x20000028   Data           4  bsp.o(.data)
    PlotBGColor                              0x2000002c   Data           2  bsp.o(.data)
    PeriodicTask                             0x20000030   Data           4  bsp.o(.data)
    PeriodicTaskB                            0x20000034   Data           4  bsp.o(.data)
    PeriodicTaskC                            0x20000038   Data           4  bsp.o(.data)
    LightBusy                                0x2000003c   Data           4  bsp.o(.data)
    TempBusy                                 0x20000040   Data           4  bsp.o(.data)
    soundTime                                0x20000044   Data           4  sound.o(.data)
    soundDuration                            0x20000048   Data           4  sound.o(.data)
    soundVolume                              0x2000004c   Data           2  sound.o(.data)
    SongFreq                                 0x20000050   Data           4  sound.o(.data)
    SongDuration                             0x20000054   Data           4  sound.o(.data)
    SongVolume                               0x20000058   Data           4  sound.o(.data)
    MaxNote                                  0x2000005c   Data           4  sound.o(.data)
    SongCount                                0x20000060   Data           4  sound.o(.data)
    NewData                                  0x20000068   Data           4  worldshapers.o(.data)
    RunGame                                  0x2000006c   Data           4  worldshapers.o(.data)
    Button                                   0x20000070   Data           4  worldshapers.o(.data)
    CreateEnemy                              0x20000074   Data           4  worldshapers.o(.data)
    Mutex                                    0x20000078   Data           4  worldshapers.o(.data)
    IntermissionFlag                         0x2000007c   Data           4  worldshapers.o(.data)
    Levels                                   0x20000080   Data         140  worldshapers.o(.data)
    CurrentLevel                             0x2000010c   Data           4  worldshapers.o(.data)
    KillsThisLevel                           0x20000110   Data           4  worldshapers.o(.data)
    DesiredPlace                             0x20000114   Data           2  worldshapers.o(.data)
    Score                                    0x20000118   Data           4  worldshapers.o(.data)
    LandCount                                0x2000011c   Data           1  worldshapers.o(.data)
    LandDuration                             0x2000011d   Data           1  worldshapers.o(.data)
    Freetime                                 0x20000120   Data           4  worldshapers.o(.data)
    RunPt                                    0x20000124   Data           4  os.o(.data)
    NumThread                                0x20000128   Data           4  os.o(.data)
    previousPt                               0x20000130   Data           4  os.o(.data)
    nextPt                                   0x20000134   Data           4  os.o(.data)
    killPt                                   0x20000138   Data           4  os.o(.data)
    PutI                                     0x2000013c   Data           4  os.o(.data)
    GetI                                     0x20000140   Data           4  os.o(.data)
    CurrentSize                              0x20000144   Data           4  os.o(.data)
    LostData                                 0x20000148   Data           4  os.o(.data)
    PeriodicSemaphore0                       0x2000014c   Data           4  os.o(.data)
    Period0                                  0x20000150   Data           4  os.o(.data)
    PeriodicSemaphore1                       0x20000154   Data           4  os.o(.data)
    Period1                                  0x20000158   Data           4  os.o(.data)
    edgeSemaphore                            0x2000015c   Data           4  os.o(.data)
    LogicData                                0x20000164   Data           1  texas.o(.data)
    PeriodicTask2                            0x20000168   Data           4  texas.o(.data)
    Things                                   0x20000170   Data        1980  worldshapers.o(.bss)
    Landscape                                0x2000092c   Data         512  worldshapers.o(.bss)
    RevealScreen                             0x20000b2c   Data          52  worldshapers.o(.bss)
    tcbs                                     0x20000b60   Data         480  os.o(.bss)
    Stacks                                   0x20000d40   Data        8000  os.o(.bss)
    Fifo                                     0x20002c80   Data          40  os.o(.bss)
    __libspace_start                         0x20002ca8   Data          96  libspace.o(.bss)
    __temporary_stack_top$libspace           0x20002d08   Data           0  libspace.o(.bss)



==============================================================================

Memory Map of the image

  Image Entry point : 0x00000401

  Load Region LR_1 (Base: 0x00000000, Size: 0x0000615c, Max: 0xffffffff, ABSOLUTE, COMPRESSED[0x0000603c])

    Execution Region ER_RO (Base: 0x00000000, Size: 0x00005fec, Max: 0xffffffff, ABSOLUTE)

    Base Addr    Size         Type   Attr      Idx    E Section Name        Object

    0x00000000   0x0000026c   Data   RO         1146    RESET               startup_tm4c123.o
    0x0000026c   0x00000008   Code   RO         1218  * !!!main             c_w.l(__main.o)
    0x00000274   0x00000034   Code   RO         1377    !!!scatter          c_w.l(__scatter.o)
    0x000002a8   0x0000005a   Code   RO         1375    !!dczerorl2         c_w.l(__dczerorl2.o)
    0x00000302   0x00000002   PAD
    0x00000304   0x0000001c   Code   RO         1379    !!handler_zi        c_w.l(__scatter_zi.o)
    0x00000320   0x00000002   Code   RO         1245    .ARM.Collect$$libinit$$00000000  c_w.l(libinit.o)
    0x00000322   0x00000000   Code   RO         1252    .ARM.Collect$$libinit$$00000002  c_w.l(libinit2.o)
    0x00000322   0x00000000   Code   RO         1254    .ARM.Collect$$libinit$$00000004  c_w.l(libinit2.o)
    0x00000322   0x00000000   Code   RO         1257    .ARM.Collect$$libinit$$0000000A  c_w.l(libinit2.o)
    0x00000322   0x00000000   Code   RO         1259    .ARM.Collect$$libinit$$0000000C  c_w.l(libinit2.o)
    0x00000322   0x00000000   Code   RO         1261    .ARM.Collect$$libinit$$0000000E  c_w.l(libinit2.o)
    0x00000322   0x00000000   Code   RO         1264    .ARM.Collect$$libinit$$00000011  c_w.l(libinit2.o)
    0x00000322   0x00000000   Code   RO         1266    .ARM.Collect$$libinit$$00000013  c_w.l(libinit2.o)
    0x00000322   0x00000000   Code   RO         1268    .ARM.Collect$$libinit$$00000015  c_w.l(libinit2.o)
    0x00000322   0x00000000   Code   RO         1270    .ARM.Collect$$libinit$$00000017  c_w.l(libinit2.o)
    0x00000322   0x00000000   Code   RO         1272    .ARM.Collect$$libinit$$00000019  c_w.l(libinit2.o)
    0x00000322   0x00000000   Code   RO         1274    .ARM.Collect$$libinit$$0000001B  c_w.l(libinit2.o)
    0x00000322   0x00000000   Code   RO         1276    .ARM.Collect$$libinit$$0000001D  c_w.l(libinit2.o)
    0x00000322   0x00000000   Code   RO         1278    .ARM.Collect$$libinit$$0000001F  c_w.l(libinit2.o)
    0x00000322   0x00000000   Code   RO         1280    .ARM.Collect$$libinit$$00000021  c_w.l(libinit2.o)
    0x00000322   0x00000000   Code   RO         1282    .ARM.Collect$$libinit$$00000023  c_w.l(libinit2.o)
    0x00000322   0x00000000   Code   RO         1284    .ARM.Collect$$libinit$$00000025  c_w.l(libinit2.o)
    0x00000322   0x00000000   Code   RO         1288    .ARM.Collect$$libinit$$0000002C  c_w.l(libinit2.o)
    0x00000322   0x00000000   Code   RO         1290    .ARM.Collect$$libinit$$0000002E  c_w.l(libinit2.o)
    0x00000322   0x00000000   Code   RO         1292    .ARM.Collect$$libinit$$00000030  c_w.l(libinit2.o)
    0x00000322   0x00000000   Code   RO         1294    .ARM.Collect$$libinit$$00000032  c_w.l(libinit2.o)
    0x00000322   0x00000002   Code   RO         1295    .ARM.Collect$$libinit$$00000033  c_w.l(libinit2.o)
    0x00000324   0x00000002   Code   RO         1315    .ARM.Collect$$libshutdown$$00000000  c_w.l(libshutdown.o)
    0x00000326   0x00000000   Code   RO         1328    .ARM.Collect$$libshutdown$$00000002  c_w.l(libshutdown2.o)
    0x00000326   0x00000000   Code   RO         1330    .ARM.Collect$$libshutdown$$00000004  c_w.l(libshutdown2.o)
    0x00000326   0x00000000   Code   RO         1333    .ARM.Collect$$libshutdown$$00000007  c_w.l(libshutdown2.o)
    0x00000326   0x00000000   Code   RO         1336    .ARM.Collect$$libshutdown$$0000000A  c_w.l(libshutdown2.o)
    0x00000326   0x00000000   Code   RO         1338    .ARM.Collect$$libshutdown$$0000000C  c_w.l(libshutdown2.o)
    0x00000326   0x00000000   Code   RO         1341    .ARM.Collect$$libshutdown$$0000000F  c_w.l(libshutdown2.o)
    0x00000326   0x00000002   Code   RO         1342    .ARM.Collect$$libshutdown$$00000010  c_w.l(libshutdown2.o)
    0x00000328   0x00000000   Code   RO         1220    .ARM.Collect$$rtentry$$00000000  c_w.l(__rtentry.o)
    0x00000328   0x00000000   Code   RO         1222    .ARM.Collect$$rtentry$$00000002  c_w.l(__rtentry2.o)
    0x00000328   0x00000006   Code   RO         1234    .ARM.Collect$$rtentry$$00000004  c_w.l(__rtentry4.o)
    0x0000032e   0x00000000   Code   RO         1224    .ARM.Collect$$rtentry$$00000009  c_w.l(__rtentry2.o)
    0x0000032e   0x00000004   Code   RO         1225    .ARM.Collect$$rtentry$$0000000A  c_w.l(__rtentry2.o)
    0x00000332   0x00000000   Code   RO         1227    .ARM.Collect$$rtentry$$0000000C  c_w.l(__rtentry2.o)
    0x00000332   0x00000008   Code   RO         1228    .ARM.Collect$$rtentry$$0000000D  c_w.l(__rtentry2.o)
    0x0000033a   0x00000002   Code   RO         1249    .ARM.Collect$$rtexit$$00000000  c_w.l(rtexit.o)
    0x0000033c   0x00000000   Code   RO         1297    .ARM.Collect$$rtexit$$00000002  c_w.l(rtexit2.o)
    0x0000033c   0x00000004   Code   RO         1298    .ARM.Collect$$rtexit$$00000003  c_w.l(rtexit2.o)
    0x00000340   0x00000006   Code   RO         1299    .ARM.Collect$$rtexit$$00000004  c_w.l(rtexit2.o)
    0x00000346   0x00000002   PAD
    0x00000348   0x00000006   Code   RO            1    .emb_text           bsp.o
    0x0000034e   0x00000002   PAD
    0x00000350   0x00000054   Code   RO          500    .text               random.o
    0x000003a4   0x0000005c   Code   RO          934    .text               osasm.o
    0x00000400   0x00000124   Code   RO         1147  * .text               startup_tm4c123.o
    0x00000524   0x00000006   Code   RO         1216    .text               c_w.l(heapauxi.o)
    0x0000052a   0x0000004a   Code   RO         1236    .text               c_w.l(sys_stackheap_outer.o)
    0x00000574   0x00000012   Code   RO         1238    .text               c_w.l(exit.o)
    0x00000586   0x00000002   PAD
    0x00000588   0x00000008   Code   RO         1246    .text               c_w.l(libspace.o)
    0x00000590   0x0000000c   Code   RO         1307    .text               c_w.l(sys_exit.o)
    0x0000059c   0x00000002   Code   RO         1318    .text               c_w.l(use_no_semi.o)
    0x0000059e   0x00000000   Code   RO         1320    .text               c_w.l(indicate_semi.o)
    0x0000059e   0x00000002   PAD
    0x000005a0   0x000000c8   Code   RO          937    i.ADC1_Init         texas.o
    0x00000668   0x00000080   Code   RO            4    i.BSP_Button1_Init  bsp.o
    0x000006e8   0x0000000c   Code   RO            5    i.BSP_Button1_Input  bsp.o
    0x000006f4   0x000000d4   Code   RO            8    i.BSP_Buzzer_Init   bsp.o
    0x000007c8   0x00000020   Code   RO            9    i.BSP_Buzzer_Set    bsp.o
    0x000007e8   0x0000000c   Code   RO           10    i.BSP_Clock_GetFreq  bsp.o
    0x000007f4   0x0000008c   Code   RO           11    i.BSP_Clock_InitFastest  bsp.o
    0x00000880   0x00000016   Code   RO           12    i.BSP_Delay1ms      bsp.o
    0x00000896   0x00000002   PAD
    0x00000898   0x00000130   Code   RO           13    i.BSP_Joystick_Init  bsp.o
    0x000009c8   0x00000040   Code   RO           14    i.BSP_Joystick_Input  bsp.o
    0x00000a08   0x00000120   Code   RO           16    i.BSP_LCD_DrawBitmap  bsp.o
    0x00000b28   0x00000110   Code   RO           17    i.BSP_LCD_DrawChar  bsp.o
    0x00000c38   0x0000007c   Code   RO           20    i.BSP_LCD_DrawFastVLine  bsp.o
    0x00000cb4   0x000000ac   Code   RO           24    i.BSP_LCD_FillRect  bsp.o
    0x00000d60   0x00000024   Code   RO           25    i.BSP_LCD_FillScreen  bsp.o
    0x00000d84   0x0000000a   Code   RO           26    i.BSP_LCD_Init      bsp.o
    0x00000d8e   0x00000002   PAD
    0x00000d90   0x00000020   Code   RO           34    i.BSP_LCD_SetCursor  bsp.o
    0x00000db0   0x000000c0   Code   RO           42    i.BSP_PeriodicTask_Init  bsp.o
    0x00000e70   0x000000bc   Code   RO           43    i.BSP_PeriodicTask_InitB  bsp.o
    0x00000f2c   0x000000bc   Code   RO           44    i.BSP_PeriodicTask_InitC  bsp.o
    0x00000fe8   0x00000018   Code   RO           48    i.BSP_PeriodicTask_StopC  bsp.o
    0x00001000   0x00000098   Code   RO          588    i.ButtonTask        worldshapers.o
    0x00001098   0x0000010c   Code   RO          589    i.CreateLand        worldshapers.o
    0x000011a4   0x00000124   Code   RO          590    i.CreateSprite      worldshapers.o
    0x000012c8   0x000000e0   Code   RO          591    i.Distance          worldshapers.o
    0x000013a8   0x00000054   Code   RO          592    i.DrawLand          worldshapers.o
    0x000013fc   0x00000114   Code   RO          593    i.DrawSprites       worldshapers.o
    0x00001510   0x00000048   Code   RO          594    i.EnemyCreateTask   worldshapers.o
    0x00001558   0x000000f4   Code   RO          595    i.EnemyHitsShip     worldshapers.o
    0x0000164c   0x000004f4   Code   RO          596    i.EnemyTask         worldshapers.o
    0x00001b40   0x0000002c   Code   RO          597    i.FindFreeEMissile  worldshapers.o
    0x00001b6c   0x0000002c   Code   RO          598    i.FindFreeEnemy     worldshapers.o
    0x00001b98   0x0000002c   Code   RO          599    i.FindFreeRocket    worldshapers.o
    0x00001bc4   0x0000003c   Code   RO          796    i.GPIOPortD_Handler  os.o
    0x00001c00   0x0000021c   Code   RO          600    i.GameTask          worldshapers.o
    0x00001e1c   0x00000018   Code   RO          601    i.IdleTask          worldshapers.o
    0x00001e34   0x00000514   Code   RO          602    i.Intermission      worldshapers.o
    0x00002348   0x00000014   Code   RO          938    i.LogicAnalyzer     texas.o
    0x0000235c   0x000000d0   Code   RO          603    i.MissileHitsShip   worldshapers.o
    0x0000242c   0x0000004c   Code   RO          604    i.MoveLand          worldshapers.o
    0x00002478   0x000001d0   Code   RO          605    i.MoveSprites       worldshapers.o
    0x00002648   0x00000158   Code   RO          797    i.OS_AddThread      os.o
    0x000027a0   0x000000e4   Code   RO          798    i.OS_EdgeTrigger_Init  os.o
    0x00002884   0x0000001c   Code   RO          799    i.OS_EdgeTrigger_Restart  os.o
    0x000028a0   0x00000030   Code   RO          804    i.OS_Init           os.o
    0x000028d0   0x00000004   Code   RO          805    i.OS_InitSemaphore  os.o
    0x000028d4   0x0000009c   Code   RO          806    i.OS_Kill           os.o
    0x00002970   0x00000034   Code   RO          807    i.OS_Launch         os.o
    0x000029a4   0x00000028   Code   RO          808    i.OS_PeriodTrigger0_Init  os.o
    0x000029cc   0x00000028   Code   RO          809    i.OS_PeriodTrigger1_Init  os.o
    0x000029f4   0x00000034   Code   RO          810    i.OS_Signal         os.o
    0x00002a28   0x00000014   Code   RO          811    i.OS_Sleep          os.o
    0x00002a3c   0x00000018   Code   RO          812    i.OS_Suspend        os.o
    0x00002a54   0x0000002c   Code   RO          813    i.OS_Wait           os.o
    0x00002a80   0x000000b8   Code   RO          939    i.PeriodicTask2_Init  texas.o
    0x00002b38   0x0000008c   Code   RO          503    i.PlaySong          sound.o
    0x00002bc4   0x00000048   Code   RO          606    i.ReDrawLand        worldshapers.o
    0x00002c0c   0x0000006c   Code   RO          814    i.RealTimeEvents    os.o
    0x00002c78   0x00000188   Code   RO          607    i.RocketHitsEnemy   worldshapers.o
    0x00002e00   0x00000130   Code   RO          608    i.RocketHitsMissile  worldshapers.o
    0x00002f30   0x00000074   Code   RO           63    i.ST7735_InitR      bsp.o
    0x00002fa4   0x00000030   Code   RO          815    i.Scheduler         os.o
    0x00002fd4   0x00000014   Code   RO          941    i.Scope             texas.o
    0x00002fe8   0x00000118   Code   RO          775    i.Score_OutHorizontal  score.o
    0x00003100   0x00000118   Code   RO          776    i.Score_OutVertical  score.o
    0x00003218   0x00000090   Code   RO          609    i.ShipHitsLand      worldshapers.o
    0x000032a8   0x0000001c   Code   RO          504    i.Sound_Explosion   sound.o
    0x000032c4   0x00000098   Code   RO          506    i.Sound_EyesOfTexasPieces  sound.o
    0x0000335c   0x0000000a   Code   RO          507    i.Sound_Init        sound.o
    0x00003366   0x00000002   PAD
    0x00003368   0x0000001c   Code   RO          508    i.Sound_Killed      sound.o
    0x00003384   0x0000001c   Code   RO          510    i.Sound_MissileRocket  sound.o
    0x000033a0   0x00000058   Code   RO          511    i.Sound_PlayTone    sound.o
    0x000033f8   0x00000012   Code   RO          512    i.Sound_Shoot       sound.o
    0x0000340a   0x00000002   PAD
    0x0000340c   0x00000054   Code   RO          949    i.TExaS_Init        texas.o
    0x00003460   0x00000014   Code   RO          958    i.TExaS_Task0       texas.o
    0x00003474   0x00000014   Code   RO          959    i.TExaS_Task1       texas.o
    0x00003488   0x00000014   Code   RO          961    i.TExaS_Task3       texas.o
    0x0000349c   0x00000018   Code   RO          965    i.TIMER5A_Handler   texas.o
    0x000034b4   0x0000009c   Code   RO          967    i.UART_Init         texas.o
    0x00003550   0x00000018   Code   RO           64    i.WideTimer3A_Handler  bsp.o
    0x00003568   0x00000018   Code   RO           65    i.WideTimer4A_Handler  bsp.o
    0x00003580   0x00000018   Code   RO           66    i.WideTimer5A_Handler  bsp.o
    0x00003598   0x0000004c   Code   RO           67    i.adcinit           bsp.o
    0x000035e4   0x00000056   Code   RO           68    i.commandList       bsp.o
    0x0000363a   0x00000002   PAD
    0x0000363c   0x00000204   Code   RO           69    i.commonInit        bsp.o
    0x00003840   0x00000024   Code   RO          611    i.hideallscreen     worldshapers.o
    0x00003864   0x0000011c   Code   RO          612    i.main              worldshapers.o
    0x00003980   0x00000012   Code   RO           78    i.pushColor         bsp.o
    0x00003992   0x00000002   PAD
    0x00003994   0x00000024   Code   RO          613    i.revealallscreen   worldshapers.o
    0x000039b8   0x000000cc   Code   RO          614    i.revealchar        worldshapers.o
    0x00003a84   0x0000007c   Code   RO          615    i.revealstring      worldshapers.o
    0x00003b00   0x00000038   Code   RO          816    i.runperiodicevents  os.o
    0x00003b38   0x00000074   Code   RO           79    i.setAddrWindow     bsp.o
    0x00003bac   0x000000bc   Code   RO          513    i.songTask          sound.o
    0x00003c68   0x00000048   Code   RO          514    i.soundTask         sound.o
    0x00003cb0   0x00000048   Code   RO           82    i.writecommand      bsp.o
    0x00003cf8   0x00000048   Code   RO           83    i.writedata         bsp.o
    0x00003d40   0x0000057b   Data   RO           85    .constdata          bsp.o
    0x000042bb   0x00000001   PAD
    0x000042bc   0x0000016c   Data   RO          515    .constdata          sound.o
    0x00004428   0x0000167a   Data   RO          617    .constdata          worldshapers.o
    0x00005aa2   0x00000528   Data   RO          777    .constdata          score.o
    0x00005fca   0x00000002   PAD
    0x00005fcc   0x00000020   Data   RO         1373    Region$$Table       anon$$obj.o


    Execution Region ER_RW (Base: 0x20000000, Size: 0x00000170, Max: 0xffffffff, ABSOLUTE, COMPRESSED[0x00000050])

    Base Addr    Size         Type   Attr      Idx    E Section Name        Object

    0x20000000   0x00000044   Data   RW           86    .data               bsp.o
    0x20000044   0x00000024   Data   RW          516    .data               sound.o
    0x20000068   0x000000bc   Data   RW          618    .data               worldshapers.o
    0x20000124   0x00000040   Data   RW          818    .data               os.o
    0x20000164   0x00000008   Data   RW          969    .data               texas.o
    0x2000016c   0x00000004   Data   RW          499    DATA                random.o


    Execution Region ER_ZI (Base: 0x20000170, Size: 0x00002d98, Max: 0xffffffff, ABSOLUTE)

    Base Addr    Size         Type   Attr      Idx    E Section Name        Object

    0x20000170   0x000009f0   Zero   RW          616    .bss                worldshapers.o
    0x20000b60   0x00002148   Zero   RW          817    .bss                os.o
    0x20002ca8   0x00000060   Zero   RW         1247    .bss                c_w.l(libspace.o)
    0x20002d08   0x00000000   Zero   RW         1145    HEAP                startup_tm4c123.o
    0x20002d08   0x00000200   Zero   RW         1144    STACK               startup_tm4c123.o


==============================================================================

Image component sizes


      Code (inc. data)   RO Data    RW Data    ZI Data      Debug   Object Name

      3602        434       1403         68          0      25148   bsp.o
      1352        190          0         64       8520       9609   os.o
        92          6          0          0          0        240   osasm.o
        84         12          0          4          0        248   random.o
       560         16       1320          0          0       2184   score.o
       752        148        364         36          0       6708   sound.o
       292         18        620          0        512       5668   startup_tm4c123.o
       748        114          0          8          0       5360   texas.o
      7220       1042       5754        188       2544      20141   worldshapers.o

    ----------------------------------------------------------------------
     14716       1980       9496        368      11576      75306   Object Totals
         0          0         32          0          0          0   (incl. Generated)
        14          0          3          0          0          0   (incl. Padding)

    ----------------------------------------------------------------------

      Code (inc. data)   RO Data    RW Data    ZI Data      Debug   Library Member Name

        90          0          0          0          0          0   __dczerorl2.o
         8          0          0          0          0         68   __main.o
         0          0          0          0          0          0   __rtentry.o
        12          0          0          0          0          0   __rtentry2.o
         6          0          0          0          0          0   __rtentry4.o
        52          8          0          0          0          0   __scatter.o
        28          0          0          0          0          0   __scatter_zi.o
        18          0          0          0          0         80   exit.o
         6          0          0          0          0        152   heapauxi.o
         0          0          0          0          0          0   indicate_semi.o
         2          0          0          0          0          0   libinit.o
         2          0          0          0          0          0   libinit2.o
         2          0          0          0          0          0   libshutdown.o
         2          0          0          0          0          0   libshutdown2.o
         8          4          0          0         96         68   libspace.o
         2          0          0          0          0          0   rtexit.o
        10          0          0          0          0          0   rtexit2.o
        12          4          0          0          0         68   sys_exit.o
        74          0          0          0          0         80   sys_stackheap_outer.o
         2          0          0          0          0         68   use_no_semi.o

    ----------------------------------------------------------------------
       344         16          0          0         96        584   Library Totals
         8          0          0          0          0          0   (incl. Padding)

    ----------------------------------------------------------------------

      Code (inc. data)   RO Data    RW Data    ZI Data      Debug   Library Name

       336         16          0          0         96        584   c_w.l

    ----------------------------------------------------------------------
       344         16          0          0         96        584   Library Totals

    ----------------------------------------------------------------------

==============================================================================


      Code (inc. data)   RO Data    RW Data    ZI Data      Debug   

     15060       1996       9496        368      11672      70894   Grand Totals
     15060       1996       9496         80      11672      70894   ELF Image Totals (compressed)
     15060       1996       9496         80          0          0   ROM Totals

==============================================================================

    Total RO  Size (Code + RO Data)                24556 (  23.98kB)
    Total RW  Size (RW Data + ZI Data)             12040 (  11.76kB)
    Total ROM Size (Code + RO Data + RW Data)      24636 (  24.06kB)

==============================================================================

