ARM Linker, 5.03 [Build 76] [MDK-ARM Lite]

==============================================================================

Section Cross References

    startup.o(RESET) refers to startup.o(STACK) for StackMem
    startup.o(RESET) refers to timer.o(i.Timer0A_Handler) for Timer0A_Handler
    startup.o(RESET) refers to timer.o(i.Timer1A_Handler) for Timer1A_Handler
    startup.o(RESET) refers to timer.o(i.Timer3A_Handler) for Timer3A_Handler
    startup.o(RESET) refers to entry.o(.ARM.Collect$$$$00000000) for __main
    st7735.o(i.Output_Clear) refers to st7735.o(i.ST7735_FillScreen) for ST7735_FillScreen
    st7735.o(i.Output_Color) refers to st7735.o(i.ST7735_SetTextColor) for ST7735_SetTextColor
    st7735.o(i.Output_Init) refers to st7735.o(i.ST7735_InitR) for ST7735_InitR
    st7735.o(i.Output_Init) refers to st7735.o(i.ST7735_FillScreen) for ST7735_FillScreen
    st7735.o(i.Output_Off) refers to st7735.o(i.Output_Clear) for Output_Clear
    st7735.o(i.Output_On) refers to st7735.o(i.Output_Init) for Output_Init
    st7735.o(i.ST7735_DrawBitmap) refers to st7735.o(i.setAddrWindow) for setAddrWindow
    st7735.o(i.ST7735_DrawBitmap) refers to st7735.o(i.writedata) for writedata
    st7735.o(i.ST7735_DrawBitmap) refers to st7735.o(.data) for _width
    st7735.o(i.ST7735_DrawChar) refers to st7735.o(i.setAddrWindow) for setAddrWindow
    st7735.o(i.ST7735_DrawChar) refers to st7735.o(i.pushColor) for pushColor
    st7735.o(i.ST7735_DrawChar) refers to st7735.o(.data) for _width
    st7735.o(i.ST7735_DrawChar) refers to st7735.o(.constdata) for Font
    st7735.o(i.ST7735_DrawCharS) refers to st7735.o(i.ST7735_DrawPixel) for ST7735_DrawPixel
    st7735.o(i.ST7735_DrawCharS) refers to st7735.o(i.ST7735_FillRect) for ST7735_FillRect
    st7735.o(i.ST7735_DrawCharS) refers to st7735.o(.data) for _width
    st7735.o(i.ST7735_DrawCharS) refers to st7735.o(.constdata) for Font
    st7735.o(i.ST7735_DrawFastHLine) refers to st7735.o(i.setAddrWindow) for setAddrWindow
    st7735.o(i.ST7735_DrawFastHLine) refers to st7735.o(i.writedata) for writedata
    st7735.o(i.ST7735_DrawFastHLine) refers to st7735.o(.data) for _width
    st7735.o(i.ST7735_DrawFastVLine) refers to st7735.o(i.setAddrWindow) for setAddrWindow
    st7735.o(i.ST7735_DrawFastVLine) refers to st7735.o(i.writedata) for writedata
    st7735.o(i.ST7735_DrawFastVLine) refers to st7735.o(.data) for _width
    st7735.o(i.ST7735_DrawPixel) refers to st7735.o(i.setAddrWindow) for setAddrWindow
    st7735.o(i.ST7735_DrawPixel) refers to st7735.o(i.pushColor) for pushColor
    st7735.o(i.ST7735_DrawPixel) refers to st7735.o(.data) for _width
    st7735.o(i.ST7735_DrawString) refers to st7735.o(i.ST7735_DrawCharS) for ST7735_DrawCharS
    st7735.o(i.ST7735_FillRect) refers to st7735.o(i.setAddrWindow) for setAddrWindow
    st7735.o(i.ST7735_FillRect) refers to st7735.o(i.writedata) for writedata
    st7735.o(i.ST7735_FillRect) refers to st7735.o(.data) for _width
    st7735.o(i.ST7735_FillScreen) refers to st7735.o(i.ST7735_FillRect) for ST7735_FillRect
    st7735.o(i.ST7735_FillScreen) refers to st7735.o(.data) for _height
    st7735.o(i.ST7735_InitB) refers to st7735.o(i.commonInit) for commonInit
    st7735.o(i.ST7735_InitB) refers to st7735.o(i.ST7735_SetCursor) for ST7735_SetCursor
    st7735.o(i.ST7735_InitB) refers to st7735.o(i.ST7735_FillScreen) for ST7735_FillScreen
    st7735.o(i.ST7735_InitB) refers to st7735.o(.constdata) for Bcmd
    st7735.o(i.ST7735_InitB) refers to st7735.o(.data) for StTextColor
    st7735.o(i.ST7735_InitR) refers to st7735.o(i.commonInit) for commonInit
    st7735.o(i.ST7735_InitR) refers to st7735.o(i.commandList) for commandList
    st7735.o(i.ST7735_InitR) refers to st7735.o(i.writecommand) for writecommand
    st7735.o(i.ST7735_InitR) refers to st7735.o(i.writedata) for writedata
    st7735.o(i.ST7735_InitR) refers to st7735.o(i.ST7735_SetCursor) for ST7735_SetCursor
    st7735.o(i.ST7735_InitR) refers to st7735.o(i.ST7735_FillScreen) for ST7735_FillScreen
    st7735.o(i.ST7735_InitR) refers to st7735.o(.constdata) for Rcmd1
    st7735.o(i.ST7735_InitR) refers to st7735.o(.data) for ColStart
    st7735.o(i.ST7735_InvertDisplay) refers to st7735.o(i.writecommand) for writecommand
    st7735.o(i.ST7735_OutChar) refers to st7735.o(i.ST7735_DrawString) for ST7735_DrawString
    st7735.o(i.ST7735_OutChar) refers to st7735.o(i.ST7735_DrawCharS) for ST7735_DrawCharS
    st7735.o(i.ST7735_OutChar) refers to st7735.o(.data) for StY
    st7735.o(i.ST7735_OutString) refers to st7735.o(i.ST7735_OutChar) for ST7735_OutChar
    st7735.o(i.ST7735_OutUDec) refers to st7735.o(i.fillmessage) for fillmessage
    st7735.o(i.ST7735_OutUDec) refers to st7735.o(i.ST7735_DrawString) for ST7735_DrawString
    st7735.o(i.ST7735_OutUDec) refers to st7735.o(i.ST7735_DrawCharS) for ST7735_DrawCharS
    st7735.o(i.ST7735_OutUDec) refers to st7735.o(.data) for Messageindex
    st7735.o(i.ST7735_OutUDec) refers to st7735.o(.bss) for Message
    st7735.o(i.ST7735_OutUDec4) refers to st7735.o(i.fillmessage4) for fillmessage4
    st7735.o(i.ST7735_OutUDec4) refers to st7735.o(i.ST7735_DrawString) for ST7735_DrawString
    st7735.o(i.ST7735_OutUDec4) refers to st7735.o(i.ST7735_DrawCharS) for ST7735_DrawCharS
    st7735.o(i.ST7735_OutUDec4) refers to st7735.o(.data) for Messageindex
    st7735.o(i.ST7735_OutUDec4) refers to st7735.o(.bss) for Message
    st7735.o(i.ST7735_OutUDec5) refers to st7735.o(i.fillmessage5) for fillmessage5
    st7735.o(i.ST7735_OutUDec5) refers to st7735.o(i.ST7735_DrawString) for ST7735_DrawString
    st7735.o(i.ST7735_OutUDec5) refers to st7735.o(i.ST7735_DrawCharS) for ST7735_DrawCharS
    st7735.o(i.ST7735_OutUDec5) refers to st7735.o(.data) for Messageindex
    st7735.o(i.ST7735_OutUDec5) refers to st7735.o(.bss) for Message
    st7735.o(i.ST7735_PlotBar) refers to st7735.o(i.ST7735_DrawFastVLine) for ST7735_DrawFastVLine
    st7735.o(i.ST7735_PlotBar) refers to st7735.o(.data) for Ymin
    st7735.o(i.ST7735_PlotClear) refers to st7735.o(i.ST7735_Color565) for ST7735_Color565
    st7735.o(i.ST7735_PlotClear) refers to st7735.o(i.ST7735_FillRect) for ST7735_FillRect
    st7735.o(i.ST7735_PlotClear) refers to st7735.o(.data) for Ymax
    st7735.o(i.ST7735_PlotLine) refers to st7735.o(i.ST7735_DrawPixel) for ST7735_DrawPixel
    st7735.o(i.ST7735_PlotLine) refers to st7735.o(.data) for Ymin
    st7735.o(i.ST7735_PlotNext) refers to st7735.o(.data) for X
    st7735.o(i.ST7735_PlotNextErase) refers to st7735.o(i.ST7735_Color565) for ST7735_Color565
    st7735.o(i.ST7735_PlotNextErase) refers to st7735.o(i.ST7735_DrawFastVLine) for ST7735_DrawFastVLine
    st7735.o(i.ST7735_PlotNextErase) refers to st7735.o(.data) for X
    st7735.o(i.ST7735_PlotPoint) refers to st7735.o(i.ST7735_DrawPixel) for ST7735_DrawPixel
    st7735.o(i.ST7735_PlotPoint) refers to st7735.o(.data) for Ymin
    st7735.o(i.ST7735_PlotPoints) refers to st7735.o(i.ST7735_DrawPixel) for ST7735_DrawPixel
    st7735.o(i.ST7735_PlotPoints) refers to st7735.o(.data) for Ymin
    st7735.o(i.ST7735_PlotdBfs) refers to st7735.o(i.ST7735_DrawFastVLine) for ST7735_DrawFastVLine
    st7735.o(i.ST7735_PlotdBfs) refers to st7735.o(.constdata) for dBfs
    st7735.o(i.ST7735_PlotdBfs) refers to st7735.o(.data) for X
    st7735.o(i.ST7735_SetCursor) refers to st7735.o(.data) for StX
    st7735.o(i.ST7735_SetRotation) refers to st7735.o(i.writecommand) for writecommand
    st7735.o(i.ST7735_SetRotation) refers to st7735.o(i.writedata) for writedata
    st7735.o(i.ST7735_SetRotation) refers to st7735.o(.data) for Rotation
    st7735.o(i.ST7735_SetTextColor) refers to st7735.o(.data) for StTextColor
    st7735.o(i.commandList) refers to st7735.o(i.writecommand) for writecommand
    st7735.o(i.commandList) refers to st7735.o(i.writedata) for writedata
    st7735.o(i.commandList) refers to st7735.o(i.Delay1ms) for Delay1ms
    st7735.o(i.commonInit) refers to st7735.o(i.Delay1ms) for Delay1ms
    st7735.o(i.commonInit) refers to st7735.o(i.commandList) for commandList
    st7735.o(i.commonInit) refers to st7735.o(.data) for RowStart
    st7735.o(i.fillmessage) refers to st7735.o(.bss) for Message
    st7735.o(i.fillmessage) refers to st7735.o(.data) for Messageindex
    st7735.o(i.fillmessage4) refers to st7735.o(i.fillmessage) for fillmessage
    st7735.o(i.fillmessage4) refers to st7735.o(.data) for Messageindex
    st7735.o(i.fillmessage4) refers to st7735.o(.bss) for Message
    st7735.o(i.fillmessage5) refers to st7735.o(i.fillmessage) for fillmessage
    st7735.o(i.fillmessage5) refers to st7735.o(.data) for Messageindex
    st7735.o(i.fillmessage5) refers to st7735.o(.bss) for Message
    st7735.o(i.fputc) refers to st7735.o(i.ST7735_OutChar) for ST7735_OutChar
    st7735.o(i.pushColor) refers to st7735.o(i.writedata) for writedata
    st7735.o(i.setAddrWindow) refers to st7735.o(i.writecommand) for writecommand
    st7735.o(i.setAddrWindow) refers to st7735.o(i.writedata) for writedata
    st7735.o(i.setAddrWindow) refers to st7735.o(.data) for ColStart
    sensorboardtestmain.o(i.main) refers to pll.o(i.PLL_Init) for PLL_Init
    sensorboardtestmain.o(i.main) refers to board.o(i.Board_Init) for Board_Init
    sensorboardtestmain.o(i.main) refers to timer.o(i.Timer0_Init) for Timer0_Init
    sensorboardtestmain.o(i.main) refers to timer.o(i.Timer1_Init) for Timer1_Init
    sensorboardtestmain.o(i.main) refers to timer.o(i.Timer3_Init) for Timer3_Init
    sensorboardtestmain.o(i.main) refers to st7735.o(i.ST7735_InitR) for ST7735_InitR
    sensorboardtestmain.o(i.main) refers to st7735.o(i.ST7735_DrawString) for ST7735_DrawString
    sensorboardtestmain.o(i.main) refers to sensorboardtestmain.o(i.DelayWait10ms) for DelayWait10ms
    sensorboardtestmain.o(i.main) refers to board.o(i.Board_Input) for Board_Input
    sensorboardtestmain.o(i.main) refers to adcswtrigger.o(i.ADC_Init3210) for ADC_Init3210
    sensorboardtestmain.o(i.main) refers to startup.o(.text) for EnableInterrupts
    sensorboardtestmain.o(i.main) refers to timer.o(i.Timer0_StartPing) for Timer0_StartPing
    sensorboardtestmain.o(i.main) refers to timer.o(i.Timer1_StartPing) for Timer1_StartPing
    sensorboardtestmain.o(i.main) refers to timer.o(i.Timer3_StartPing) for Timer3_StartPing
    sensorboardtestmain.o(i.main) refers to timer.o(i.Timer0_StartHCSR04) for Timer0_StartHCSR04
    sensorboardtestmain.o(i.main) refers to timer.o(i.Timer1_StartHCSR04) for Timer1_StartHCSR04
    sensorboardtestmain.o(i.main) refers to timer.o(i.Timer3_StartHCSR04) for Timer3_StartHCSR04
    sensorboardtestmain.o(i.main) refers to adcswtrigger.o(i.ADC_In3210) for ADC_In3210
    sensorboardtestmain.o(i.main) refers to st7735.o(i.ST7735_SetCursor) for ST7735_SetCursor
    sensorboardtestmain.o(i.main) refers to adcswtrigger.o(i.ADC2millimeter) for ADC2millimeter
    sensorboardtestmain.o(i.main) refers to st7735.o(i.ST7735_OutUDec4) for ST7735_OutUDec4
    sensorboardtestmain.o(i.main) refers to st7735.o(i.ST7735_OutString) for ST7735_OutString
    sensorboardtestmain.o(i.main) refers to timer.o(i.Timer0_Read) for Timer0_Read
    sensorboardtestmain.o(i.main) refers to timer.o(i.Cycles2millimeter) for Cycles2millimeter
    sensorboardtestmain.o(i.main) refers to st7735.o(i.ST7735_OutUDec5) for ST7735_OutUDec5
    sensorboardtestmain.o(i.main) refers to timer.o(i.Timer1_Read) for Timer1_Read
    sensorboardtestmain.o(i.main) refers to timer.o(i.Timer3_Read) for Timer3_Read
    sensorboardtestmain.o(i.main) refers to sensorboardtestmain.o(.data) for PingType
    sensorboardtestmain.o(i.main) refers to sensorboardtestmain.o(.bss) for IRdata
    timer.o(i.Timer0A_Handler) refers to timer.o(.data) for Timer0First
    timer.o(i.Timer0_Init) refers to timer.o(.data) for Timer0Pulse
    timer.o(i.Timer0_Read) refers to timer.o(.data) for Timer0Done
    timer.o(i.Timer0_StartHCSR04) refers to timer.o(i.DelayWait10us) for DelayWait10us
    timer.o(i.Timer0_StartHCSR04) refers to timer.o(.data) for Timer0Done
    timer.o(i.Timer0_StartPing) refers to timer.o(i.DelayWait5us) for DelayWait5us
    timer.o(i.Timer0_StartPing) refers to timer.o(.data) for Timer0Done
    timer.o(i.Timer1A_Handler) refers to timer.o(.data) for Timer1First
    timer.o(i.Timer1_Init) refers to timer.o(.data) for Timer1Pulse
    timer.o(i.Timer1_Read) refers to timer.o(.data) for Timer1Done
    timer.o(i.Timer1_StartHCSR04) refers to timer.o(i.DelayWait10us) for DelayWait10us
    timer.o(i.Timer1_StartHCSR04) refers to timer.o(.data) for Timer1Done
    timer.o(i.Timer1_StartPing) refers to timer.o(i.DelayWait5us) for DelayWait5us
    timer.o(i.Timer1_StartPing) refers to timer.o(.data) for Timer1Done
    timer.o(i.Timer3A_Handler) refers to timer.o(.data) for Timer3First
    timer.o(i.Timer3_Init) refers to timer.o(.data) for Timer3Pulse
    timer.o(i.Timer3_Read) refers to timer.o(.data) for Timer3Done
    timer.o(i.Timer3_StartHCSR04) refers to timer.o(i.DelayWait10us) for DelayWait10us
    timer.o(i.Timer3_StartHCSR04) refers to timer.o(.data) for Timer3Done
    timer.o(i.Timer3_StartPing) refers to timer.o(i.DelayWait5us) for DelayWait5us
    timer.o(i.Timer3_StartPing) refers to timer.o(.data) for Timer3Done
    entry.o(.ARM.Collect$$$$00000000) refers (Special) to entry10a.o(.ARM.Collect$$$$0000000D) for __rt_final_cpp
    entry.o(.ARM.Collect$$$$00000000) refers (Special) to entry11a.o(.ARM.Collect$$$$0000000F) for __rt_final_exit
    entry.o(.ARM.Collect$$$$00000000) refers (Special) to entry7b.o(.ARM.Collect$$$$00000008) for _main_clock
    entry.o(.ARM.Collect$$$$00000000) refers (Special) to entry8b.o(.ARM.Collect$$$$0000000A) for _main_cpp_init
    entry.o(.ARM.Collect$$$$00000000) refers (Special) to entry9a.o(.ARM.Collect$$$$0000000B) for _main_init
    entry.o(.ARM.Collect$$$$00000000) refers (Special) to entry5.o(.ARM.Collect$$$$00000004) for _main_scatterload
    entry.o(.ARM.Collect$$$$00000000) refers (Special) to entry2.o(.ARM.Collect$$$$00000001) for _main_stk
    entry2.o(.ARM.Collect$$$$00000001) refers to entry2.o(.ARM.Collect$$$$00002712) for __lit__00000000
    entry2.o(.ARM.Collect$$$$00002712) refers to startup.o(STACK) for __initial_sp
    entry2.o(__vectab_stack_and_reset_area) refers to startup.o(STACK) for __initial_sp
    entry2.o(__vectab_stack_and_reset_area) refers to entry.o(.ARM.Collect$$$$00000000) for __main
    entry5.o(.ARM.Collect$$$$00000004) refers to init.o(.text) for __scatterload
    entry9a.o(.ARM.Collect$$$$0000000B) refers to sensorboardtestmain.o(i.main) for main
    entry9b.o(.ARM.Collect$$$$0000000C) refers to sensorboardtestmain.o(i.main) for main
    init.o(.text) refers to entry5.o(.ARM.Collect$$$$00000004) for __main_after_scatterload


==============================================================================

Removing Unused input sections from the image.

    Removing startup.o(HEAP), (0 bytes).
    Removing st7735.o(i.Output_Clear), (10 bytes).
    Removing st7735.o(i.Output_Color), (12 bytes).
    Removing st7735.o(i.Output_Init), (16 bytes).
    Removing st7735.o(i.Output_Off), (8 bytes).
    Removing st7735.o(i.Output_On), (8 bytes).
    Removing st7735.o(i.ST7735_Color565), (24 bytes).
    Removing st7735.o(i.ST7735_DrawBitmap), (288 bytes).
    Removing st7735.o(i.ST7735_DrawChar), (268 bytes).
    Removing st7735.o(i.ST7735_DrawFastHLine), (124 bytes).
    Removing st7735.o(i.ST7735_DrawFastVLine), (124 bytes).
    Removing st7735.o(i.ST7735_InitB), (40 bytes).
    Removing st7735.o(i.ST7735_InvertDisplay), (22 bytes).
    Removing st7735.o(i.ST7735_OutUDec), (140 bytes).
    Removing st7735.o(i.ST7735_PlotBar), (88 bytes).
    Removing st7735.o(i.ST7735_PlotClear), (92 bytes).
    Removing st7735.o(i.ST7735_PlotLine), (264 bytes).
    Removing st7735.o(i.ST7735_PlotNext), (32 bytes).
    Removing st7735.o(i.ST7735_PlotNextErase), (64 bytes).
    Removing st7735.o(i.ST7735_PlotPoint), (152 bytes).
    Removing st7735.o(i.ST7735_PlotPoints), (172 bytes).
    Removing st7735.o(i.ST7735_PlotdBfs), (60 bytes).
    Removing st7735.o(i.ST7735_SetRotation), (212 bytes).
    Removing st7735.o(i.ST7735_SetTextColor), (12 bytes).
    Removing st7735.o(i.ST7735_SwapColor), (18 bytes).
    Removing st7735.o(i.ferror), (8 bytes).
    Removing st7735.o(i.fgetc), (6 bytes).
    Removing st7735.o(i.fputc), (16 bytes).
    Removing board.o(i.Board_Output), (12 bytes).
    Removing adcswtrigger.o(i.ADC0_InSeq3), (44 bytes).
    Removing adcswtrigger.o(i.ADC0_InitSWTriggerSeq3), (1032 bytes).
    Removing adcswtrigger.o(i.ADC0_InitSWTriggerSeq3_Ch9), (236 bytes).
    Removing adcswtrigger.o(i.ADC_In89), (56 bytes).
    Removing adcswtrigger.o(i.ADC_Init89), (224 bytes).
    Removing timer.o(i.Cycles2milliInch), (20 bytes).

35 unused section(s) (total 3904 bytes) removed from the image.

==============================================================================

Image Symbol Table

    Local Symbols

    Symbol Name                              Value     Ov Type        Size  Object(Section)

    RESET                                    0x00000000   Section      644  startup.o(RESET)
    ../clib/microlib/init/entry.s            0x00000000   Number         0  entry8a.o ABSOLUTE
    ../clib/microlib/init/entry.s            0x00000000   Number         0  entry10a.o ABSOLUTE
    ../clib/microlib/init/entry.s            0x00000000   Number         0  entry10b.o ABSOLUTE
    ../clib/microlib/init/entry.s            0x00000000   Number         0  entry9b.o ABSOLUTE
    ../clib/microlib/init/entry.s            0x00000000   Number         0  entry11a.o ABSOLUTE
    ../clib/microlib/init/entry.s            0x00000000   Number         0  entry11b.o ABSOLUTE
    ../clib/microlib/init/entry.s            0x00000000   Number         0  entry9a.o ABSOLUTE
    ../clib/microlib/init/entry.s            0x00000000   Number         0  entry8b.o ABSOLUTE
    ../clib/microlib/init/entry.s            0x00000000   Number         0  entry2.o ABSOLUTE
    ../clib/microlib/init/entry.s            0x00000000   Number         0  entry.o ABSOLUTE
    ../clib/microlib/init/entry.s            0x00000000   Number         0  entry5.o ABSOLUTE
    ../clib/microlib/init/entry.s            0x00000000   Number         0  entry7a.o ABSOLUTE
    ../clib/microlib/init/entry.s            0x00000000   Number         0  entry7b.o ABSOLUTE
    ADCSWTrigger.c                           0x00000000   Number         0  adcswtrigger.o ABSOLUTE
    PLL.c                                    0x00000000   Number         0  pll.o ABSOLUTE
    ST7735.c                                 0x00000000   Number         0  st7735.o ABSOLUTE
    SensorBoardTestMain.c                    0x00000000   Number         0  sensorboardtestmain.o ABSOLUTE
    Timer.c                                  0x00000000   Number         0  timer.o ABSOLUTE
    board.c                                  0x00000000   Number         0  board.o ABSOLUTE
    dc.s                                     0x00000000   Number         0  dc.o ABSOLUTE
    handlers.s                               0x00000000   Number         0  handlers.o ABSOLUTE
    init.s                                   0x00000000   Number         0  init.o ABSOLUTE
    startup.s                                0x00000000   Number         0  startup.o ABSOLUTE
    .ARM.Collect$$$$00000000                 0x00000284   Section        0  entry.o(.ARM.Collect$$$$00000000)
    .ARM.Collect$$$$00000001                 0x00000284   Section        4  entry2.o(.ARM.Collect$$$$00000001)
    .ARM.Collect$$$$00000004                 0x00000288   Section        4  entry5.o(.ARM.Collect$$$$00000004)
    .ARM.Collect$$$$00000008                 0x0000028c   Section        0  entry7b.o(.ARM.Collect$$$$00000008)
    .ARM.Collect$$$$0000000A                 0x0000028c   Section        0  entry8b.o(.ARM.Collect$$$$0000000A)
    .ARM.Collect$$$$0000000B                 0x0000028c   Section        8  entry9a.o(.ARM.Collect$$$$0000000B)
    .ARM.Collect$$$$0000000D                 0x00000294   Section        0  entry10a.o(.ARM.Collect$$$$0000000D)
    .ARM.Collect$$$$0000000F                 0x00000294   Section        0  entry11a.o(.ARM.Collect$$$$0000000F)
    .ARM.Collect$$$$00002712                 0x00000294   Section        4  entry2.o(.ARM.Collect$$$$00002712)
    __lit__00000000                          0x00000294   Data           4  entry2.o(.ARM.Collect$$$$00002712)
    .text                                    0x00000298   Section       28  startup.o(.text)
    .text                                    0x000002b4   Section       36  init.o(.text)
    i.ADC2millimeter                         0x000002d8   Section        0  adcswtrigger.o(i.ADC2millimeter)
    i.ADC_In3210                             0x000002f8   Section        0  adcswtrigger.o(i.ADC_In3210)
    i.ADC_Init3210                           0x00000344   Section        0  adcswtrigger.o(i.ADC_Init3210)
    i.Board_Init                             0x00000428   Section        0  board.o(i.Board_Init)
    i.Board_Input                            0x0000048c   Section        0  board.o(i.Board_Input)
    i.Cycles2millimeter                      0x00000498   Section        0  timer.o(i.Cycles2millimeter)
    i.Delay1ms                               0x000004ac   Section        0  st7735.o(i.Delay1ms)
    i.DelayWait10ms                          0x000004cc   Section        0  sensorboardtestmain.o(i.DelayWait10ms)
    i.DelayWait10us                          0x000004ec   Section        0  timer.o(i.DelayWait10us)
    i.DelayWait5us                           0x00000502   Section        0  timer.o(i.DelayWait5us)
    i.PLL_Init                               0x00000518   Section        0  pll.o(i.PLL_Init)
    i.ST7735_DrawCharS                       0x00000594   Section        0  st7735.o(i.ST7735_DrawCharS)
    i.ST7735_DrawPixel                       0x00000688   Section        0  st7735.o(i.ST7735_DrawPixel)
    i.ST7735_DrawString                      0x000006d0   Section        0  st7735.o(i.ST7735_DrawString)
    i.ST7735_FillRect                        0x00000728   Section        0  st7735.o(i.ST7735_FillRect)
    i.ST7735_FillScreen                      0x000007d4   Section        0  st7735.o(i.ST7735_FillScreen)
    i.ST7735_InitR                           0x000007f8   Section        0  st7735.o(i.ST7735_InitR)
    i.ST7735_OutChar                         0x00000874   Section        0  st7735.o(i.ST7735_OutChar)
    i.ST7735_OutString                       0x00000948   Section        0  st7735.o(i.ST7735_OutString)
    i.ST7735_OutUDec4                        0x00000960   Section        0  st7735.o(i.ST7735_OutUDec4)
    i.ST7735_OutUDec5                        0x000009ec   Section        0  st7735.o(i.ST7735_OutUDec5)
    i.ST7735_SetCursor                       0x00000a78   Section        0  st7735.o(i.ST7735_SetCursor)
    i.Timer0A_Handler                        0x00000a98   Section        0  timer.o(i.Timer0A_Handler)
    i.Timer0_Init                            0x00000ae0   Section        0  timer.o(i.Timer0_Init)
    i.Timer0_Read                            0x00000bf0   Section        0  timer.o(i.Timer0_Read)
    i.Timer0_StartHCSR04                     0x00000c08   Section        0  timer.o(i.Timer0_StartHCSR04)
    i.Timer0_StartPing                       0x00000c40   Section        0  timer.o(i.Timer0_StartPing)
    i.Timer1A_Handler                        0x00000cd0   Section        0  timer.o(i.Timer1A_Handler)
    i.Timer1_Init                            0x00000d18   Section        0  timer.o(i.Timer1_Init)
    i.Timer1_Read                            0x00000e28   Section        0  timer.o(i.Timer1_Read)
    i.Timer1_StartHCSR04                     0x00000e40   Section        0  timer.o(i.Timer1_StartHCSR04)
    i.Timer1_StartPing                       0x00000e74   Section        0  timer.o(i.Timer1_StartPing)
    i.Timer3A_Handler                        0x00000efc   Section        0  timer.o(i.Timer3A_Handler)
    i.Timer3_Init                            0x00000f44   Section        0  timer.o(i.Timer3_Init)
    i.Timer3_Read                            0x00001054   Section        0  timer.o(i.Timer3_Read)
    i.Timer3_StartHCSR04                     0x0000106c   Section        0  timer.o(i.Timer3_StartHCSR04)
    i.Timer3_StartPing                       0x0000109c   Section        0  timer.o(i.Timer3_StartPing)
    i.__scatterload_copy                     0x00001124   Section       14  handlers.o(i.__scatterload_copy)
    i.__scatterload_null                     0x00001132   Section        2  handlers.o(i.__scatterload_null)
    i.__scatterload_zeroinit                 0x00001134   Section       14  handlers.o(i.__scatterload_zeroinit)
    i.commandList                            0x00001142   Section        0  st7735.o(i.commandList)
    commandList                              0x00001143   Thumb Code    86  st7735.o(i.commandList)
    i.commonInit                             0x00001198   Section        0  st7735.o(i.commonInit)
    commonInit                               0x00001199   Thumb Code   340  st7735.o(i.commonInit)
    i.fillmessage                            0x0000131c   Section        0  st7735.o(i.fillmessage)
    i.fillmessage4                           0x00001364   Section        0  st7735.o(i.fillmessage4)
    i.fillmessage5                           0x000013c8   Section        0  st7735.o(i.fillmessage5)
    i.main                                   0x00001448   Section        0  sensorboardtestmain.o(i.main)
    i.pushColor                              0x00001760   Section        0  st7735.o(i.pushColor)
    pushColor                                0x00001761   Thumb Code    18  st7735.o(i.pushColor)
    i.setAddrWindow                          0x00001774   Section        0  st7735.o(i.setAddrWindow)
    setAddrWindow                            0x00001775   Thumb Code   106  st7735.o(i.setAddrWindow)
    i.writecommand                           0x000017e8   Section        0  st7735.o(i.writecommand)
    writecommand                             0x000017e9   Thumb Code    40  st7735.o(i.writecommand)
    i.writedata                              0x00001818   Section        0  st7735.o(i.writedata)
    writedata                                0x00001819   Thumb Code    24  st7735.o(i.writedata)
    .constdata                               0x00001838   Section     2018  st7735.o(.constdata)
    Font                                     0x00001838   Data        1275  st7735.o(.constdata)
    Bcmd                                     0x00001d33   Data         103  st7735.o(.constdata)
    Rcmd1                                    0x00001d9a   Data          59  st7735.o(.constdata)
    Rcmd2green                               0x00001dd5   Data          13  st7735.o(.constdata)
    Rcmd2red                                 0x00001de2   Data          13  st7735.o(.constdata)
    Rcmd3                                    0x00001def   Data          43  st7735.o(.constdata)
    .data                                    0x20000000   Section       44  st7735.o(.data)
    _width                                   0x2000000a   Data           2  st7735.o(.data)
    _height                                  0x2000000c   Data           2  st7735.o(.data)
    ColStart                                 0x20000014   Data           1  st7735.o(.data)
    RowStart                                 0x20000015   Data           1  st7735.o(.data)
    Rotation                                 0x20000016   Data           1  st7735.o(.data)
    TabColor                                 0x20000017   Data           1  st7735.o(.data)
    .data                                    0x2000002c   Section       20  sensorboardtestmain.o(.data)
    .data                                    0x20000040   Section       36  timer.o(.data)
    .bss                                     0x20000064   Section       12  st7735.o(.bss)
    .bss                                     0x20000070   Section       16  sensorboardtestmain.o(.bss)
    STACK                                    0x20000080   Section     1024  startup.o(STACK)
    StackMem                                 0x20000080   Data           0  startup.o(STACK)

    Global Symbols

    Symbol Name                              Value     Ov Type        Size  Object(Section)

    BuildAttributes$$THM_ISAv4$E$P$D$K$B$S$7EM$PE$A:L22UL41UL21$X:L11$S22US41US21$IEEE1$IW$USESV6$~STKCKD$USESV7$~SHL$OSPACE$EBA8$MICROLIB$REQ8$PRES8$EABIv2 0x00000000   Number         0  anon$$obj.o ABSOLUTE
    __ARM_use_no_argv                        0x00000000   Number         0  sensorboardtestmain.o ABSOLUTE
    __Vectors                                0x00000000   Data           0  startup.o(RESET)
    __cpp_initialize__aeabi_                  - Undefined Weak Reference
    __cxa_finalize                            - Undefined Weak Reference
    __decompress                              - Undefined Weak Reference
    _clock_init                               - Undefined Weak Reference
    _microlib_exit                            - Undefined Weak Reference
    Reset_Handler                            0x0000026d   Thumb Code     0  startup.o(RESET)
    NMI_Handler                              0x00000271   Thumb Code     2  startup.o(RESET)
    HardFault_Handler                        0x00000273   Thumb Code     2  startup.o(RESET)
    MemManage_Handler                        0x00000275   Thumb Code     2  startup.o(RESET)
    BusFault_Handler                         0x00000277   Thumb Code     2  startup.o(RESET)
    UsageFault_Handler                       0x00000279   Thumb Code     2  startup.o(RESET)
    SVC_Handler                              0x0000027b   Thumb Code     2  startup.o(RESET)
    DebugMon_Handler                         0x0000027d   Thumb Code     2  startup.o(RESET)
    PendSV_Handler                           0x0000027f   Thumb Code     2  startup.o(RESET)
    SysTick_Handler                          0x00000281   Thumb Code     2  startup.o(RESET)
    ADC0Seq0_Handler                         0x00000283   Thumb Code     0  startup.o(RESET)
    ADC0Seq1_Handler                         0x00000283   Thumb Code     0  startup.o(RESET)
    ADC0Seq2_Handler                         0x00000283   Thumb Code     0  startup.o(RESET)
    ADC0Seq3_Handler                         0x00000283   Thumb Code     0  startup.o(RESET)
    ADC1Seq0_Handler                         0x00000283   Thumb Code     0  startup.o(RESET)
    ADC1Seq1_Handler                         0x00000283   Thumb Code     0  startup.o(RESET)
    ADC1Seq2_Handler                         0x00000283   Thumb Code     0  startup.o(RESET)
    ADC1Seq3_Handler                         0x00000283   Thumb Code     0  startup.o(RESET)
    CAN0_Handler                             0x00000283   Thumb Code     0  startup.o(RESET)
    CAN1_Handler                             0x00000283   Thumb Code     0  startup.o(RESET)
    CAN2_Handler                             0x00000283   Thumb Code     0  startup.o(RESET)
    Comp0_Handler                            0x00000283   Thumb Code     0  startup.o(RESET)
    Comp1_Handler                            0x00000283   Thumb Code     0  startup.o(RESET)
    Comp2_Handler                            0x00000283   Thumb Code     0  startup.o(RESET)
    Ethernet_Handler                         0x00000283   Thumb Code     0  startup.o(RESET)
    ExtBus_Handler                           0x00000283   Thumb Code     0  startup.o(RESET)
    FPU_Handler                              0x00000283   Thumb Code     0  startup.o(RESET)
    Fan0_Handler                             0x00000283   Thumb Code     0  startup.o(RESET)
    FlashCtl_Handler                         0x00000283   Thumb Code     0  startup.o(RESET)
    GPIOPortA_Handler                        0x00000283   Thumb Code     0  startup.o(RESET)
    GPIOPortB_Handler                        0x00000283   Thumb Code     0  startup.o(RESET)
    GPIOPortC_Handler                        0x00000283   Thumb Code     0  startup.o(RESET)
    GPIOPortD_Handler                        0x00000283   Thumb Code     0  startup.o(RESET)
    GPIOPortE_Handler                        0x00000283   Thumb Code     0  startup.o(RESET)
    GPIOPortF_Handler                        0x00000283   Thumb Code     0  startup.o(RESET)
    GPIOPortG_Handler                        0x00000283   Thumb Code     0  startup.o(RESET)
    GPIOPortH_Handler                        0x00000283   Thumb Code     0  startup.o(RESET)
    GPIOPortJ_Handler                        0x00000283   Thumb Code     0  startup.o(RESET)
    GPIOPortK_Handler                        0x00000283   Thumb Code     0  startup.o(RESET)
    GPIOPortL_Handler                        0x00000283   Thumb Code     0  startup.o(RESET)
    GPIOPortM_Handler                        0x00000283   Thumb Code     0  startup.o(RESET)
    GPIOPortN_Handler                        0x00000283   Thumb Code     0  startup.o(RESET)
    GPIOPortP1_Handler                       0x00000283   Thumb Code     0  startup.o(RESET)
    GPIOPortP2_Handler                       0x00000283   Thumb Code     0  startup.o(RESET)
    GPIOPortP3_Handler                       0x00000283   Thumb Code     0  startup.o(RESET)
    GPIOPortP4_Handler                       0x00000283   Thumb Code     0  startup.o(RESET)
    GPIOPortP5_Handler                       0x00000283   Thumb Code     0  startup.o(RESET)
    GPIOPortP6_Handler                       0x00000283   Thumb Code     0  startup.o(RESET)
    GPIOPortP7_Handler                       0x00000283   Thumb Code     0  startup.o(RESET)
    GPIOPortP_Handler                        0x00000283   Thumb Code     0  startup.o(RESET)
    GPIOPortQ1_Handler                       0x00000283   Thumb Code     0  startup.o(RESET)
    GPIOPortQ2_Handler                       0x00000283   Thumb Code     0  startup.o(RESET)
    GPIOPortQ3_Handler                       0x00000283   Thumb Code     0  startup.o(RESET)
    GPIOPortQ4_Handler                       0x00000283   Thumb Code     0  startup.o(RESET)
    GPIOPortQ5_Handler                       0x00000283   Thumb Code     0  startup.o(RESET)
    GPIOPortQ6_Handler                       0x00000283   Thumb Code     0  startup.o(RESET)
    GPIOPortQ7_Handler                       0x00000283   Thumb Code     0  startup.o(RESET)
    GPIOPortQ_Handler                        0x00000283   Thumb Code     0  startup.o(RESET)
    GPIOPortR_Handler                        0x00000283   Thumb Code     0  startup.o(RESET)
    GPIOPortS_Handler                        0x00000283   Thumb Code     0  startup.o(RESET)
    Hibernate_Handler                        0x00000283   Thumb Code     0  startup.o(RESET)
    I2C0_Handler                             0x00000283   Thumb Code     0  startup.o(RESET)
    I2C1_Handler                             0x00000283   Thumb Code     0  startup.o(RESET)
    I2C2_Handler                             0x00000283   Thumb Code     0  startup.o(RESET)
    I2C3_Handler                             0x00000283   Thumb Code     0  startup.o(RESET)
    I2C4_Handler                             0x00000283   Thumb Code     0  startup.o(RESET)
    I2C5_Handler                             0x00000283   Thumb Code     0  startup.o(RESET)
    I2S0_Handler                             0x00000283   Thumb Code     0  startup.o(RESET)
    LPC0_Handler                             0x00000283   Thumb Code     0  startup.o(RESET)
    PECI0_Handler                            0x00000283   Thumb Code     0  startup.o(RESET)
    PWM0Fault_Handler                        0x00000283   Thumb Code     0  startup.o(RESET)
    PWM0Generator0_Handler                   0x00000283   Thumb Code     0  startup.o(RESET)
    PWM0Generator1_Handler                   0x00000283   Thumb Code     0  startup.o(RESET)
    PWM0Generator2_Handler                   0x00000283   Thumb Code     0  startup.o(RESET)
    PWM0Generator3_Handler                   0x00000283   Thumb Code     0  startup.o(RESET)
    PWM1Fault_Handler                        0x00000283   Thumb Code     0  startup.o(RESET)
    PWM1Generator0_Handler                   0x00000283   Thumb Code     0  startup.o(RESET)
    PWM1Generator1_Handler                   0x00000283   Thumb Code     0  startup.o(RESET)
    PWM1Generator2_Handler                   0x00000283   Thumb Code     0  startup.o(RESET)
    PWM1Generator3_Handler                   0x00000283   Thumb Code     0  startup.o(RESET)
    Quadrature0_Handler                      0x00000283   Thumb Code     0  startup.o(RESET)
    Quadrature1_Handler                      0x00000283   Thumb Code     0  startup.o(RESET)
    Quadrature2_Handler                      0x00000283   Thumb Code     0  startup.o(RESET)
    SSI0_Handler                             0x00000283   Thumb Code     0  startup.o(RESET)
    SSI1_Handler                             0x00000283   Thumb Code     0  startup.o(RESET)
    SSI2_Handler                             0x00000283   Thumb Code     0  startup.o(RESET)
    SSI3_Handler                             0x00000283   Thumb Code     0  startup.o(RESET)
    SysCtl_Handler                           0x00000283   Thumb Code     0  startup.o(RESET)
    Timer0B_Handler                          0x00000283   Thumb Code     0  startup.o(RESET)
    Timer1B_Handler                          0x00000283   Thumb Code     0  startup.o(RESET)
    Timer2A_Handler                          0x00000283   Thumb Code     0  startup.o(RESET)
    Timer2B_Handler                          0x00000283   Thumb Code     0  startup.o(RESET)
    Timer3B_Handler                          0x00000283   Thumb Code     0  startup.o(RESET)
    Timer4A_Handler                          0x00000283   Thumb Code     0  startup.o(RESET)
    Timer4B_Handler                          0x00000283   Thumb Code     0  startup.o(RESET)
    Timer5A_Handler                          0x00000283   Thumb Code     0  startup.o(RESET)
    Timer5B_Handler                          0x00000283   Thumb Code     0  startup.o(RESET)
    UART0_Handler                            0x00000283   Thumb Code     0  startup.o(RESET)
    UART1_Handler                            0x00000283   Thumb Code     0  startup.o(RESET)
    UART2_Handler                            0x00000283   Thumb Code     0  startup.o(RESET)
    UART3_Handler                            0x00000283   Thumb Code     0  startup.o(RESET)
    UART4_Handler                            0x00000283   Thumb Code     0  startup.o(RESET)
    UART5_Handler                            0x00000283   Thumb Code     0  startup.o(RESET)
    UART6_Handler                            0x00000283   Thumb Code     0  startup.o(RESET)
    UART7_Handler                            0x00000283   Thumb Code     0  startup.o(RESET)
    USB0_Handler                             0x00000283   Thumb Code     0  startup.o(RESET)
    WDT_Handler                              0x00000283   Thumb Code     0  startup.o(RESET)
    WideTimer0A_Handler                      0x00000283   Thumb Code     0  startup.o(RESET)
    WideTimer0B_Handler                      0x00000283   Thumb Code     0  startup.o(RESET)
    WideTimer1A_Handler                      0x00000283   Thumb Code     0  startup.o(RESET)
    WideTimer1B_Handler                      0x00000283   Thumb Code     0  startup.o(RESET)
    WideTimer2A_Handler                      0x00000283   Thumb Code     0  startup.o(RESET)
    WideTimer2B_Handler                      0x00000283   Thumb Code     0  startup.o(RESET)
    WideTimer3A_Handler                      0x00000283   Thumb Code     0  startup.o(RESET)
    WideTimer3B_Handler                      0x00000283   Thumb Code     0  startup.o(RESET)
    WideTimer4A_Handler                      0x00000283   Thumb Code     0  startup.o(RESET)
    WideTimer4B_Handler                      0x00000283   Thumb Code     0  startup.o(RESET)
    WideTimer5A_Handler                      0x00000283   Thumb Code     0  startup.o(RESET)
    WideTimer5B_Handler                      0x00000283   Thumb Code     0  startup.o(RESET)
    uDMA_Error                               0x00000283   Thumb Code     0  startup.o(RESET)
    uDMA_Handler                             0x00000283   Thumb Code     0  startup.o(RESET)
    __main                                   0x00000285   Thumb Code     0  entry.o(.ARM.Collect$$$$00000000)
    _main_stk                                0x00000285   Thumb Code     0  entry2.o(.ARM.Collect$$$$00000001)
    _main_scatterload                        0x00000289   Thumb Code     0  entry5.o(.ARM.Collect$$$$00000004)
    __main_after_scatterload                 0x0000028d   Thumb Code     0  entry5.o(.ARM.Collect$$$$00000004)
    _main_clock                              0x0000028d   Thumb Code     0  entry7b.o(.ARM.Collect$$$$00000008)
    _main_cpp_init                           0x0000028d   Thumb Code     0  entry8b.o(.ARM.Collect$$$$0000000A)
    _main_init                               0x0000028d   Thumb Code     0  entry9a.o(.ARM.Collect$$$$0000000B)
    __rt_final_cpp                           0x00000295   Thumb Code     0  entry10a.o(.ARM.Collect$$$$0000000D)
    __rt_final_exit                          0x00000295   Thumb Code     0  entry11a.o(.ARM.Collect$$$$0000000F)
    DisableInterrupts                        0x00000299   Thumb Code     0  startup.o(.text)
    EnableInterrupts                         0x0000029d   Thumb Code     0  startup.o(.text)
    StartCritical                            0x000002a1   Thumb Code     0  startup.o(.text)
    EndCritical                              0x000002a9   Thumb Code     0  startup.o(.text)
    WaitForInterrupt                         0x000002af   Thumb Code     0  startup.o(.text)
    __scatterload                            0x000002b5   Thumb Code    28  init.o(.text)
    __scatterload_rt2                        0x000002b5   Thumb Code     0  init.o(.text)
    ADC2millimeter                           0x000002d9   Thumb Code    26  adcswtrigger.o(i.ADC2millimeter)
    ADC_In3210                               0x000002f9   Thumb Code    68  adcswtrigger.o(i.ADC_In3210)
    ADC_Init3210                             0x00000345   Thumb Code   204  adcswtrigger.o(i.ADC_Init3210)
    Board_Init                               0x00000429   Thumb Code    78  board.o(i.Board_Init)
    Board_Input                              0x0000048d   Thumb Code     6  board.o(i.Board_Input)
    Cycles2millimeter                        0x00000499   Thumb Code    14  timer.o(i.Cycles2millimeter)
    Delay1ms                                 0x000004ad   Thumb Code    32  st7735.o(i.Delay1ms)
    DelayWait10ms                            0x000004cd   Thumb Code    32  sensorboardtestmain.o(i.DelayWait10ms)
    DelayWait10us                            0x000004ed   Thumb Code    22  timer.o(i.DelayWait10us)
    DelayWait5us                             0x00000503   Thumb Code    22  timer.o(i.DelayWait5us)
    PLL_Init                                 0x00000519   Thumb Code   118  pll.o(i.PLL_Init)
    ST7735_DrawCharS                         0x00000595   Thumb Code   232  st7735.o(i.ST7735_DrawCharS)
    ST7735_DrawPixel                         0x00000689   Thumb Code    64  st7735.o(i.ST7735_DrawPixel)
    ST7735_DrawString                        0x000006d1   Thumb Code    86  st7735.o(i.ST7735_DrawString)
    ST7735_FillRect                          0x00000729   Thumb Code   164  st7735.o(i.ST7735_FillRect)
    ST7735_FillScreen                        0x000007d5   Thumb Code    28  st7735.o(i.ST7735_FillScreen)
    ST7735_InitR                             0x000007f9   Thumb Code    90  st7735.o(i.ST7735_InitR)
    ST7735_OutChar                           0x00000875   Thumb Code   176  st7735.o(i.ST7735_OutChar)
    ST7735_OutString                         0x00000949   Thumb Code    24  st7735.o(i.ST7735_OutString)
    ST7735_OutUDec4                          0x00000961   Thumb Code   118  st7735.o(i.ST7735_OutUDec4)
    ST7735_OutUDec5                          0x000009ed   Thumb Code   118  st7735.o(i.ST7735_OutUDec5)
    ST7735_SetCursor                         0x00000a79   Thumb Code    22  st7735.o(i.ST7735_SetCursor)
    Timer0A_Handler                          0x00000a99   Thumb Code    50  timer.o(i.Timer0A_Handler)
    Timer0_Init                              0x00000ae1   Thumb Code   232  timer.o(i.Timer0_Init)
    Timer0_Read                              0x00000bf1   Thumb Code    16  timer.o(i.Timer0_Read)
    Timer0_StartHCSR04                       0x00000c09   Thumb Code    38  timer.o(i.Timer0_StartHCSR04)
    Timer0_StartPing                         0x00000c41   Thumb Code   118  timer.o(i.Timer0_StartPing)
    Timer1A_Handler                          0x00000cd1   Thumb Code    50  timer.o(i.Timer1A_Handler)
    Timer1_Init                              0x00000d19   Thumb Code   232  timer.o(i.Timer1_Init)
    Timer1_Read                              0x00000e29   Thumb Code    16  timer.o(i.Timer1_Read)
    Timer1_StartHCSR04                       0x00000e41   Thumb Code    40  timer.o(i.Timer1_StartHCSR04)
    Timer1_StartPing                         0x00000e75   Thumb Code   116  timer.o(i.Timer1_StartPing)
    Timer3A_Handler                          0x00000efd   Thumb Code    50  timer.o(i.Timer3A_Handler)
    Timer3_Init                              0x00000f45   Thumb Code   230  timer.o(i.Timer3_Init)
    Timer3_Read                              0x00001055   Thumb Code    16  timer.o(i.Timer3_Read)
    Timer3_StartHCSR04                       0x0000106d   Thumb Code    36  timer.o(i.Timer3_StartHCSR04)
    Timer3_StartPing                         0x0000109d   Thumb Code   116  timer.o(i.Timer3_StartPing)
    __scatterload_copy                       0x00001125   Thumb Code    14  handlers.o(i.__scatterload_copy)
    __scatterload_null                       0x00001133   Thumb Code     2  handlers.o(i.__scatterload_null)
    __scatterload_zeroinit                   0x00001135   Thumb Code    14  handlers.o(i.__scatterload_zeroinit)
    fillmessage                              0x0000131d   Thumb Code    64  st7735.o(i.fillmessage)
    fillmessage4                             0x00001365   Thumb Code    90  st7735.o(i.fillmessage4)
    fillmessage5                             0x000013c9   Thumb Code   116  st7735.o(i.fillmessage5)
    main                                     0x00001449   Thumb Code   490  sensorboardtestmain.o(i.main)
    dBfs                                     0x00001e1a   Data         512  st7735.o(.constdata)
    Region$$Table$$Base                      0x0000201c   Number         0  anon$$obj.o(Region$$Table)
    Region$$Table$$Limit                     0x0000203c   Number         0  anon$$obj.o(Region$$Table)
    StX                                      0x20000000   Data           4  st7735.o(.data)
    StY                                      0x20000004   Data           4  st7735.o(.data)
    StTextColor                              0x20000008   Data           2  st7735.o(.data)
    lastj                                    0x20000010   Data           4  st7735.o(.data)
    Messageindex                             0x20000018   Data           4  st7735.o(.data)
    Ymax                                     0x2000001c   Data           4  st7735.o(.data)
    Ymin                                     0x20000020   Data           4  st7735.o(.data)
    X                                        0x20000024   Data           4  st7735.o(.data)
    Yrange                                   0x20000028   Data           4  st7735.o(.data)
    PingType                                 0x2000002c   Data           4  sensorboardtestmain.o(.data)
    Cycle0                                   0x20000030   Data           4  sensorboardtestmain.o(.data)
    Cycle1                                   0x20000034   Data           4  sensorboardtestmain.o(.data)
    Cycle2                                   0x20000038   Data           4  sensorboardtestmain.o(.data)
    Cycle3                                   0x2000003c   Data           4  sensorboardtestmain.o(.data)
    Timer0First                              0x20000040   Data           4  timer.o(.data)
    Timer0Done                               0x20000044   Data           4  timer.o(.data)
    Timer0Pulse                              0x20000048   Data           4  timer.o(.data)
    Timer1First                              0x2000004c   Data           4  timer.o(.data)
    Timer1Done                               0x20000050   Data           4  timer.o(.data)
    Timer1Pulse                              0x20000054   Data           4  timer.o(.data)
    Timer3First                              0x20000058   Data           4  timer.o(.data)
    Timer3Done                               0x2000005c   Data           4  timer.o(.data)
    Timer3Pulse                              0x20000060   Data           4  timer.o(.data)
    Message                                  0x20000064   Data          12  st7735.o(.bss)
    IRdata                                   0x20000070   Data          16  sensorboardtestmain.o(.bss)
    __initial_sp                             0x20000480   Data           0  startup.o(STACK)



==============================================================================

Memory Map of the image

  Image Entry point : 0x0000026d

  Load Region LR_1 (Base: 0x00000000, Size: 0x000020a0, Max: 0xffffffff, ABSOLUTE)

    Execution Region ER_RO (Base: 0x00000000, Size: 0x0000203c, Max: 0xffffffff, ABSOLUTE)

    Base Addr    Size         Type   Attr      Idx    E Section Name        Object

    0x00000000   0x00000284   Code   RO            3  * RESET               startup.o
    0x00000284   0x00000000   Code   RO          560  * .ARM.Collect$$$$00000000  mc_w.l(entry.o)
    0x00000284   0x00000004   Code   RO          563    .ARM.Collect$$$$00000001  mc_w.l(entry2.o)
    0x00000288   0x00000004   Code   RO          566    .ARM.Collect$$$$00000004  mc_w.l(entry5.o)
    0x0000028c   0x00000000   Code   RO          568    .ARM.Collect$$$$00000008  mc_w.l(entry7b.o)
    0x0000028c   0x00000000   Code   RO          570    .ARM.Collect$$$$0000000A  mc_w.l(entry8b.o)
    0x0000028c   0x00000008   Code   RO          571    .ARM.Collect$$$$0000000B  mc_w.l(entry9a.o)
    0x00000294   0x00000000   Code   RO          573    .ARM.Collect$$$$0000000D  mc_w.l(entry10a.o)
    0x00000294   0x00000000   Code   RO          575    .ARM.Collect$$$$0000000F  mc_w.l(entry11a.o)
    0x00000294   0x00000004   Code   RO          564    .ARM.Collect$$$$00002712  mc_w.l(entry2.o)
    0x00000298   0x0000001c   Code   RO            4    .text               startup.o
    0x000002b4   0x00000024   Code   RO          577    .text               mc_w.l(init.o)
    0x000002d8   0x00000020   Code   RO          386    i.ADC2millimeter    adcswtrigger.o
    0x000002f8   0x0000004c   Code   RO          387    i.ADC_In3210        adcswtrigger.o
    0x00000344   0x000000e4   Code   RO          389    i.ADC_Init3210      adcswtrigger.o
    0x00000428   0x00000064   Code   RO          359    i.Board_Init        board.o
    0x0000048c   0x0000000c   Code   RO          360    i.Board_Input       board.o
    0x00000498   0x00000014   Code   RO          438    i.Cycles2millimeter  timer.o
    0x000004ac   0x00000020   Code   RO           34    i.Delay1ms          st7735.o
    0x000004cc   0x00000020   Code   RO          334    i.DelayWait10ms     sensorboardtestmain.o
    0x000004ec   0x00000016   Code   RO          439    i.DelayWait10us     timer.o
    0x00000502   0x00000016   Code   RO          440    i.DelayWait5us      timer.o
    0x00000518   0x0000007c   Code   RO           12    i.PLL_Init          pll.o
    0x00000594   0x000000f4   Code   RO           43    i.ST7735_DrawCharS  st7735.o
    0x00000688   0x00000048   Code   RO           46    i.ST7735_DrawPixel  st7735.o
    0x000006d0   0x00000056   Code   RO           47    i.ST7735_DrawString  st7735.o
    0x00000726   0x00000002   PAD
    0x00000728   0x000000ac   Code   RO           48    i.ST7735_FillRect   st7735.o
    0x000007d4   0x00000024   Code   RO           49    i.ST7735_FillScreen  st7735.o
    0x000007f8   0x0000007c   Code   RO           51    i.ST7735_InitR      st7735.o
    0x00000874   0x000000d4   Code   RO           53    i.ST7735_OutChar    st7735.o
    0x00000948   0x00000018   Code   RO           54    i.ST7735_OutString  st7735.o
    0x00000960   0x0000008c   Code   RO           56    i.ST7735_OutUDec4   st7735.o
    0x000009ec   0x0000008c   Code   RO           57    i.ST7735_OutUDec5   st7735.o
    0x00000a78   0x00000020   Code   RO           66    i.ST7735_SetCursor  st7735.o
    0x00000a98   0x00000048   Code   RO          441    i.Timer0A_Handler   timer.o
    0x00000ae0   0x00000110   Code   RO          442    i.Timer0_Init       timer.o
    0x00000bf0   0x00000018   Code   RO          443    i.Timer0_Read       timer.o
    0x00000c08   0x00000038   Code   RO          444    i.Timer0_StartHCSR04  timer.o
    0x00000c40   0x00000090   Code   RO          445    i.Timer0_StartPing  timer.o
    0x00000cd0   0x00000048   Code   RO          446    i.Timer1A_Handler   timer.o
    0x00000d18   0x00000110   Code   RO          447    i.Timer1_Init       timer.o
    0x00000e28   0x00000018   Code   RO          448    i.Timer1_Read       timer.o
    0x00000e40   0x00000034   Code   RO          449    i.Timer1_StartHCSR04  timer.o
    0x00000e74   0x00000088   Code   RO          450    i.Timer1_StartPing  timer.o
    0x00000efc   0x00000048   Code   RO          451    i.Timer3A_Handler   timer.o
    0x00000f44   0x00000110   Code   RO          452    i.Timer3_Init       timer.o
    0x00001054   0x00000018   Code   RO          453    i.Timer3_Read       timer.o
    0x0000106c   0x00000030   Code   RO          454    i.Timer3_StartHCSR04  timer.o
    0x0000109c   0x00000088   Code   RO          455    i.Timer3_StartPing  timer.o
    0x00001124   0x0000000e   Code   RO          581    i.__scatterload_copy  mc_w.l(handlers.o)
    0x00001132   0x00000002   Code   RO          582    i.__scatterload_null  mc_w.l(handlers.o)
    0x00001134   0x0000000e   Code   RO          583    i.__scatterload_zeroinit  mc_w.l(handlers.o)
    0x00001142   0x00000056   Code   RO           70    i.commandList       st7735.o
    0x00001198   0x00000184   Code   RO           71    i.commonInit        st7735.o
    0x0000131c   0x00000048   Code   RO           74    i.fillmessage       st7735.o
    0x00001364   0x00000064   Code   RO           75    i.fillmessage4      st7735.o
    0x000013c8   0x00000080   Code   RO           76    i.fillmessage5      st7735.o
    0x00001448   0x00000318   Code   RO          335    i.main              sensorboardtestmain.o
    0x00001760   0x00000012   Code   RO           78    i.pushColor         st7735.o
    0x00001772   0x00000002   PAD
    0x00001774   0x00000074   Code   RO           79    i.setAddrWindow     st7735.o
    0x000017e8   0x00000030   Code   RO           80    i.writecommand      st7735.o
    0x00001818   0x00000020   Code   RO           81    i.writedata         st7735.o
    0x00001838   0x000007e2   Data   RO           83    .constdata          st7735.o
    0x0000201a   0x00000002   PAD
    0x0000201c   0x00000020   Data   RO          579    Region$$Table       anon$$obj.o


    Execution Region ER_RW (Base: 0x20000000, Size: 0x00000064, Max: 0xffffffff, ABSOLUTE)

    Base Addr    Size         Type   Attr      Idx    E Section Name        Object

    0x20000000   0x0000002c   Data   RW           84    .data               st7735.o
    0x2000002c   0x00000014   Data   RW          337    .data               sensorboardtestmain.o
    0x20000040   0x00000024   Data   RW          456    .data               timer.o


    Execution Region ER_ZI (Base: 0x20000064, Size: 0x0000041c, Max: 0xffffffff, ABSOLUTE)

    Base Addr    Size         Type   Attr      Idx    E Section Name        Object

    0x20000064   0x0000000c   Zero   RW           82    .bss                st7735.o
    0x20000070   0x00000010   Zero   RW          336    .bss                sensorboardtestmain.o
    0x20000080   0x00000400   Zero   RW            1    STACK               startup.o


==============================================================================

Image component sizes


      Code (inc. data)   RO Data    RW Data    ZI Data      Debug   Object Name

       336         38          0          0          0       1633   adcswtrigger.o
       112         28          0          0          0        731   board.o
       124          6          0          0          0       4615   pll.o
       824        302          0         20         16       1837   sensorboardtestmain.o
      2302        264       2018         44         12      14174   st7735.o
       672        622          0          0       1024        868   startup.o
      1740        326          0         36          0       8244   timer.o

    ----------------------------------------------------------------------
      6114       1586       2052        100       1052      32102   Object Totals
         0          0         32          0          0          0   (incl. Generated)
         4          0          2          0          0          0   (incl. Padding)

    ----------------------------------------------------------------------

      Code (inc. data)   RO Data    RW Data    ZI Data      Debug   Library Member Name

         0          0          0          0          0          0   entry.o
         0          0          0          0          0          0   entry10a.o
         0          0          0          0          0          0   entry11a.o
         8          4          0          0          0          0   entry2.o
         4          0          0          0          0          0   entry5.o
         0          0          0          0          0          0   entry7b.o
         0          0          0          0          0          0   entry8b.o
         8          4          0          0          0          0   entry9a.o
        30          0          0          0          0          0   handlers.o
        36          8          0          0          0         68   init.o

    ----------------------------------------------------------------------
        86         16          0          0          0         68   Library Totals
         0          0          0          0          0          0   (incl. Padding)

    ----------------------------------------------------------------------

      Code (inc. data)   RO Data    RW Data    ZI Data      Debug   Library Name

        86         16          0          0          0         68   mc_w.l

    ----------------------------------------------------------------------
        86         16          0          0          0         68   Library Totals

    ----------------------------------------------------------------------

==============================================================================


      Code (inc. data)   RO Data    RW Data    ZI Data      Debug   

      6200       1602       2052        100       1052      29986   Grand Totals
      6200       1602       2052        100       1052      29986   ELF Image Totals
      6200       1602       2052        100          0          0   ROM Totals

==============================================================================

    Total RO  Size (Code + RO Data)                 8252 (   8.06kB)
    Total RW  Size (RW Data + ZI Data)              1152 (   1.13kB)
    Total ROM Size (Code + RO Data + RW Data)       8352 (   8.16kB)

==============================================================================

