Component: ARM Compiler 5.06 update 3 (build 300) Tool: armlink [4d35c9]

==============================================================================

Section Cross References

    verysimpleapplicationprocessor.o(i.OutValue) refers to uart0.o(i.UART0_OutString) for UART0_OutString
    verysimpleapplicationprocessor.o(i.OutValue) refers to uart0.o(i.UART0_OutUHex) for UART0_OutUHex
    verysimpleapplicationprocessor.o(i.main) refers to startup_tm4c123.o(.text) for DisableInterrupts
    verysimpleapplicationprocessor.o(i.main) refers to clock.o(i.Clock_InitFastest) for Clock_InitFastest
    verysimpleapplicationprocessor.o(i.main) refers to uart0.o(i.UART0_Init) for UART0_Init
    verysimpleapplicationprocessor.o(i.main) refers to launchpad.o(i.LaunchPad_Init) for LaunchPad_Init
    verysimpleapplicationprocessor.o(i.main) refers to uart0.o(i.UART0_OutString) for UART0_OutString
    verysimpleapplicationprocessor.o(i.main) refers to ap.o(i.AP_Init) for AP_Init
    verysimpleapplicationprocessor.o(i.main) refers to ap.o(i.AP_SendMessageResponse) for AP_SendMessageResponse
    verysimpleapplicationprocessor.o(i.main) refers to ap.o(i.AP_RecvStatus) for AP_RecvStatus
    verysimpleapplicationprocessor.o(i.main) refers to ap.o(i.AP_RecvMessage) for AP_RecvMessage
    verysimpleapplicationprocessor.o(i.main) refers to ap.o(i.AP_EchoReceived) for AP_EchoReceived
    verysimpleapplicationprocessor.o(i.main) refers to verysimpleapplicationprocessor.o(i.OutValue) for OutValue
    verysimpleapplicationprocessor.o(i.main) refers to launchpad.o(i.LaunchPad_Output) for LaunchPad_Output
    verysimpleapplicationprocessor.o(i.main) refers to ap.o(i.AP_SendMessage) for AP_SendMessage
    verysimpleapplicationprocessor.o(i.main) refers to ap.o(i.AP_EchoSendMessage) for AP_EchoSendMessage
    verysimpleapplicationprocessor.o(i.main) refers to launchpad.o(i.LaunchPad_Input) for LaunchPad_Input
    verysimpleapplicationprocessor.o(i.main) refers to ap.o(.bss) for RecvBuf
    verysimpleapplicationprocessor.o(i.main) refers to verysimpleapplicationprocessor.o(.constdata) for NPI_GATTSetDeviceNameMsg
    verysimpleapplicationprocessor.o(i.main) refers to verysimpleapplicationprocessor.o(.data) for Data
    ap.o(i.AP_AddCharacteristic) refers to uart0.o(i.UART0_OutString) for UART0_OutString
    ap.o(i.AP_AddCharacteristic) refers to ap.o(i.AP_SendMessageResponse) for AP_SendMessageResponse
    ap.o(i.AP_AddCharacteristic) refers to ap.o(.data) for CharacteristicCount
    ap.o(i.AP_AddCharacteristic) refers to ap.o(.bss) for RecvBuf
    ap.o(i.AP_AddNotifyCharacteristic) refers to uart0.o(i.UART0_OutString) for UART0_OutString
    ap.o(i.AP_AddNotifyCharacteristic) refers to ap.o(i.AP_SendMessageResponse) for AP_SendMessageResponse
    ap.o(i.AP_AddNotifyCharacteristic) refers to ap.o(.data) for NotifyCharacteristicCount
    ap.o(i.AP_AddNotifyCharacteristic) refers to ap.o(.bss) for RecvBuf
    ap.o(i.AP_AddService) refers to uart0.o(i.UART0_OutString) for UART0_OutString
    ap.o(i.AP_AddService) refers to ap.o(i.AP_SendMessageResponse) for AP_SendMessageResponse
    ap.o(i.AP_AddService) refers to ap.o(.data) for NPI_AddService
    ap.o(i.AP_AddService) refers to ap.o(.bss) for RecvBuf
    ap.o(i.AP_BackgroundProcess) refers to ap.o(i.AP_RecvStatus) for AP_RecvStatus
    ap.o(i.AP_BackgroundProcess) refers to ap.o(i.AP_RecvMessage) for AP_RecvMessage
    ap.o(i.AP_BackgroundProcess) refers to uart0.o(i.UART0_OutString) for UART0_OutString
    ap.o(i.AP_BackgroundProcess) refers to ap.o(i.AP_EchoReceived) for AP_EchoReceived
    ap.o(i.AP_BackgroundProcess) refers to ap.o(i.AP_SendMessage) for AP_SendMessage
    ap.o(i.AP_BackgroundProcess) refers to ap.o(i.AP_EchoSendMessage) for AP_EchoSendMessage
    ap.o(i.AP_BackgroundProcess) refers to ap.o(.bss) for RecvBuf
    ap.o(i.AP_BackgroundProcess) refers to ap.o(.data) for NPI_WriteConfirmation
    ap.o(i.AP_EchoReceived) refers to uart0.o(i.UART0_OutString) for UART0_OutString
    ap.o(i.AP_EchoReceived) refers to ap.o(i.AP_GetSize) for AP_GetSize
    ap.o(i.AP_EchoReceived) refers to uart0.o(i.UART0_OutUHex2) for UART0_OutUHex2
    ap.o(i.AP_EchoReceived) refers to uart0.o(i.UART0_OutChar) for UART0_OutChar
    ap.o(i.AP_EchoReceived) refers to ap.o(.bss) for RecvBuf
    ap.o(i.AP_EchoSendMessage) refers to ap.o(i.AP_GetSize) for AP_GetSize
    ap.o(i.AP_EchoSendMessage) refers to uart0.o(i.UART0_OutString) for UART0_OutString
    ap.o(i.AP_EchoSendMessage) refers to uart0.o(i.UART0_OutUHex2) for UART0_OutUHex2
    ap.o(i.AP_EchoSendMessage) refers to uart0.o(i.UART0_OutChar) for UART0_OutChar
    ap.o(i.AP_GetNotifyCCCD) refers to ap.o(.bss) for NotifyCharacteristicList
    ap.o(i.AP_GetStatus) refers to uart0.o(i.UART0_OutString) for UART0_OutString
    ap.o(i.AP_GetStatus) refers to ap.o(i.AP_SendMessageResponse) for AP_SendMessageResponse
    ap.o(i.AP_GetStatus) refers to ap.o(.bss) for RecvBuf
    ap.o(i.AP_GetStatus) refers to ap.o(.constdata) for NPI_GetStatus
    ap.o(i.AP_GetVersion) refers to uart0.o(i.UART0_OutString) for UART0_OutString
    ap.o(i.AP_GetVersion) refers to ap.o(i.AP_SendMessageResponse) for AP_SendMessageResponse
    ap.o(i.AP_GetVersion) refers to ap.o(.bss) for RecvBuf
    ap.o(i.AP_GetVersion) refers to ap.o(.constdata) for NPI_GetVersion
    ap.o(i.AP_Init) refers to gpio.o(i.GPIO_Init) for GPIO_Init
    ap.o(i.AP_Init) refers to uart0.o(i.UART0_Init) for UART0_Init
    ap.o(i.AP_Init) refers to uart0.o(i.UART0_OutString) for UART0_OutString
    ap.o(i.AP_Init) refers to uart1.o(i.UART1_Init) for UART1_Init
    ap.o(i.AP_Init) refers to ap.o(i.AP_Reset) for AP_Reset
    ap.o(i.AP_Init) refers to ap.o(i.AP_RecvStatus) for AP_RecvStatus
    ap.o(i.AP_Init) refers to ap.o(i.AP_RecvMessage) for AP_RecvMessage
    ap.o(i.AP_Init) refers to ap.o(i.AP_SendMessageResponse) for AP_SendMessageResponse
    ap.o(i.AP_Init) refers to ap.o(.data) for fcserr
    ap.o(i.AP_Init) refers to ap.o(.bss) for RecvBuf
    ap.o(i.AP_Init) refers to ap.o(.constdata) for HCI_EXT_ResetSystemCmd
    ap.o(i.AP_RecvMessage) refers to uart1.o(i.UART1_InChar) for UART1_InChar
    ap.o(i.AP_RecvMessage) refers to ap.o(.data) for TimeOutErr
    ap.o(i.AP_RegisterService) refers to uart0.o(i.UART0_OutString) for UART0_OutString
    ap.o(i.AP_RegisterService) refers to ap.o(i.AP_SendMessageResponse) for AP_SendMessageResponse
    ap.o(i.AP_RegisterService) refers to ap.o(.bss) for RecvBuf
    ap.o(i.AP_RegisterService) refers to ap.o(.constdata) for NPI_Register
    ap.o(i.AP_Reset) refers to cortexm.o(i.Clock_Delay1ms) for Clock_Delay1ms
    ap.o(i.AP_SendMessage) refers to ap.o(i.AP_GetSize) for AP_GetSize
    ap.o(i.AP_SendMessage) refers to uart1.o(i.UART1_OutChar) for UART1_OutChar
    ap.o(i.AP_SendMessage) refers to uart1.o(i.UART1_FinishOutput) for UART1_FinishOutput
    ap.o(i.AP_SendMessage) refers to ap.o(.data) for TimeOutErr
    ap.o(i.AP_SendMessageResponse) refers to ap.o(i.AP_SendMessage) for AP_SendMessage
    ap.o(i.AP_SendMessageResponse) refers to ap.o(i.AP_RecvMessage) for AP_RecvMessage
    ap.o(i.AP_SendMessageResponse) refers to ap.o(i.AP_EchoSendMessage) for AP_EchoSendMessage
    ap.o(i.AP_SendMessageResponse) refers to ap.o(i.AP_EchoReceived) for AP_EchoReceived
    ap.o(i.AP_SendNotification) refers to uart0.o(i.UART0_OutString) for UART0_OutString
    ap.o(i.AP_SendNotification) refers to uart0.o(i.UART0_OutUHex) for UART0_OutUHex
    ap.o(i.AP_SendNotification) refers to ap.o(i.AP_SendMessageResponse) for AP_SendMessageResponse
    ap.o(i.AP_SendNotification) refers to ap.o(.data) for NotifyCharacteristicCount
    ap.o(i.AP_SendNotification) refers to ap.o(.bss) for NotifyCharacteristicList
    ap.o(i.AP_StartAdvertisement) refers to uart0.o(i.UART0_OutString) for UART0_OutString
    ap.o(i.AP_StartAdvertisement) refers to ap.o(i.AP_SendMessageResponse) for AP_SendMessageResponse
    ap.o(i.AP_StartAdvertisement) refers to ap.o(.bss) for RecvBuf
    ap.o(i.AP_StartAdvertisement) refers to ap.o(.data) for NPI_GATTSetDeviceName
    ap.o(i.AP_StartAdvertisement) refers to ap.o(.constdata) for NPI_SetAdvertisement1
    cortexm.o(i.Clock_Delay1ms) refers to cortexm.o(.emb_text) for delay
    uart0.o(i.UART0_InString) refers to uart0.o(i.UART0_InChar) for UART0_InChar
    uart0.o(i.UART0_InString) refers to uart0.o(i.UART0_OutChar) for UART0_OutChar
    uart0.o(i.UART0_InUDec) refers to uart0.o(i.UART0_InChar) for UART0_InChar
    uart0.o(i.UART0_InUDec) refers to uart0.o(i.UART0_OutChar) for UART0_OutChar
    uart0.o(i.UART0_InUHex) refers to uart0.o(i.UART0_InChar) for UART0_InChar
    uart0.o(i.UART0_InUHex) refers to uart0.o(i.UART0_OutChar) for UART0_OutChar
    uart0.o(i.UART0_OutString) refers to uart0.o(i.UART0_OutChar) for UART0_OutChar
    uart0.o(i.UART0_OutUDec) refers to uart0.o(i.UART0_OutChar) for UART0_OutChar
    uart0.o(i.UART0_OutUHex) refers to uart0.o(i.UART0_OutChar) for UART0_OutChar
    uart0.o(i.UART0_OutUHex2) refers to uart0.o(i.outnibble) for outnibble
    uart0.o(i.outnibble) refers to uart0.o(i.UART0_OutChar) for UART0_OutChar
    uart1.o(i.RxFifo_Get) refers to uart1.o(.data) for RxPutI
    uart1.o(i.RxFifo_Get) refers to uart1.o(.bss) for RxFIFO
    uart1.o(i.RxFifo_Init) refers to uart1.o(.data) for RxGetI
    uart1.o(i.RxFifo_Put) refers to uart1.o(.data) for RxPutI
    uart1.o(i.RxFifo_Put) refers to uart1.o(.bss) for RxFIFO
    uart1.o(i.UART1_Handler) refers to uart1.o(i.copyHardwareToSoftware) for copyHardwareToSoftware
    uart1.o(i.UART1_InChar) refers to uart1.o(i.RxFifo_Get) for RxFifo_Get
    uart1.o(i.UART1_InStatus) refers to uart1.o(.data) for RxPutI
    uart1.o(i.UART1_Init) refers to uart1.o(i.RxFifo_Init) for RxFifo_Init
    uart1.o(i.UART1_Init) refers to startup_tm4c123.o(.text) for EnableInterrupts
    uart1.o(i.UART1_OutString) refers to uart1.o(i.UART1_OutChar) for UART1_OutChar
    uart1.o(i.copyHardwareToSoftware) refers to uart1.o(i.RxFifo_Put) for RxFifo_Put
    uart1.o(i.copyHardwareToSoftware) refers to uart1.o(i.UART1_InStatus) for UART1_InStatus
    clock.o(i.Clock_GetFreq) refers to clock.o(.data) for ClockFrequency
    clock.o(i.Clock_InitFastest) refers to clock.o(.data) for ClockFrequency
    startup_tm4c123.o(STACK) refers (Special) to heapauxi.o(.text) for __use_two_region_memory
    startup_tm4c123.o(HEAP) refers (Special) to heapauxi.o(.text) for __use_two_region_memory
    startup_tm4c123.o(RESET) refers (Special) to heapauxi.o(.text) for __use_two_region_memory
    startup_tm4c123.o(RESET) refers to startup_tm4c123.o(STACK) for __initial_sp
    startup_tm4c123.o(RESET) refers to startup_tm4c123.o(.text) for Reset_Handler
    startup_tm4c123.o(RESET) refers to uart1.o(i.UART1_Handler) for UART1_Handler
    startup_tm4c123.o(.text) refers (Special) to heapauxi.o(.text) for __use_two_region_memory
    startup_tm4c123.o(.text) refers to __main.o(!!!main) for __main
    startup_tm4c123.o(.text) refers to startup_tm4c123.o(HEAP) for Heap_Mem
    startup_tm4c123.o(.text) refers to startup_tm4c123.o(STACK) for Stack_Mem
    system_tm4c123.o(i.SystemCoreClockUpdate) refers to system_tm4c123.o(i.getOscClk) for getOscClk
    system_tm4c123.o(i.SystemCoreClockUpdate) refers to system_tm4c123.o(.data) for SystemCoreClock
    __main.o(!!!main) refers to __rtentry.o(.ARM.Collect$$rtentry$$00000000) for __rt_entry
    __rtentry.o(.ARM.Collect$$rtentry$$00000000) refers (Special) to __rtentry2.o(.ARM.Collect$$rtentry$$0000000A) for __rt_entry_li
    __rtentry.o(.ARM.Collect$$rtentry$$00000000) refers (Special) to __rtentry2.o(.ARM.Collect$$rtentry$$0000000D) for __rt_entry_main
    __rtentry.o(.ARM.Collect$$rtentry$$00000000) refers (Special) to __rtentry2.o(.ARM.Collect$$rtentry$$0000000C) for __rt_entry_postli_1
    __rtentry.o(.ARM.Collect$$rtentry$$00000000) refers (Special) to __rtentry2.o(.ARM.Collect$$rtentry$$00000009) for __rt_entry_postsh_1
    __rtentry.o(.ARM.Collect$$rtentry$$00000000) refers (Special) to __rtentry2.o(.ARM.Collect$$rtentry$$00000002) for __rt_entry_presh_1
    __rtentry.o(.ARM.Collect$$rtentry$$00000000) refers (Special) to __rtentry4.o(.ARM.Collect$$rtentry$$00000004) for __rt_entry_sh
    __rtentry2.o(.ARM.Collect$$rtentry$$00000008) refers to boardinit2.o(.text) for _platform_post_stackheap_init
    __rtentry2.o(.ARM.Collect$$rtentry$$0000000A) refers to libinit.o(.ARM.Collect$$libinit$$00000000) for __rt_lib_init
    __rtentry2.o(.ARM.Collect$$rtentry$$0000000B) refers to boardinit3.o(.text) for _platform_post_lib_init
    __rtentry2.o(.ARM.Collect$$rtentry$$0000000D) refers to verysimpleapplicationprocessor.o(i.main) for main
    __rtentry2.o(.ARM.Collect$$rtentry$$0000000D) refers to exit.o(.text) for exit
    __rtentry2.o(.ARM.exidx) refers to __rtentry2.o(.ARM.Collect$$rtentry$$00000001) for .ARM.Collect$$rtentry$$00000001
    __rtentry2.o(.ARM.exidx) refers to __rtentry2.o(.ARM.Collect$$rtentry$$00000008) for .ARM.Collect$$rtentry$$00000008
    __rtentry2.o(.ARM.exidx) refers to __rtentry2.o(.ARM.Collect$$rtentry$$0000000A) for .ARM.Collect$$rtentry$$0000000A
    __rtentry2.o(.ARM.exidx) refers to __rtentry2.o(.ARM.Collect$$rtentry$$0000000B) for .ARM.Collect$$rtentry$$0000000B
    __rtentry2.o(.ARM.exidx) refers to __rtentry2.o(.ARM.Collect$$rtentry$$0000000D) for .ARM.Collect$$rtentry$$0000000D
    __rtentry4.o(.ARM.Collect$$rtentry$$00000004) refers to sys_stackheap_outer.o(.text) for __user_setup_stackheap
    __rtentry4.o(.ARM.exidx) refers to __rtentry4.o(.ARM.Collect$$rtentry$$00000004) for .ARM.Collect$$rtentry$$00000004
    sys_stackheap_outer.o(.text) refers to libspace.o(.text) for __user_perproc_libspace
    sys_stackheap_outer.o(.text) refers to startup_tm4c123.o(.text) for __user_initial_stackheap
    exit.o(.text) refers to rtexit.o(.ARM.Collect$$rtexit$$00000000) for __rt_exit
    libinit.o(.ARM.Collect$$libinit$$00000000) refers (Special) to libinit2.o(.ARM.Collect$$libinit$$0000002E) for __rt_lib_init_alloca_1
    libinit.o(.ARM.Collect$$libinit$$00000000) refers (Special) to libinit2.o(.ARM.Collect$$libinit$$0000002C) for __rt_lib_init_argv_1
    libinit.o(.ARM.Collect$$libinit$$00000000) refers (Special) to libinit2.o(.ARM.Collect$$libinit$$0000001B) for __rt_lib_init_atexit_1
    libinit.o(.ARM.Collect$$libinit$$00000000) refers (Special) to libinit2.o(.ARM.Collect$$libinit$$00000021) for __rt_lib_init_clock_1
    libinit.o(.ARM.Collect$$libinit$$00000000) refers (Special) to libinit2.o(.ARM.Collect$$libinit$$00000032) for __rt_lib_init_cpp_1
    libinit.o(.ARM.Collect$$libinit$$00000000) refers (Special) to libinit2.o(.ARM.Collect$$libinit$$00000030) for __rt_lib_init_exceptions_1
    libinit.o(.ARM.Collect$$libinit$$00000000) refers (Special) to libinit2.o(.ARM.Collect$$libinit$$00000002) for __rt_lib_init_fp_1
    libinit.o(.ARM.Collect$$libinit$$00000000) refers (Special) to libinit2.o(.ARM.Collect$$libinit$$0000001F) for __rt_lib_init_fp_trap_1
    libinit.o(.ARM.Collect$$libinit$$00000000) refers (Special) to libinit2.o(.ARM.Collect$$libinit$$00000023) for __rt_lib_init_getenv_1
    libinit.o(.ARM.Collect$$libinit$$00000000) refers (Special) to libinit2.o(.ARM.Collect$$libinit$$0000000A) for __rt_lib_init_heap_1
    libinit.o(.ARM.Collect$$libinit$$00000000) refers (Special) to libinit2.o(.ARM.Collect$$libinit$$00000011) for __rt_lib_init_lc_collate_1
    libinit.o(.ARM.Collect$$libinit$$00000000) refers (Special) to libinit2.o(.ARM.Collect$$libinit$$00000013) for __rt_lib_init_lc_ctype_1
    libinit.o(.ARM.Collect$$libinit$$00000000) refers (Special) to libinit2.o(.ARM.Collect$$libinit$$00000015) for __rt_lib_init_lc_monetary_1
    libinit.o(.ARM.Collect$$libinit$$00000000) refers (Special) to libinit2.o(.ARM.Collect$$libinit$$00000017) for __rt_lib_init_lc_numeric_1
    libinit.o(.ARM.Collect$$libinit$$00000000) refers (Special) to libinit2.o(.ARM.Collect$$libinit$$00000019) for __rt_lib_init_lc_time_1
    libinit.o(.ARM.Collect$$libinit$$00000000) refers (Special) to libinit2.o(.ARM.Collect$$libinit$$00000004) for __rt_lib_init_preinit_1
    libinit.o(.ARM.Collect$$libinit$$00000000) refers (Special) to libinit2.o(.ARM.Collect$$libinit$$0000000E) for __rt_lib_init_rand_1
    libinit.o(.ARM.Collect$$libinit$$00000000) refers (Special) to libinit2.o(.ARM.Collect$$libinit$$00000033) for __rt_lib_init_return
    libinit.o(.ARM.Collect$$libinit$$00000000) refers (Special) to libinit2.o(.ARM.Collect$$libinit$$0000001D) for __rt_lib_init_signal_1
    libinit.o(.ARM.Collect$$libinit$$00000000) refers (Special) to libinit2.o(.ARM.Collect$$libinit$$00000025) for __rt_lib_init_stdio_1
    libinit.o(.ARM.Collect$$libinit$$00000000) refers (Special) to libinit2.o(.ARM.Collect$$libinit$$0000000C) for __rt_lib_init_user_alloc_1
    libspace.o(.text) refers to libspace.o(.bss) for __libspace_start
    rtexit.o(.ARM.Collect$$rtexit$$00000000) refers (Special) to rtexit2.o(.ARM.Collect$$rtexit$$00000004) for __rt_exit_exit
    rtexit.o(.ARM.Collect$$rtexit$$00000000) refers (Special) to rtexit2.o(.ARM.Collect$$rtexit$$00000003) for __rt_exit_ls
    rtexit.o(.ARM.Collect$$rtexit$$00000000) refers (Special) to rtexit2.o(.ARM.Collect$$rtexit$$00000002) for __rt_exit_prels_1
    rtexit.o(.ARM.exidx) refers (Special) to rtexit2.o(.ARM.Collect$$rtexit$$00000004) for __rt_exit_exit
    rtexit.o(.ARM.exidx) refers (Special) to rtexit2.o(.ARM.Collect$$rtexit$$00000003) for __rt_exit_ls
    rtexit.o(.ARM.exidx) refers (Special) to rtexit2.o(.ARM.Collect$$rtexit$$00000002) for __rt_exit_prels_1
    rtexit.o(.ARM.exidx) refers to rtexit.o(.ARM.Collect$$rtexit$$00000000) for .ARM.Collect$$rtexit$$00000000
    libinit2.o(.ARM.Collect$$libinit$$00000010) refers to libinit2.o(.ARM.Collect$$libinit$$0000000F) for .ARM.Collect$$libinit$$0000000F
    libinit2.o(.ARM.Collect$$libinit$$00000012) refers to libinit2.o(.ARM.Collect$$libinit$$0000000F) for .ARM.Collect$$libinit$$0000000F
    libinit2.o(.ARM.Collect$$libinit$$00000014) refers to libinit2.o(.ARM.Collect$$libinit$$0000000F) for .ARM.Collect$$libinit$$0000000F
    libinit2.o(.ARM.Collect$$libinit$$00000016) refers to libinit2.o(.ARM.Collect$$libinit$$0000000F) for .ARM.Collect$$libinit$$0000000F
    libinit2.o(.ARM.Collect$$libinit$$00000018) refers to libinit2.o(.ARM.Collect$$libinit$$0000000F) for .ARM.Collect$$libinit$$0000000F
    libinit2.o(.ARM.Collect$$libinit$$00000026) refers to argv_veneer.o(.emb_text) for __ARM_argv_veneer
    libinit2.o(.ARM.Collect$$libinit$$00000027) refers to argv_veneer.o(.emb_text) for __ARM_argv_veneer
    rtexit2.o(.ARM.Collect$$rtexit$$00000003) refers to libshutdown.o(.ARM.Collect$$libshutdown$$00000000) for __rt_lib_shutdown
    rtexit2.o(.ARM.Collect$$rtexit$$00000004) refers to sys_exit.o(.text) for _sys_exit
    rtexit2.o(.ARM.exidx) refers to rtexit2.o(.ARM.Collect$$rtexit$$00000001) for .ARM.Collect$$rtexit$$00000001
    rtexit2.o(.ARM.exidx) refers to rtexit2.o(.ARM.Collect$$rtexit$$00000003) for .ARM.Collect$$rtexit$$00000003
    rtexit2.o(.ARM.exidx) refers to rtexit2.o(.ARM.Collect$$rtexit$$00000004) for .ARM.Collect$$rtexit$$00000004
    argv_veneer.o(.emb_text) refers to no_argv.o(.text) for __ARM_get_argv
    sys_exit.o(.text) refers (Special) to use_no_semi.o(.text) for __I$use$semihosting
    sys_exit.o(.text) refers (Special) to indicate_semi.o(.text) for __semihosting_library_function
    _get_argv_nomalloc.o(.text) refers (Special) to hrguard.o(.text) for __heap_region$guard
    _get_argv_nomalloc.o(.text) refers to defsig_rtmem_outer.o(.text) for __rt_SIGRTMEM
    _get_argv_nomalloc.o(.text) refers to sys_command.o(.text) for _sys_command_string
    libshutdown.o(.ARM.Collect$$libshutdown$$00000000) refers (Special) to libshutdown2.o(.ARM.Collect$$libshutdown$$00000002) for __rt_lib_shutdown_cpp_1
    libshutdown.o(.ARM.Collect$$libshutdown$$00000000) refers (Special) to libshutdown2.o(.ARM.Collect$$libshutdown$$00000007) for __rt_lib_shutdown_fp_trap_1
    libshutdown.o(.ARM.Collect$$libshutdown$$00000000) refers (Special) to libshutdown2.o(.ARM.Collect$$libshutdown$$0000000F) for __rt_lib_shutdown_heap_1
    libshutdown.o(.ARM.Collect$$libshutdown$$00000000) refers (Special) to libshutdown2.o(.ARM.Collect$$libshutdown$$00000010) for __rt_lib_shutdown_return
    libshutdown.o(.ARM.Collect$$libshutdown$$00000000) refers (Special) to libshutdown2.o(.ARM.Collect$$libshutdown$$0000000A) for __rt_lib_shutdown_signal_1
    libshutdown.o(.ARM.Collect$$libshutdown$$00000000) refers (Special) to libshutdown2.o(.ARM.Collect$$libshutdown$$00000004) for __rt_lib_shutdown_stdio_1
    libshutdown.o(.ARM.Collect$$libshutdown$$00000000) refers (Special) to libshutdown2.o(.ARM.Collect$$libshutdown$$0000000C) for __rt_lib_shutdown_user_alloc_1
    sys_command.o(.text) refers (Special) to use_no_semi.o(.text) for __I$use$semihosting
    sys_command.o(.text) refers (Special) to indicate_semi.o(.text) for __semihosting_library_function
    defsig_rtmem_outer.o(.text) refers to defsig_rtmem_inner.o(.text) for __rt_SIGRTMEM_inner
    defsig_rtmem_outer.o(.text) refers to defsig_exit.o(.text) for __sig_exit
    defsig_rtmem_formal.o(.text) refers to rt_raise.o(.text) for __rt_raise
    rt_raise.o(.text) refers to __raise.o(.text) for __raise
    rt_raise.o(.text) refers to sys_exit.o(.text) for _sys_exit
    defsig_exit.o(.text) refers to sys_exit.o(.text) for _sys_exit
    defsig_rtmem_inner.o(.text) refers to defsig_general.o(.text) for __default_signal_display
    __raise.o(.text) refers to defsig.o(CL$$defsig) for __default_signal_handler
    defsig_general.o(.text) refers to sys_wrch.o(.text) for _ttywrch
    sys_wrch.o(.text) refers (Special) to use_no_semi.o(.text) for __I$use$semihosting
    sys_wrch.o(.text) refers (Special) to indicate_semi.o(.text) for __semihosting_library_function
    defsig.o(CL$$defsig) refers to defsig_rtmem_inner.o(.text) for __rt_SIGRTMEM_inner
    defsig_abrt_inner.o(.text) refers to defsig_general.o(.text) for __default_signal_display
    defsig_fpe_inner.o(.text) refers to defsig_general.o(.text) for __default_signal_display
    defsig_rtred_inner.o(.text) refers to defsig_general.o(.text) for __default_signal_display
    defsig_stak_inner.o(.text) refers to defsig_general.o(.text) for __default_signal_display
    defsig_pvfn_inner.o(.text) refers to defsig_general.o(.text) for __default_signal_display
    defsig_cppl_inner.o(.text) refers to defsig_general.o(.text) for __default_signal_display
    defsig_segv_inner.o(.text) refers to defsig_general.o(.text) for __default_signal_display
    defsig_other.o(.text) refers to defsig_general.o(.text) for __default_signal_display


==============================================================================

Removing Unused input sections from the image.

    Removing ap.o(i.AP_AddCharacteristic), (352 bytes).
    Removing ap.o(i.AP_AddNotifyCharacteristic), (416 bytes).
    Removing ap.o(i.AP_AddService), (60 bytes).
    Removing ap.o(i.AP_BackgroundProcess), (520 bytes).
    Removing ap.o(i.AP_GetNotifyCCCD), (20 bytes).
    Removing ap.o(i.AP_GetStatus), (76 bytes).
    Removing ap.o(i.AP_GetVersion), (60 bytes).
    Removing ap.o(i.AP_RegisterService), (52 bytes).
    Removing ap.o(i.AP_SendNotification), (208 bytes).
    Removing ap.o(i.AP_StartAdvertisement), (188 bytes).
    Removing uart0.o(i.UART0_InChar), (28 bytes).
    Removing uart0.o(i.UART0_InString), (66 bytes).
    Removing uart0.o(i.UART0_InUDec), (76 bytes).
    Removing uart0.o(i.UART0_InUHex), (104 bytes).
    Removing uart0.o(i.UART0_OutUDec), (42 bytes).
    Removing uart1.o(i.UART1_OutString), (22 bytes).
    Removing clock.o(i.Clock_GetFreq), (12 bytes).
    Removing system_tm4c123.o(.rev16_text), (4 bytes).
    Removing system_tm4c123.o(.revsh_text), (4 bytes).
    Removing system_tm4c123.o(.rrx_text), (6 bytes).
    Removing system_tm4c123.o(i.SystemCoreClockUpdate), (196 bytes).
    Removing system_tm4c123.o(i.SystemInit), (136 bytes).
    Removing system_tm4c123.o(i.getOscClk), (248 bytes).
    Removing system_tm4c123.o(.data), (4 bytes).

24 unused section(s) (total 2900 bytes) removed from the image.

==============================================================================

Image Symbol Table

    Local Symbols

    Symbol Name                              Value     Ov Type        Size  Object(Section)

    RESET                                    0x00000000   Section      620  startup_tm4c123.o(RESET)
    ../clib/angel/boardlib.s                 0x00000000   Number         0  boardshut.o ABSOLUTE
    ../clib/angel/boardlib.s                 0x00000000   Number         0  boardinit1.o ABSOLUTE
    ../clib/angel/boardlib.s                 0x00000000   Number         0  boardinit2.o ABSOLUTE
    ../clib/angel/boardlib.s                 0x00000000   Number         0  boardinit3.o ABSOLUTE
    ../clib/angel/handlers.s                 0x00000000   Number         0  __scatter_copy.o ABSOLUTE
    ../clib/angel/handlers.s                 0x00000000   Number         0  __scatter_zi.o ABSOLUTE
    ../clib/angel/kernel.s                   0x00000000   Number         0  rtexit.o ABSOLUTE
    ../clib/angel/kernel.s                   0x00000000   Number         0  __rtentry2.o ABSOLUTE
    ../clib/angel/kernel.s                   0x00000000   Number         0  __rtentry4.o ABSOLUTE
    ../clib/angel/kernel.s                   0x00000000   Number         0  __rtentry.o ABSOLUTE
    ../clib/angel/kernel.s                   0x00000000   Number         0  rtexit2.o ABSOLUTE
    ../clib/angel/rt.s                       0x00000000   Number         0  rt_raise.o ABSOLUTE
    ../clib/angel/scatter.s                  0x00000000   Number         0  __scatter.o ABSOLUTE
    ../clib/angel/startup.s                  0x00000000   Number         0  __main.o ABSOLUTE
    ../clib/angel/sys.s                      0x00000000   Number         0  indicate_semi.o ABSOLUTE
    ../clib/angel/sys.s                      0x00000000   Number         0  libspace.o ABSOLUTE
    ../clib/angel/sys.s                      0x00000000   Number         0  sys_stackheap_outer.o ABSOLUTE
    ../clib/angel/sys.s                      0x00000000   Number         0  use_no_semi.o ABSOLUTE
    ../clib/angel/sysapp.c                   0x00000000   Number         0  sys_command.o ABSOLUTE
    ../clib/angel/sysapp.c                   0x00000000   Number         0  sys_exit.o ABSOLUTE
    ../clib/angel/sysapp.c                   0x00000000   Number         0  sys_wrch.o ABSOLUTE
    ../clib/armsys.c                         0x00000000   Number         0  no_argv.o ABSOLUTE
    ../clib/armsys.c                         0x00000000   Number         0  argv_veneer.o ABSOLUTE
    ../clib/armsys.c                         0x00000000   Number         0  _get_argv_nomalloc.o ABSOLUTE
    ../clib/armsys.c                         0x00000000   Number         0  argv_veneer.o ABSOLUTE
    ../clib/heapalloc.c                      0x00000000   Number         0  hrguard.o ABSOLUTE
    ../clib/heapaux.c                        0x00000000   Number         0  heapauxi.o ABSOLUTE
    ../clib/libinit.s                        0x00000000   Number         0  libshutdown.o ABSOLUTE
    ../clib/libinit.s                        0x00000000   Number         0  libinit2.o ABSOLUTE
    ../clib/libinit.s                        0x00000000   Number         0  libshutdown2.o ABSOLUTE
    ../clib/libinit.s                        0x00000000   Number         0  libinit.o ABSOLUTE
    ../clib/signal.c                         0x00000000   Number         0  defsig_other.o ABSOLUTE
    ../clib/signal.c                         0x00000000   Number         0  defsig_segv_inner.o ABSOLUTE
    ../clib/signal.c                         0x00000000   Number         0  defsig_pvfn_inner.o ABSOLUTE
    ../clib/signal.c                         0x00000000   Number         0  defsig_abrt_inner.o ABSOLUTE
    ../clib/signal.c                         0x00000000   Number         0  defsig_general.o ABSOLUTE
    ../clib/signal.c                         0x00000000   Number         0  __raise.o ABSOLUTE
    ../clib/signal.c                         0x00000000   Number         0  defsig_rtmem_inner.o ABSOLUTE
    ../clib/signal.c                         0x00000000   Number         0  defsig_exit.o ABSOLUTE
    ../clib/signal.c                         0x00000000   Number         0  defsig_cppl_inner.o ABSOLUTE
    ../clib/signal.c                         0x00000000   Number         0  defsig_rtmem_formal.o ABSOLUTE
    ../clib/signal.c                         0x00000000   Number         0  defsig_rtmem_outer.o ABSOLUTE
    ../clib/signal.c                         0x00000000   Number         0  defsig_rtred_inner.o ABSOLUTE
    ../clib/signal.c                         0x00000000   Number         0  defsig_stak_inner.o ABSOLUTE
    ../clib/signal.c                         0x00000000   Number         0  defsig_fpe_inner.o ABSOLUTE
    ../clib/signal.s                         0x00000000   Number         0  defsig.o ABSOLUTE
    ../clib/stdlib.c                         0x00000000   Number         0  exit.o ABSOLUTE
    ../fplib/fpinit.s                        0x00000000   Number         0  fpinit.o ABSOLUTE
    ..\\inc\\CortexM.c                       0x00000000   Number         0  cortexm.o ABSOLUTE
    ..\inc\AP.c                              0x00000000   Number         0  ap.o ABSOLUTE
    ..\inc\Clock.c                           0x00000000   Number         0  clock.o ABSOLUTE
    ..\inc\CortexM.c                         0x00000000   Number         0  cortexm.o ABSOLUTE
    ..\inc\GPIO.c                            0x00000000   Number         0  gpio.o ABSOLUTE
    ..\inc\LaunchPad.c                       0x00000000   Number         0  launchpad.o ABSOLUTE
    ..\inc\UART0.c                           0x00000000   Number         0  uart0.o ABSOLUTE
    ..\inc\UART1.c                           0x00000000   Number         0  uart1.o ABSOLUTE
    RTE\Device\TM4C123GH6PM\startup_TM4C123.s 0x00000000   Number         0  startup_tm4c123.o ABSOLUTE
    RTE\Device\TM4C123GH6PM\system_TM4C123.c 0x00000000   Number         0  system_tm4c123.o ABSOLUTE
    RTE\\Device\\TM4C123GH6PM\\system_TM4C123.c 0x00000000   Number         0  system_tm4c123.o ABSOLUTE
    VerySimpleApplicationProcessor.c         0x00000000   Number         0  verysimpleapplicationprocessor.o ABSOLUTE
    dc.s                                     0x00000000   Number         0  dc.o ABSOLUTE
    !!!main                                  0x0000026c   Section        8  __main.o(!!!main)
    !!!scatter                               0x00000274   Section       52  __scatter.o(!!!scatter)
    !!handler_copy                           0x000002a8   Section       26  __scatter_copy.o(!!handler_copy)
    !!handler_zi                             0x000002c4   Section       28  __scatter_zi.o(!!handler_zi)
    .ARM.Collect$$libinit$$00000000          0x000002e0   Section        2  libinit.o(.ARM.Collect$$libinit$$00000000)
    .ARM.Collect$$libinit$$00000002          0x000002e2   Section        0  libinit2.o(.ARM.Collect$$libinit$$00000002)
    .ARM.Collect$$libinit$$00000004          0x000002e2   Section        0  libinit2.o(.ARM.Collect$$libinit$$00000004)
    .ARM.Collect$$libinit$$0000000A          0x000002e2   Section        0  libinit2.o(.ARM.Collect$$libinit$$0000000A)
    .ARM.Collect$$libinit$$0000000C          0x000002e2   Section        0  libinit2.o(.ARM.Collect$$libinit$$0000000C)
    .ARM.Collect$$libinit$$0000000E          0x000002e2   Section        0  libinit2.o(.ARM.Collect$$libinit$$0000000E)
    .ARM.Collect$$libinit$$00000011          0x000002e2   Section        0  libinit2.o(.ARM.Collect$$libinit$$00000011)
    .ARM.Collect$$libinit$$00000013          0x000002e2   Section        0  libinit2.o(.ARM.Collect$$libinit$$00000013)
    .ARM.Collect$$libinit$$00000015          0x000002e2   Section        0  libinit2.o(.ARM.Collect$$libinit$$00000015)
    .ARM.Collect$$libinit$$00000017          0x000002e2   Section        0  libinit2.o(.ARM.Collect$$libinit$$00000017)
    .ARM.Collect$$libinit$$00000019          0x000002e2   Section        0  libinit2.o(.ARM.Collect$$libinit$$00000019)
    .ARM.Collect$$libinit$$0000001B          0x000002e2   Section        0  libinit2.o(.ARM.Collect$$libinit$$0000001B)
    .ARM.Collect$$libinit$$0000001D          0x000002e2   Section        0  libinit2.o(.ARM.Collect$$libinit$$0000001D)
    .ARM.Collect$$libinit$$0000001F          0x000002e2   Section        0  libinit2.o(.ARM.Collect$$libinit$$0000001F)
    .ARM.Collect$$libinit$$00000021          0x000002e2   Section        0  libinit2.o(.ARM.Collect$$libinit$$00000021)
    .ARM.Collect$$libinit$$00000023          0x000002e2   Section        0  libinit2.o(.ARM.Collect$$libinit$$00000023)
    .ARM.Collect$$libinit$$00000025          0x000002e2   Section        0  libinit2.o(.ARM.Collect$$libinit$$00000025)
    .ARM.Collect$$libinit$$0000002C          0x000002e2   Section        0  libinit2.o(.ARM.Collect$$libinit$$0000002C)
    .ARM.Collect$$libinit$$0000002E          0x000002e2   Section        0  libinit2.o(.ARM.Collect$$libinit$$0000002E)
    .ARM.Collect$$libinit$$00000030          0x000002e2   Section        0  libinit2.o(.ARM.Collect$$libinit$$00000030)
    .ARM.Collect$$libinit$$00000032          0x000002e2   Section        0  libinit2.o(.ARM.Collect$$libinit$$00000032)
    .ARM.Collect$$libinit$$00000033          0x000002e2   Section        2  libinit2.o(.ARM.Collect$$libinit$$00000033)
    .ARM.Collect$$libshutdown$$00000000      0x000002e4   Section        2  libshutdown.o(.ARM.Collect$$libshutdown$$00000000)
    .ARM.Collect$$libshutdown$$00000002      0x000002e6   Section        0  libshutdown2.o(.ARM.Collect$$libshutdown$$00000002)
    .ARM.Collect$$libshutdown$$00000004      0x000002e6   Section        0  libshutdown2.o(.ARM.Collect$$libshutdown$$00000004)
    .ARM.Collect$$libshutdown$$00000007      0x000002e6   Section        0  libshutdown2.o(.ARM.Collect$$libshutdown$$00000007)
    .ARM.Collect$$libshutdown$$0000000A      0x000002e6   Section        0  libshutdown2.o(.ARM.Collect$$libshutdown$$0000000A)
    .ARM.Collect$$libshutdown$$0000000C      0x000002e6   Section        0  libshutdown2.o(.ARM.Collect$$libshutdown$$0000000C)
    .ARM.Collect$$libshutdown$$0000000F      0x000002e6   Section        0  libshutdown2.o(.ARM.Collect$$libshutdown$$0000000F)
    .ARM.Collect$$libshutdown$$00000010      0x000002e6   Section        2  libshutdown2.o(.ARM.Collect$$libshutdown$$00000010)
    .ARM.Collect$$rtentry$$00000000          0x000002e8   Section        0  __rtentry.o(.ARM.Collect$$rtentry$$00000000)
    .ARM.Collect$$rtentry$$00000002          0x000002e8   Section        0  __rtentry2.o(.ARM.Collect$$rtentry$$00000002)
    .ARM.Collect$$rtentry$$00000004          0x000002e8   Section        6  __rtentry4.o(.ARM.Collect$$rtentry$$00000004)
    .ARM.Collect$$rtentry$$00000009          0x000002ee   Section        0  __rtentry2.o(.ARM.Collect$$rtentry$$00000009)
    .ARM.Collect$$rtentry$$0000000A          0x000002ee   Section        4  __rtentry2.o(.ARM.Collect$$rtentry$$0000000A)
    .ARM.Collect$$rtentry$$0000000C          0x000002f2   Section        0  __rtentry2.o(.ARM.Collect$$rtentry$$0000000C)
    .ARM.Collect$$rtentry$$0000000D          0x000002f2   Section        8  __rtentry2.o(.ARM.Collect$$rtentry$$0000000D)
    .ARM.Collect$$rtexit$$00000000           0x000002fa   Section        2  rtexit.o(.ARM.Collect$$rtexit$$00000000)
    .ARM.Collect$$rtexit$$00000002           0x000002fc   Section        0  rtexit2.o(.ARM.Collect$$rtexit$$00000002)
    .ARM.Collect$$rtexit$$00000003           0x000002fc   Section        4  rtexit2.o(.ARM.Collect$$rtexit$$00000003)
    .ARM.Collect$$rtexit$$00000004           0x00000300   Section        6  rtexit2.o(.ARM.Collect$$rtexit$$00000004)
    .emb_text                                0x00000308   Section        6  cortexm.o(.emb_text)
    .text                                    0x00000310   Section      292  startup_tm4c123.o(.text)
    .text                                    0x00000434   Section        0  heapauxi.o(.text)
    .text                                    0x0000043a   Section       74  sys_stackheap_outer.o(.text)
    .text                                    0x00000484   Section        0  exit.o(.text)
    .text                                    0x00000498   Section        8  libspace.o(.text)
    .text                                    0x000004a0   Section        0  sys_exit.o(.text)
    .text                                    0x000004ac   Section        2  use_no_semi.o(.text)
    .text                                    0x000004ae   Section        0  indicate_semi.o(.text)
    i.AP_EchoReceived                        0x000004b0   Section        0  ap.o(i.AP_EchoReceived)
    i.AP_EchoSendMessage                     0x00000514   Section        0  ap.o(i.AP_EchoSendMessage)
    i.AP_GetSize                             0x00000568   Section        0  ap.o(i.AP_GetSize)
    i.AP_Init                                0x00000578   Section        0  ap.o(i.AP_Init)
    i.AP_RecvMessage                         0x00000660   Section        0  ap.o(i.AP_RecvMessage)
    i.AP_RecvStatus                          0x00000794   Section        0  ap.o(i.AP_RecvStatus)
    i.AP_Reset                               0x000007a4   Section        0  ap.o(i.AP_Reset)
    i.AP_SendMessage                         0x000007cc   Section        0  ap.o(i.AP_SendMessage)
    i.AP_SendMessageResponse                 0x000008a0   Section        0  ap.o(i.AP_SendMessageResponse)
    i.Clock_Delay1ms                         0x000008da   Section        0  cortexm.o(i.Clock_Delay1ms)
    i.Clock_InitFastest                      0x000008f0   Section        0  clock.o(i.Clock_InitFastest)
    i.GPIO_Init                              0x0000097c   Section        0  gpio.o(i.GPIO_Init)
    i.LaunchPad_Init                         0x00000ab8   Section        0  launchpad.o(i.LaunchPad_Init)
    i.LaunchPad_Input                        0x00000b14   Section        0  launchpad.o(i.LaunchPad_Input)
    i.LaunchPad_Output                       0x00000b2c   Section        0  launchpad.o(i.LaunchPad_Output)
    i.OutValue                               0x00000b38   Section        0  verysimpleapplicationprocessor.o(i.OutValue)
    i.RxFifo_Get                             0x00000b4c   Section        0  uart1.o(i.RxFifo_Get)
    i.RxFifo_Init                            0x00000b84   Section        0  uart1.o(i.RxFifo_Init)
    i.RxFifo_Put                             0x00000ba0   Section        0  uart1.o(i.RxFifo_Put)
    i.UART0_Init                             0x00000be8   Section        0  uart0.o(i.UART0_Init)
    i.UART0_OutChar                          0x00000c84   Section        0  uart0.o(i.UART0_OutChar)
    i.UART0_OutString                        0x00000c9c   Section        0  uart0.o(i.UART0_OutString)
    i.UART0_OutUHex                          0x00000cb4   Section        0  uart0.o(i.UART0_OutUHex)
    i.UART0_OutUHex2                         0x00000ce8   Section        0  uart0.o(i.UART0_OutUHex2)
    i.UART1_FinishOutput                     0x00000cfc   Section        0  uart1.o(i.UART1_FinishOutput)
    i.UART1_Handler                          0x00000d20   Section        0  uart1.o(i.UART1_Handler)
    i.UART1_InChar                           0x00000d50   Section        0  uart1.o(i.UART1_InChar)
    i.UART1_InStatus                         0x00000d64   Section        0  uart1.o(i.UART1_InStatus)
    i.UART1_Init                             0x00000d7c   Section        0  uart1.o(i.UART1_Init)
    i.UART1_OutChar                          0x00000e48   Section        0  uart1.o(i.UART1_OutChar)
    i.copyHardwareToSoftware                 0x00000e60   Section        0  uart1.o(i.copyHardwareToSoftware)
    copyHardwareToSoftware                   0x00000e61   Thumb Code    36  uart1.o(i.copyHardwareToSoftware)
    i.main                                   0x00000e88   Section        0  verysimpleapplicationprocessor.o(i.main)
    i.outnibble                              0x0000142c   Section        0  uart0.o(i.outnibble)
    .constdata                               0x0000144c   Section      251  verysimpleapplicationprocessor.o(.constdata)
    .constdata                               0x00001548   Section      116  ap.o(.constdata)
    .data                                    0x20000000   Section       75  verysimpleapplicationprocessor.o(.data)
    .data                                    0x2000004c   Section      200  ap.o(.data)
    .data                                    0x20000114   Section       12  uart1.o(.data)
    .data                                    0x20000120   Section        4  clock.o(.data)
    ClockFrequency                           0x20000120   Data           4  clock.o(.data)
    .bss                                     0x20000124   Section      368  ap.o(.bss)
    .bss                                     0x20000294   Section      256  uart1.o(.bss)
    .bss                                     0x20000394   Section       96  libspace.o(.bss)
    HEAP                                     0x200003f8   Section        0  startup_tm4c123.o(HEAP)
    STACK                                    0x200003f8   Section      512  startup_tm4c123.o(STACK)
    Heap_Mem                                 0x200003f8   Data           0  startup_tm4c123.o(HEAP)
    Stack_Mem                                0x200003f8   Data         512  startup_tm4c123.o(STACK)
    __initial_sp                             0x200005f8   Data           0  startup_tm4c123.o(STACK)

    Global Symbols

    Symbol Name                              Value     Ov Type        Size  Object(Section)

    BuildAttributes$$THM_ISAv4$E$P$D$K$B$S$7EM$PE$A:L22UL41UL21$X:L11$S22US41US21$IEEE1$IW$USESV6$~STKCKD$USESV7$~SHL$OSPACE$ROPI$EBA8$UX$STANDARDLIB$REQ8$PRES8$EABIv2 0x00000000   Number         0  anon$$obj.o ABSOLUTE
    __ARM_use_no_argv                        0x00000000   Number         0  verysimpleapplicationprocessor.o ABSOLUTE
    __Vectors                                0x00000000   Data           4  startup_tm4c123.o(RESET)
    __ARM_exceptions_init                     - Undefined Weak Reference
    __alloca_initialize                       - Undefined Weak Reference
    __arm_preinit_                            - Undefined Weak Reference
    __cpp_initialize__aeabi_                  - Undefined Weak Reference
    __cxa_finalize                            - Undefined Weak Reference
    __rt_locale                               - Undefined Weak Reference
    __sigvec_lookup                           - Undefined Weak Reference
    _atexit_init                              - Undefined Weak Reference
    _call_atexit_fns                          - Undefined Weak Reference
    _clock_init                               - Undefined Weak Reference
    _fp_trap_init                             - Undefined Weak Reference
    _fp_trap_shutdown                         - Undefined Weak Reference
    _get_lc_collate                           - Undefined Weak Reference
    _get_lc_ctype                             - Undefined Weak Reference
    _get_lc_monetary                          - Undefined Weak Reference
    _get_lc_numeric                           - Undefined Weak Reference
    _get_lc_time                              - Undefined Weak Reference
    _getenv_init                              - Undefined Weak Reference
    _handle_redirection                       - Undefined Weak Reference
    _init_alloc                               - Undefined Weak Reference
    _init_user_alloc                          - Undefined Weak Reference
    _initio                                   - Undefined Weak Reference
    _rand_init                                - Undefined Weak Reference
    _signal_finish                            - Undefined Weak Reference
    _signal_init                              - Undefined Weak Reference
    _terminate_alloc                          - Undefined Weak Reference
    _terminate_user_alloc                     - Undefined Weak Reference
    _terminateio                              - Undefined Weak Reference
    __Vectors_End                            0x0000026c   Data           0  startup_tm4c123.o(RESET)
    __Vectors_Size                           0x0000026c   Number         0  startup_tm4c123.o ABSOLUTE
    __main                                   0x0000026d   Thumb Code     8  __main.o(!!!main)
    __scatterload                            0x00000275   Thumb Code     0  __scatter.o(!!!scatter)
    __scatterload_rt2                        0x00000275   Thumb Code    44  __scatter.o(!!!scatter)
    __scatterload_rt2_thumb_only             0x00000275   Thumb Code     0  __scatter.o(!!!scatter)
    __scatterload_null                       0x00000283   Thumb Code     0  __scatter.o(!!!scatter)
    __scatterload_copy                       0x000002a9   Thumb Code    26  __scatter_copy.o(!!handler_copy)
    __scatterload_zeroinit                   0x000002c5   Thumb Code    28  __scatter_zi.o(!!handler_zi)
    __rt_lib_init                            0x000002e1   Thumb Code     0  libinit.o(.ARM.Collect$$libinit$$00000000)
    __rt_lib_init_alloca_1                   0x000002e3   Thumb Code     0  libinit2.o(.ARM.Collect$$libinit$$0000002E)
    __rt_lib_init_argv_1                     0x000002e3   Thumb Code     0  libinit2.o(.ARM.Collect$$libinit$$0000002C)
    __rt_lib_init_atexit_1                   0x000002e3   Thumb Code     0  libinit2.o(.ARM.Collect$$libinit$$0000001B)
    __rt_lib_init_clock_1                    0x000002e3   Thumb Code     0  libinit2.o(.ARM.Collect$$libinit$$00000021)
    __rt_lib_init_cpp_1                      0x000002e3   Thumb Code     0  libinit2.o(.ARM.Collect$$libinit$$00000032)
    __rt_lib_init_exceptions_1               0x000002e3   Thumb Code     0  libinit2.o(.ARM.Collect$$libinit$$00000030)
    __rt_lib_init_fp_1                       0x000002e3   Thumb Code     0  libinit2.o(.ARM.Collect$$libinit$$00000002)
    __rt_lib_init_fp_trap_1                  0x000002e3   Thumb Code     0  libinit2.o(.ARM.Collect$$libinit$$0000001F)
    __rt_lib_init_getenv_1                   0x000002e3   Thumb Code     0  libinit2.o(.ARM.Collect$$libinit$$00000023)
    __rt_lib_init_heap_1                     0x000002e3   Thumb Code     0  libinit2.o(.ARM.Collect$$libinit$$0000000A)
    __rt_lib_init_lc_collate_1               0x000002e3   Thumb Code     0  libinit2.o(.ARM.Collect$$libinit$$00000011)
    __rt_lib_init_lc_ctype_1                 0x000002e3   Thumb Code     0  libinit2.o(.ARM.Collect$$libinit$$00000013)
    __rt_lib_init_lc_monetary_1              0x000002e3   Thumb Code     0  libinit2.o(.ARM.Collect$$libinit$$00000015)
    __rt_lib_init_lc_numeric_1               0x000002e3   Thumb Code     0  libinit2.o(.ARM.Collect$$libinit$$00000017)
    __rt_lib_init_lc_time_1                  0x000002e3   Thumb Code     0  libinit2.o(.ARM.Collect$$libinit$$00000019)
    __rt_lib_init_preinit_1                  0x000002e3   Thumb Code     0  libinit2.o(.ARM.Collect$$libinit$$00000004)
    __rt_lib_init_rand_1                     0x000002e3   Thumb Code     0  libinit2.o(.ARM.Collect$$libinit$$0000000E)
    __rt_lib_init_return                     0x000002e3   Thumb Code     0  libinit2.o(.ARM.Collect$$libinit$$00000033)
    __rt_lib_init_signal_1                   0x000002e3   Thumb Code     0  libinit2.o(.ARM.Collect$$libinit$$0000001D)
    __rt_lib_init_stdio_1                    0x000002e3   Thumb Code     0  libinit2.o(.ARM.Collect$$libinit$$00000025)
    __rt_lib_init_user_alloc_1               0x000002e3   Thumb Code     0  libinit2.o(.ARM.Collect$$libinit$$0000000C)
    __rt_lib_shutdown                        0x000002e5   Thumb Code     0  libshutdown.o(.ARM.Collect$$libshutdown$$00000000)
    __rt_lib_shutdown_cpp_1                  0x000002e7   Thumb Code     0  libshutdown2.o(.ARM.Collect$$libshutdown$$00000002)
    __rt_lib_shutdown_fp_trap_1              0x000002e7   Thumb Code     0  libshutdown2.o(.ARM.Collect$$libshutdown$$00000007)
    __rt_lib_shutdown_heap_1                 0x000002e7   Thumb Code     0  libshutdown2.o(.ARM.Collect$$libshutdown$$0000000F)
    __rt_lib_shutdown_return                 0x000002e7   Thumb Code     0  libshutdown2.o(.ARM.Collect$$libshutdown$$00000010)
    __rt_lib_shutdown_signal_1               0x000002e7   Thumb Code     0  libshutdown2.o(.ARM.Collect$$libshutdown$$0000000A)
    __rt_lib_shutdown_stdio_1                0x000002e7   Thumb Code     0  libshutdown2.o(.ARM.Collect$$libshutdown$$00000004)
    __rt_lib_shutdown_user_alloc_1           0x000002e7   Thumb Code     0  libshutdown2.o(.ARM.Collect$$libshutdown$$0000000C)
    __rt_entry                               0x000002e9   Thumb Code     0  __rtentry.o(.ARM.Collect$$rtentry$$00000000)
    __rt_entry_presh_1                       0x000002e9   Thumb Code     0  __rtentry2.o(.ARM.Collect$$rtentry$$00000002)
    __rt_entry_sh                            0x000002e9   Thumb Code     0  __rtentry4.o(.ARM.Collect$$rtentry$$00000004)
    __rt_entry_li                            0x000002ef   Thumb Code     0  __rtentry2.o(.ARM.Collect$$rtentry$$0000000A)
    __rt_entry_postsh_1                      0x000002ef   Thumb Code     0  __rtentry2.o(.ARM.Collect$$rtentry$$00000009)
    __rt_entry_main                          0x000002f3   Thumb Code     0  __rtentry2.o(.ARM.Collect$$rtentry$$0000000D)
    __rt_entry_postli_1                      0x000002f3   Thumb Code     0  __rtentry2.o(.ARM.Collect$$rtentry$$0000000C)
    __rt_exit                                0x000002fb   Thumb Code     0  rtexit.o(.ARM.Collect$$rtexit$$00000000)
    __rt_exit_ls                             0x000002fd   Thumb Code     0  rtexit2.o(.ARM.Collect$$rtexit$$00000003)
    __rt_exit_prels_1                        0x000002fd   Thumb Code     0  rtexit2.o(.ARM.Collect$$rtexit$$00000002)
    __rt_exit_exit                           0x00000301   Thumb Code     0  rtexit2.o(.ARM.Collect$$rtexit$$00000004)
    delay                                    0x00000309   Thumb Code     6  cortexm.o(.emb_text)
    Reset_Handler                            0x00000311   Thumb Code     4  startup_tm4c123.o(.text)
    NMI_Handler                              0x00000315   Thumb Code     2  startup_tm4c123.o(.text)
    HardFault_Handler                        0x00000317   Thumb Code     2  startup_tm4c123.o(.text)
    MemManage_Handler                        0x00000319   Thumb Code     2  startup_tm4c123.o(.text)
    BusFault_Handler                         0x0000031b   Thumb Code     2  startup_tm4c123.o(.text)
    UsageFault_Handler                       0x0000031d   Thumb Code     2  startup_tm4c123.o(.text)
    SVC_Handler                              0x0000031f   Thumb Code     2  startup_tm4c123.o(.text)
    DebugMon_Handler                         0x00000321   Thumb Code     2  startup_tm4c123.o(.text)
    PendSV_Handler                           0x00000323   Thumb Code     2  startup_tm4c123.o(.text)
    SysTick_Handler                          0x00000325   Thumb Code     2  startup_tm4c123.o(.text)
    GPIOPortA_Handler                        0x00000327   Thumb Code     2  startup_tm4c123.o(.text)
    GPIOPortB_Handler                        0x00000329   Thumb Code     2  startup_tm4c123.o(.text)
    GPIOPortC_Handler                        0x0000032b   Thumb Code     2  startup_tm4c123.o(.text)
    GPIOPortD_Handler                        0x0000032d   Thumb Code     2  startup_tm4c123.o(.text)
    GPIOPortE_Handler                        0x0000032f   Thumb Code     2  startup_tm4c123.o(.text)
    UART0_Handler                            0x00000331   Thumb Code     2  startup_tm4c123.o(.text)
    SSI0_Handler                             0x00000335   Thumb Code     2  startup_tm4c123.o(.text)
    I2C0_Handler                             0x00000337   Thumb Code     2  startup_tm4c123.o(.text)
    PMW0_FAULT_Handler                       0x00000339   Thumb Code     2  startup_tm4c123.o(.text)
    PWM0Generator0_Handler                   0x0000033b   Thumb Code     2  startup_tm4c123.o(.text)
    PWM0Generator1_Handler                   0x0000033d   Thumb Code     2  startup_tm4c123.o(.text)
    PWM0Generator2_Handler                   0x0000033f   Thumb Code     2  startup_tm4c123.o(.text)
    Quadrature0_Handler                      0x00000341   Thumb Code     2  startup_tm4c123.o(.text)
    ADC0Seq0_Handler                         0x00000343   Thumb Code     2  startup_tm4c123.o(.text)
    ADC0Seq1_Handler                         0x00000345   Thumb Code     2  startup_tm4c123.o(.text)
    ADC0Seq2_Handler                         0x00000347   Thumb Code     2  startup_tm4c123.o(.text)
    ADC0Seq3_Handler                         0x00000349   Thumb Code     2  startup_tm4c123.o(.text)
    WDT_Handler                              0x0000034b   Thumb Code     2  startup_tm4c123.o(.text)
    TIMER0A_Handler                          0x0000034d   Thumb Code     2  startup_tm4c123.o(.text)
    TIMER0B_Handler                          0x0000034f   Thumb Code     2  startup_tm4c123.o(.text)
    TIMER1A_Handler                          0x00000351   Thumb Code     2  startup_tm4c123.o(.text)
    TIMER1B_Handler                          0x00000353   Thumb Code     2  startup_tm4c123.o(.text)
    TIMER2A_Handler                          0x00000355   Thumb Code     2  startup_tm4c123.o(.text)
    TIMER2B_Handler                          0x00000357   Thumb Code     2  startup_tm4c123.o(.text)
    COMP0_Handler                            0x00000359   Thumb Code     2  startup_tm4c123.o(.text)
    COMP1_Handler                            0x0000035b   Thumb Code     2  startup_tm4c123.o(.text)
    COMP2_Handler                            0x0000035d   Thumb Code     2  startup_tm4c123.o(.text)
    SYSCTL_Handler                           0x0000035f   Thumb Code     2  startup_tm4c123.o(.text)
    FlashCtl_Handler                         0x00000361   Thumb Code     2  startup_tm4c123.o(.text)
    GPIOPortF_Handler                        0x00000363   Thumb Code     2  startup_tm4c123.o(.text)
    GPIOPortG_Handler                        0x00000365   Thumb Code     2  startup_tm4c123.o(.text)
    GPIOPortH_Handler                        0x00000367   Thumb Code     2  startup_tm4c123.o(.text)
    UART2_Handler                            0x00000369   Thumb Code     2  startup_tm4c123.o(.text)
    SSI1_Handler                             0x0000036b   Thumb Code     2  startup_tm4c123.o(.text)
    TIMER3A_Handler                          0x0000036d   Thumb Code     2  startup_tm4c123.o(.text)
    TIMER3B_Handler                          0x0000036f   Thumb Code     2  startup_tm4c123.o(.text)
    I2C1_Handler                             0x00000371   Thumb Code     2  startup_tm4c123.o(.text)
    Quadrature1_Handler                      0x00000373   Thumb Code     2  startup_tm4c123.o(.text)
    CAN0_Handler                             0x00000375   Thumb Code     2  startup_tm4c123.o(.text)
    CAN1_Handler                             0x00000377   Thumb Code     2  startup_tm4c123.o(.text)
    CAN2_Handler                             0x00000379   Thumb Code     2  startup_tm4c123.o(.text)
    Hibernate_Handler                        0x0000037b   Thumb Code     2  startup_tm4c123.o(.text)
    USB0_Handler                             0x0000037d   Thumb Code     2  startup_tm4c123.o(.text)
    PWM0Generator3_Handler                   0x0000037f   Thumb Code     2  startup_tm4c123.o(.text)
    UDMA_Handler                             0x00000381   Thumb Code     2  startup_tm4c123.o(.text)
    UDMAERR_Handler                          0x00000383   Thumb Code     2  startup_tm4c123.o(.text)
    ADC1Seq0_Handler                         0x00000385   Thumb Code     2  startup_tm4c123.o(.text)
    ADC1Seq1_Handler                         0x00000387   Thumb Code     2  startup_tm4c123.o(.text)
    ADC1Seq2_Handler                         0x00000389   Thumb Code     2  startup_tm4c123.o(.text)
    ADC1Seq3_Handler                         0x0000038b   Thumb Code     2  startup_tm4c123.o(.text)
    GPIOPortJ_Handler                        0x0000038d   Thumb Code     2  startup_tm4c123.o(.text)
    GPIOPortK_Handler                        0x0000038f   Thumb Code     2  startup_tm4c123.o(.text)
    GPIOPortL_Handler                        0x00000391   Thumb Code     2  startup_tm4c123.o(.text)
    SSI2_Handler                             0x00000393   Thumb Code     2  startup_tm4c123.o(.text)
    SSI3_Handler                             0x00000395   Thumb Code     2  startup_tm4c123.o(.text)
    UART3_Handler                            0x00000397   Thumb Code     2  startup_tm4c123.o(.text)
    UART4_Handler                            0x00000399   Thumb Code     2  startup_tm4c123.o(.text)
    UART5_Handler                            0x0000039b   Thumb Code     2  startup_tm4c123.o(.text)
    UART6_Handler                            0x0000039d   Thumb Code     2  startup_tm4c123.o(.text)
    UART7_Handler                            0x0000039f   Thumb Code     2  startup_tm4c123.o(.text)
    I2C2_Handler                             0x000003a1   Thumb Code     2  startup_tm4c123.o(.text)
    I2C3_Handler                             0x000003a3   Thumb Code     2  startup_tm4c123.o(.text)
    TIMER4A_Handler                          0x000003a5   Thumb Code     2  startup_tm4c123.o(.text)
    TIMER4B_Handler                          0x000003a7   Thumb Code     2  startup_tm4c123.o(.text)
    TIMER5A_Handler                          0x000003a9   Thumb Code     2  startup_tm4c123.o(.text)
    TIMER5B_Handler                          0x000003ab   Thumb Code     2  startup_tm4c123.o(.text)
    WideTimer0A_Handler                      0x000003ad   Thumb Code     2  startup_tm4c123.o(.text)
    WideTimer0B_Handler                      0x000003af   Thumb Code     2  startup_tm4c123.o(.text)
    WideTimer1A_Handler                      0x000003b1   Thumb Code     2  startup_tm4c123.o(.text)
    WideTimer1B_Handler                      0x000003b3   Thumb Code     2  startup_tm4c123.o(.text)
    WideTimer2A_Handler                      0x000003b5   Thumb Code     2  startup_tm4c123.o(.text)
    WideTimer2B_Handler                      0x000003b7   Thumb Code     2  startup_tm4c123.o(.text)
    WideTimer3A_Handler                      0x000003b9   Thumb Code     2  startup_tm4c123.o(.text)
    WideTimer3B_Handler                      0x000003bb   Thumb Code     2  startup_tm4c123.o(.text)
    WideTimer4A_Handler                      0x000003bd   Thumb Code     2  startup_tm4c123.o(.text)
    WideTimer4B_Handler                      0x000003bf   Thumb Code     2  startup_tm4c123.o(.text)
    WideTimer5A_Handler                      0x000003c1   Thumb Code     2  startup_tm4c123.o(.text)
    WideTimer5B_Handler                      0x000003c3   Thumb Code     2  startup_tm4c123.o(.text)
    FPU_Handler                              0x000003c5   Thumb Code     2  startup_tm4c123.o(.text)
    I2C4_Handler                             0x000003c7   Thumb Code     2  startup_tm4c123.o(.text)
    I2C5_Handler                             0x000003c9   Thumb Code     2  startup_tm4c123.o(.text)
    GPIOPortM_Handler                        0x000003cb   Thumb Code     2  startup_tm4c123.o(.text)
    GPIOPortN_Handler                        0x000003cd   Thumb Code     2  startup_tm4c123.o(.text)
    QEI2_Handler                             0x000003cf   Thumb Code     2  startup_tm4c123.o(.text)
    GPIOPortP0_Handler                       0x000003d1   Thumb Code     2  startup_tm4c123.o(.text)
    GPIOPortP1_Handler                       0x000003d3   Thumb Code     2  startup_tm4c123.o(.text)
    GPIOPortP2_Handler                       0x000003d5   Thumb Code     2  startup_tm4c123.o(.text)
    GPIOPortP3_Handler                       0x000003d7   Thumb Code     2  startup_tm4c123.o(.text)
    GPIOPortP4_Handler                       0x000003d9   Thumb Code     2  startup_tm4c123.o(.text)
    GPIOPortP5_Handler                       0x000003db   Thumb Code     2  startup_tm4c123.o(.text)
    GPIOPortP6_Handler                       0x000003dd   Thumb Code     2  startup_tm4c123.o(.text)
    GPIOPortP7_Handler                       0x000003df   Thumb Code     2  startup_tm4c123.o(.text)
    GPIOPortQ0_Handler                       0x000003e1   Thumb Code     2  startup_tm4c123.o(.text)
    GPIOPortQ1_Handler                       0x000003e3   Thumb Code     2  startup_tm4c123.o(.text)
    GPIOPortQ2_Handler                       0x000003e5   Thumb Code     2  startup_tm4c123.o(.text)
    GPIOPortQ3_Handler                       0x000003e7   Thumb Code     2  startup_tm4c123.o(.text)
    GPIOPortQ4_Handler                       0x000003e9   Thumb Code     2  startup_tm4c123.o(.text)
    GPIOPortQ5_Handler                       0x000003eb   Thumb Code     2  startup_tm4c123.o(.text)
    GPIOPortQ6_Handler                       0x000003ed   Thumb Code     2  startup_tm4c123.o(.text)
    GPIOPortQ7_Handler                       0x000003ef   Thumb Code     2  startup_tm4c123.o(.text)
    GPIOPortR_Handler                        0x000003f1   Thumb Code     2  startup_tm4c123.o(.text)
    GPIOPortS_Handler                        0x000003f3   Thumb Code     2  startup_tm4c123.o(.text)
    PWM1Generator0_Handler                   0x000003f5   Thumb Code     2  startup_tm4c123.o(.text)
    PWM1Generator1_Handler                   0x000003f7   Thumb Code     2  startup_tm4c123.o(.text)
    PWM1Generator2_Handler                   0x000003f9   Thumb Code     2  startup_tm4c123.o(.text)
    PWM1Generator3_Handler                   0x000003fb   Thumb Code     2  startup_tm4c123.o(.text)
    PWM1Fault_Handler                        0x000003fd   Thumb Code     2  startup_tm4c123.o(.text)
    DisableInterrupts                        0x00000405   Thumb Code     0  startup_tm4c123.o(.text)
    EnableInterrupts                         0x00000409   Thumb Code     0  startup_tm4c123.o(.text)
    StartCritical                            0x0000040d   Thumb Code     0  startup_tm4c123.o(.text)
    EndCritical                              0x00000415   Thumb Code     0  startup_tm4c123.o(.text)
    WaitForInterrupt                         0x0000041b   Thumb Code     0  startup_tm4c123.o(.text)
    __user_initial_stackheap                 0x0000041f   Thumb Code     0  startup_tm4c123.o(.text)
    __use_two_region_memory                  0x00000435   Thumb Code     2  heapauxi.o(.text)
    __rt_heap_escrow$2region                 0x00000437   Thumb Code     2  heapauxi.o(.text)
    __rt_heap_expand$2region                 0x00000439   Thumb Code     2  heapauxi.o(.text)
    __user_setup_stackheap                   0x0000043b   Thumb Code    74  sys_stackheap_outer.o(.text)
    exit                                     0x00000485   Thumb Code    18  exit.o(.text)
    __user_libspace                          0x00000499   Thumb Code     8  libspace.o(.text)
    __user_perproc_libspace                  0x00000499   Thumb Code     0  libspace.o(.text)
    __user_perthread_libspace                0x00000499   Thumb Code     0  libspace.o(.text)
    _sys_exit                                0x000004a1   Thumb Code     8  sys_exit.o(.text)
    __I$use$semihosting                      0x000004ad   Thumb Code     0  use_no_semi.o(.text)
    __use_no_semihosting_swi                 0x000004ad   Thumb Code     2  use_no_semi.o(.text)
    __semihosting_library_function           0x000004af   Thumb Code     0  indicate_semi.o(.text)
    AP_EchoReceived                          0x000004b1   Thumb Code    66  ap.o(i.AP_EchoReceived)
    AP_EchoSendMessage                       0x00000515   Thumb Code    72  ap.o(i.AP_EchoSendMessage)
    AP_GetSize                               0x00000569   Thumb Code    14  ap.o(i.AP_GetSize)
    AP_Init                                  0x00000579   Thumb Code   184  ap.o(i.AP_Init)
    AP_RecvMessage                           0x00000661   Thumb Code   292  ap.o(i.AP_RecvMessage)
    AP_RecvStatus                            0x00000795   Thumb Code    16  ap.o(i.AP_RecvStatus)
    AP_Reset                                 0x000007a5   Thumb Code    30  ap.o(i.AP_Reset)
    AP_SendMessage                           0x000007cd   Thumb Code   202  ap.o(i.AP_SendMessage)
    AP_SendMessageResponse                   0x000008a1   Thumb Code    58  ap.o(i.AP_SendMessageResponse)
    Clock_Delay1ms                           0x000008db   Thumb Code    22  cortexm.o(i.Clock_Delay1ms)
    Clock_InitFastest                        0x000008f1   Thumb Code   126  clock.o(i.Clock_InitFastest)
    GPIO_Init                                0x0000097d   Thumb Code   274  gpio.o(i.GPIO_Init)
    LaunchPad_Init                           0x00000ab9   Thumb Code    70  launchpad.o(i.LaunchPad_Init)
    LaunchPad_Input                          0x00000b15   Thumb Code    20  launchpad.o(i.LaunchPad_Input)
    LaunchPad_Output                         0x00000b2d   Thumb Code     8  launchpad.o(i.LaunchPad_Output)
    OutValue                                 0x00000b39   Thumb Code    20  verysimpleapplicationprocessor.o(i.OutValue)
    RxFifo_Get                               0x00000b4d   Thumb Code    44  uart1.o(i.RxFifo_Get)
    RxFifo_Init                              0x00000b85   Thumb Code    16  uart1.o(i.RxFifo_Init)
    RxFifo_Put                               0x00000ba1   Thumb Code    56  uart1.o(i.RxFifo_Put)
    UART0_Init                               0x00000be9   Thumb Code   136  uart0.o(i.UART0_Init)
    UART0_OutChar                            0x00000c85   Thumb Code    20  uart0.o(i.UART0_OutChar)
    UART0_OutString                          0x00000c9d   Thumb Code    24  uart0.o(i.UART0_OutString)
    UART0_OutUHex                            0x00000cb5   Thumb Code    52  uart0.o(i.UART0_OutUHex)
    UART0_OutUHex2                           0x00000ce9   Thumb Code    20  uart0.o(i.UART0_OutUHex2)
    UART1_FinishOutput                       0x00000cfd   Thumb Code    30  uart1.o(i.UART1_FinishOutput)
    UART1_Handler                            0x00000d21   Thumb Code    44  uart1.o(i.UART1_Handler)
    UART1_InChar                             0x00000d51   Thumb Code    20  uart1.o(i.UART1_InChar)
    UART1_InStatus                           0x00000d65   Thumb Code    14  uart1.o(i.UART1_InStatus)
    UART1_Init                               0x00000d7d   Thumb Code   180  uart1.o(i.UART1_Init)
    UART1_OutChar                            0x00000e49   Thumb Code    20  uart1.o(i.UART1_OutChar)
    main                                     0x00000e89   Thumb Code   840  verysimpleapplicationprocessor.o(i.main)
    outnibble                                0x0000142d   Thumb Code    32  uart0.o(i.outnibble)
    NPI_GetStatusMsg                         0x0000144c   Data           6  verysimpleapplicationprocessor.o(.constdata)
    NPI_GetVersionMsg                        0x00001452   Data           6  verysimpleapplicationprocessor.o(.constdata)
    NPI_AddServiceMsg                        0x00001458   Data           9  verysimpleapplicationprocessor.o(.constdata)
    NPI_RegisterMsg                          0x00001461   Data           6  verysimpleapplicationprocessor.o(.constdata)
    NPI_SetAdvertisementMsg                  0x00001467   Data          17  verysimpleapplicationprocessor.o(.constdata)
    NPI_GATTSetDeviceNameMsg                 0x00001478   Data          24  verysimpleapplicationprocessor.o(.constdata)
    NPI_SetAdvertisementDataMsg              0x00001490   Data          33  verysimpleapplicationprocessor.o(.constdata)
    NPI_StartAdvertisementMsg                0x000014b1   Data          20  verysimpleapplicationprocessor.o(.constdata)
    NPI_AddCharValue1                        0x000014c5   Data          14  verysimpleapplicationprocessor.o(.constdata)
    NPI_AddCharDescriptor1                   0x000014d3   Data          17  verysimpleapplicationprocessor.o(.constdata)
    NPI_AddCharValue2                        0x000014e4   Data          14  verysimpleapplicationprocessor.o(.constdata)
    NPI_AddCharDescriptor2                   0x000014f2   Data          21  verysimpleapplicationprocessor.o(.constdata)
    NPI_AddCharValue3                        0x00001507   Data          14  verysimpleapplicationprocessor.o(.constdata)
    NPI_AddCharDescriptor3                   0x00001515   Data          17  verysimpleapplicationprocessor.o(.constdata)
    NPI_AddCharValue4                        0x00001526   Data          14  verysimpleapplicationprocessor.o(.constdata)
    NPI_AddCharDescriptor4                   0x00001534   Data          19  verysimpleapplicationprocessor.o(.constdata)
    RECVSIZE                                 0x00001548   Data           4  ap.o(.constdata)
    HCI_EXT_ResetSystemCmd                   0x0000154c   Data           9  ap.o(.constdata)
    NPI_GetStatus                            0x00001555   Data           6  ap.o(.constdata)
    NPI_GetVersion                           0x0000155b   Data           6  ap.o(.constdata)
    NPI_Register                             0x00001561   Data           6  ap.o(.constdata)
    NPI_SetAdvertisement1                    0x00001567   Data          17  ap.o(.constdata)
    NPI_SetAdvertisementSAP                  0x00001578   Data          37  ap.o(.constdata)
    NPI_StartAdvertisement                   0x0000159d   Data          20  ap.o(.constdata)
    MAXCHARACTERISTICS                       0x000015b4   Data           4  ap.o(.constdata)
    NOTIFYMAXCHARACTERISTICS                 0x000015b8   Data           4  ap.o(.constdata)
    Region$$Table$$Base                      0x000015bc   Number         0  anon$$obj.o(Region$$Table)
    Region$$Table$$Limit                     0x000015dc   Number         0  anon$$obj.o(Region$$Table)
    Data                                     0x20000000   Data           1  verysimpleapplicationprocessor.o(.data)
    Handle1                                  0x20000002   Data           2  verysimpleapplicationprocessor.o(.data)
    Handle2                                  0x20000004   Data           2  verysimpleapplicationprocessor.o(.data)
    Handle3                                  0x20000006   Data           2  verysimpleapplicationprocessor.o(.data)
    Count                                    0x20000008   Data           1  verysimpleapplicationprocessor.o(.data)
    Handle4                                  0x2000000a   Data           2  verysimpleapplicationprocessor.o(.data)
    CCCDhandle                               0x2000000c   Data           2  verysimpleapplicationprocessor.o(.data)
    CCCDvalue                                0x2000000e   Data           2  verysimpleapplicationprocessor.o(.data)
    NPI_ReadConfirmationMsg                  0x20000010   Data          21  verysimpleapplicationprocessor.o(.data)
    NPI_WriteConfirmationMsg                 0x20000025   Data           9  verysimpleapplicationprocessor.o(.data)
    NPI_CCCDUpdatedConfirmationMsg           0x2000002e   Data           9  verysimpleapplicationprocessor.o(.data)
    NPI_SendNotificationIndicationMsg        0x20000037   Data          20  verysimpleapplicationprocessor.o(.data)
    fcserr                                   0x2000004c   Data           4  ap.o(.data)
    TimeOutErr                               0x20000050   Data           4  ap.o(.data)
    NoSOFErr                                 0x20000054   Data           4  ap.o(.data)
    NPI_AddService                           0x20000058   Data           9  ap.o(.data)
    NPI_GATTSetDeviceName                    0x20000061   Data          28  ap.o(.data)
    NPI_SetAdvertisementData                 0x2000007d   Data          37  ap.o(.data)
    NPI_ReadConfirmation                     0x200000a2   Data          21  ap.o(.data)
    NPI_WriteConfirmation                    0x200000b7   Data           9  ap.o(.data)
    NPI_CCCDUpdatedConfirmation              0x200000c0   Data           9  ap.o(.data)
    NPI_SendNotificationIndication           0x200000c9   Data          20  ap.o(.data)
    NPI_AddCharValue                         0x200000dd   Data          14  ap.o(.data)
    NPI_AddCharDescriptor                    0x200000eb   Data          32  ap.o(.data)
    CharacteristicCount                      0x2000010c   Data           4  ap.o(.data)
    NotifyCharacteristicCount                0x20000110   Data           4  ap.o(.data)
    RxPutI                                   0x20000114   Data           4  uart1.o(.data)
    RxGetI                                   0x20000118   Data           4  uart1.o(.data)
    RxFifoLost                               0x2000011c   Data           4  uart1.o(.data)
    RecvBuf                                  0x20000124   Data         128  ap.o(.bss)
    CharacteristicList                       0x200001a4   Data         160  ap.o(.bss)
    NotifyCharacteristicList                 0x20000244   Data          80  ap.o(.bss)
    RxFIFO                                   0x20000294   Data         256  uart1.o(.bss)
    __libspace_start                         0x20000394   Data          96  libspace.o(.bss)
    __temporary_stack_top$libspace           0x200003f4   Data           0  libspace.o(.bss)



==============================================================================

Memory Map of the image

  Image Entry point : 0x00000311

  Load Region LR_1 (Base: 0x00000000, Size: 0x00001700, Max: 0xffffffff, ABSOLUTE)

    Execution Region ER_RO (Base: 0x00000000, Size: 0x000015dc, Max: 0xffffffff, ABSOLUTE)

    Base Addr    Size         Type   Attr      Idx    E Section Name        Object

    0x00000000   0x0000026c   Data   RO          415    RESET               startup_tm4c123.o
    0x0000026c   0x00000008   Code   RO          487  * !!!main             c_w.l(__main.o)
    0x00000274   0x00000034   Code   RO          644    !!!scatter          c_w.l(__scatter.o)
    0x000002a8   0x0000001a   Code   RO          646    !!handler_copy      c_w.l(__scatter_copy.o)
    0x000002c2   0x00000002   PAD
    0x000002c4   0x0000001c   Code   RO          648    !!handler_zi        c_w.l(__scatter_zi.o)
    0x000002e0   0x00000002   Code   RO          514    .ARM.Collect$$libinit$$00000000  c_w.l(libinit.o)
    0x000002e2   0x00000000   Code   RO          521    .ARM.Collect$$libinit$$00000002  c_w.l(libinit2.o)
    0x000002e2   0x00000000   Code   RO          523    .ARM.Collect$$libinit$$00000004  c_w.l(libinit2.o)
    0x000002e2   0x00000000   Code   RO          526    .ARM.Collect$$libinit$$0000000A  c_w.l(libinit2.o)
    0x000002e2   0x00000000   Code   RO          528    .ARM.Collect$$libinit$$0000000C  c_w.l(libinit2.o)
    0x000002e2   0x00000000   Code   RO          530    .ARM.Collect$$libinit$$0000000E  c_w.l(libinit2.o)
    0x000002e2   0x00000000   Code   RO          533    .ARM.Collect$$libinit$$00000011  c_w.l(libinit2.o)
    0x000002e2   0x00000000   Code   RO          535    .ARM.Collect$$libinit$$00000013  c_w.l(libinit2.o)
    0x000002e2   0x00000000   Code   RO          537    .ARM.Collect$$libinit$$00000015  c_w.l(libinit2.o)
    0x000002e2   0x00000000   Code   RO          539    .ARM.Collect$$libinit$$00000017  c_w.l(libinit2.o)
    0x000002e2   0x00000000   Code   RO          541    .ARM.Collect$$libinit$$00000019  c_w.l(libinit2.o)
    0x000002e2   0x00000000   Code   RO          543    .ARM.Collect$$libinit$$0000001B  c_w.l(libinit2.o)
    0x000002e2   0x00000000   Code   RO          545    .ARM.Collect$$libinit$$0000001D  c_w.l(libinit2.o)
    0x000002e2   0x00000000   Code   RO          547    .ARM.Collect$$libinit$$0000001F  c_w.l(libinit2.o)
    0x000002e2   0x00000000   Code   RO          549    .ARM.Collect$$libinit$$00000021  c_w.l(libinit2.o)
    0x000002e2   0x00000000   Code   RO          551    .ARM.Collect$$libinit$$00000023  c_w.l(libinit2.o)
    0x000002e2   0x00000000   Code   RO          553    .ARM.Collect$$libinit$$00000025  c_w.l(libinit2.o)
    0x000002e2   0x00000000   Code   RO          557    .ARM.Collect$$libinit$$0000002C  c_w.l(libinit2.o)
    0x000002e2   0x00000000   Code   RO          559    .ARM.Collect$$libinit$$0000002E  c_w.l(libinit2.o)
    0x000002e2   0x00000000   Code   RO          561    .ARM.Collect$$libinit$$00000030  c_w.l(libinit2.o)
    0x000002e2   0x00000000   Code   RO          563    .ARM.Collect$$libinit$$00000032  c_w.l(libinit2.o)
    0x000002e2   0x00000002   Code   RO          564    .ARM.Collect$$libinit$$00000033  c_w.l(libinit2.o)
    0x000002e4   0x00000002   Code   RO          584    .ARM.Collect$$libshutdown$$00000000  c_w.l(libshutdown.o)
    0x000002e6   0x00000000   Code   RO          597    .ARM.Collect$$libshutdown$$00000002  c_w.l(libshutdown2.o)
    0x000002e6   0x00000000   Code   RO          599    .ARM.Collect$$libshutdown$$00000004  c_w.l(libshutdown2.o)
    0x000002e6   0x00000000   Code   RO          602    .ARM.Collect$$libshutdown$$00000007  c_w.l(libshutdown2.o)
    0x000002e6   0x00000000   Code   RO          605    .ARM.Collect$$libshutdown$$0000000A  c_w.l(libshutdown2.o)
    0x000002e6   0x00000000   Code   RO          607    .ARM.Collect$$libshutdown$$0000000C  c_w.l(libshutdown2.o)
    0x000002e6   0x00000000   Code   RO          610    .ARM.Collect$$libshutdown$$0000000F  c_w.l(libshutdown2.o)
    0x000002e6   0x00000002   Code   RO          611    .ARM.Collect$$libshutdown$$00000010  c_w.l(libshutdown2.o)
    0x000002e8   0x00000000   Code   RO          489    .ARM.Collect$$rtentry$$00000000  c_w.l(__rtentry.o)
    0x000002e8   0x00000000   Code   RO          491    .ARM.Collect$$rtentry$$00000002  c_w.l(__rtentry2.o)
    0x000002e8   0x00000006   Code   RO          503    .ARM.Collect$$rtentry$$00000004  c_w.l(__rtentry4.o)
    0x000002ee   0x00000000   Code   RO          493    .ARM.Collect$$rtentry$$00000009  c_w.l(__rtentry2.o)
    0x000002ee   0x00000004   Code   RO          494    .ARM.Collect$$rtentry$$0000000A  c_w.l(__rtentry2.o)
    0x000002f2   0x00000000   Code   RO          496    .ARM.Collect$$rtentry$$0000000C  c_w.l(__rtentry2.o)
    0x000002f2   0x00000008   Code   RO          497    .ARM.Collect$$rtentry$$0000000D  c_w.l(__rtentry2.o)
    0x000002fa   0x00000002   Code   RO          518    .ARM.Collect$$rtexit$$00000000  c_w.l(rtexit.o)
    0x000002fc   0x00000000   Code   RO          566    .ARM.Collect$$rtexit$$00000002  c_w.l(rtexit2.o)
    0x000002fc   0x00000004   Code   RO          567    .ARM.Collect$$rtexit$$00000003  c_w.l(rtexit2.o)
    0x00000300   0x00000006   Code   RO          568    .ARM.Collect$$rtexit$$00000004  c_w.l(rtexit2.o)
    0x00000306   0x00000002   PAD
    0x00000308   0x00000006   Code   RO          184    .emb_text           cortexm.o
    0x0000030e   0x00000002   PAD
    0x00000310   0x00000124   Code   RO          416  * .text               startup_tm4c123.o
    0x00000434   0x00000006   Code   RO          485    .text               c_w.l(heapauxi.o)
    0x0000043a   0x0000004a   Code   RO          505    .text               c_w.l(sys_stackheap_outer.o)
    0x00000484   0x00000012   Code   RO          507    .text               c_w.l(exit.o)
    0x00000496   0x00000002   PAD
    0x00000498   0x00000008   Code   RO          515    .text               c_w.l(libspace.o)
    0x000004a0   0x0000000c   Code   RO          576    .text               c_w.l(sys_exit.o)
    0x000004ac   0x00000002   Code   RO          587    .text               c_w.l(use_no_semi.o)
    0x000004ae   0x00000000   Code   RO          589    .text               c_w.l(indicate_semi.o)
    0x000004ae   0x00000002   PAD
    0x000004b0   0x00000064   Code   RO           45    i.AP_EchoReceived   ap.o
    0x00000514   0x00000054   Code   RO           46    i.AP_EchoSendMessage  ap.o
    0x00000568   0x0000000e   Code   RO           48    i.AP_GetSize        ap.o
    0x00000576   0x00000002   PAD
    0x00000578   0x000000e8   Code   RO           51    i.AP_Init           ap.o
    0x00000660   0x00000134   Code   RO           52    i.AP_RecvMessage    ap.o
    0x00000794   0x00000010   Code   RO           53    i.AP_RecvStatus     ap.o
    0x000007a4   0x00000028   Code   RO           55    i.AP_Reset          ap.o
    0x000007cc   0x000000d4   Code   RO           56    i.AP_SendMessage    ap.o
    0x000008a0   0x0000003a   Code   RO           57    i.AP_SendMessageResponse  ap.o
    0x000008da   0x00000016   Code   RO          185    i.Clock_Delay1ms    cortexm.o
    0x000008f0   0x0000008c   Code   RO          370    i.Clock_InitFastest  clock.o
    0x0000097c   0x0000013c   Code   RO          201    i.GPIO_Init         gpio.o
    0x00000ab8   0x0000005c   Code   RO          389    i.LaunchPad_Init    launchpad.o
    0x00000b14   0x00000018   Code   RO          390    i.LaunchPad_Input   launchpad.o
    0x00000b2c   0x0000000c   Code   RO          391    i.LaunchPad_Output  launchpad.o
    0x00000b38   0x00000014   Code   RO            1    i.OutValue          verysimpleapplicationprocessor.o
    0x00000b4c   0x00000038   Code   RO          291    i.RxFifo_Get        uart1.o
    0x00000b84   0x0000001c   Code   RO          292    i.RxFifo_Init       uart1.o
    0x00000ba0   0x00000048   Code   RO          293    i.RxFifo_Put        uart1.o
    0x00000be8   0x0000009c   Code   RO          220    i.UART0_Init        uart0.o
    0x00000c84   0x00000018   Code   RO          221    i.UART0_OutChar     uart0.o
    0x00000c9c   0x00000018   Code   RO          222    i.UART0_OutString   uart0.o
    0x00000cb4   0x00000034   Code   RO          224    i.UART0_OutUHex     uart0.o
    0x00000ce8   0x00000014   Code   RO          225    i.UART0_OutUHex2    uart0.o
    0x00000cfc   0x00000024   Code   RO          294    i.UART1_FinishOutput  uart1.o
    0x00000d20   0x00000030   Code   RO          295    i.UART1_Handler     uart1.o
    0x00000d50   0x00000014   Code   RO          296    i.UART1_InChar      uart1.o
    0x00000d64   0x00000018   Code   RO          297    i.UART1_InStatus    uart1.o
    0x00000d7c   0x000000cc   Code   RO          298    i.UART1_Init        uart1.o
    0x00000e48   0x00000018   Code   RO          299    i.UART1_OutChar     uart1.o
    0x00000e60   0x00000028   Code   RO          301    i.copyHardwareToSoftware  uart1.o
    0x00000e88   0x000005a4   Code   RO            2    i.main              verysimpleapplicationprocessor.o
    0x0000142c   0x00000020   Code   RO          226    i.outnibble         uart0.o
    0x0000144c   0x000000fb   Data   RO            3    .constdata          verysimpleapplicationprocessor.o
    0x00001547   0x00000001   PAD
    0x00001548   0x00000074   Data   RO           61    .constdata          ap.o
    0x000015bc   0x00000020   Data   RO          642    Region$$Table       anon$$obj.o


    Execution Region ER_RW (Base: 0x20000000, Size: 0x00000124, Max: 0xffffffff, ABSOLUTE)

    Base Addr    Size         Type   Attr      Idx    E Section Name        Object

    0x20000000   0x0000004b   Data   RW            4    .data               verysimpleapplicationprocessor.o
    0x2000004b   0x00000001   PAD
    0x2000004c   0x000000c8   Data   RW           62    .data               ap.o
    0x20000114   0x0000000c   Data   RW          303    .data               uart1.o
    0x20000120   0x00000004   Data   RW          371    .data               clock.o


    Execution Region ER_ZI (Base: 0x20000124, Size: 0x000004d4, Max: 0xffffffff, ABSOLUTE)

    Base Addr    Size         Type   Attr      Idx    E Section Name        Object

    0x20000124   0x00000170   Zero   RW           60    .bss                ap.o
    0x20000294   0x00000100   Zero   RW          302    .bss                uart1.o
    0x20000394   0x00000060   Zero   RW          516    .bss                c_w.l(libspace.o)
    0x200003f4   0x00000004   PAD
    0x200003f8   0x00000000   Zero   RW          414    HEAP                startup_tm4c123.o
    0x200003f8   0x00000200   Zero   RW          413    STACK               startup_tm4c123.o


==============================================================================

Image component sizes


      Code (inc. data)   RO Data    RW Data    ZI Data      Debug   Object Name

      1064        130        116        200        368       9137   ap.o
       140         14          0          4          0        668   clock.o
        28          0          0          0          0        873   cortexm.o
       316         42          0          0          0        488   gpio.o
       128         30          0          0          0       1394   launchpad.o
       292         18        620          0        512       5688   startup_tm4c123.o
       308         24          0          0          0       2932   uart0.o
       552         92          0         12        256       6036   uart1.o
      1464        604        251         75          0       8504   verysimpleapplicationprocessor.o

    ----------------------------------------------------------------------
      4296        954       1020        292       1136      35720   Object Totals
         0          0         32          0          0          0   (incl. Generated)
         4          0          1          1          0          0   (incl. Padding)

    ----------------------------------------------------------------------

      Code (inc. data)   RO Data    RW Data    ZI Data      Debug   Library Member Name

         8          0          0          0          0         68   __main.o
         0          0          0          0          0          0   __rtentry.o
        12          0          0          0          0          0   __rtentry2.o
         6          0          0          0          0          0   __rtentry4.o
        52          8          0          0          0          0   __scatter.o
        26          0          0          0          0          0   __scatter_copy.o
        28          0          0          0          0          0   __scatter_zi.o
        18          0          0          0          0         80   exit.o
         6          0          0          0          0        152   heapauxi.o
         0          0          0          0          0          0   indicate_semi.o
         2          0          0          0          0          0   libinit.o
         2          0          0          0          0          0   libinit2.o
         2          0          0          0          0          0   libshutdown.o
         2          0          0          0          0          0   libshutdown2.o
         8          4          0          0         96         68   libspace.o
         2          0          0          0          0          0   rtexit.o
        10          0          0          0          0          0   rtexit2.o
        12          4          0          0          0         68   sys_exit.o
        74          0          0          0          0         80   sys_stackheap_outer.o
         2          0          0          0          0         68   use_no_semi.o

    ----------------------------------------------------------------------
       280         16          0          0        100        584   Library Totals
         8          0          0          0          4          0   (incl. Padding)

    ----------------------------------------------------------------------

      Code (inc. data)   RO Data    RW Data    ZI Data      Debug   Library Name

       272         16          0          0         96        584   c_w.l

    ----------------------------------------------------------------------
       280         16          0          0        100        584   Library Totals

    ----------------------------------------------------------------------

==============================================================================


      Code (inc. data)   RO Data    RW Data    ZI Data      Debug   

      4576        970       1020        292       1236      34584   Grand Totals
      4576        970       1020        292       1236      34584   ELF Image Totals
      4576        970       1020        292          0          0   ROM Totals

==============================================================================

    Total RO  Size (Code + RO Data)                 5596 (   5.46kB)
    Total RW  Size (RW Data + ZI Data)              1528 (   1.49kB)
    Total ROM Size (Code + RO Data + RW Data)       5888 (   5.75kB)

==============================================================================

